[0.135s] DEBUG:colcon:Command line arguments: ['/usr/bin/colcon', 'build']
[0.135s] DEBUG:colcon:Parsed command line arguments: Namespace(log_base=None, log_level=None, verb_name='build', build_base='build', install_base='install', merge_install=False, symlink_install=False, test_result_base=None, continue_on_error=False, executor='parallel', parallel_workers=16, event_handlers=None, ignore_user_meta=False, metas=['./colcon.meta'], base_paths=['.'], packages_ignore=None, packages_ignore_regex=None, paths=None, packages_up_to=None, packages_up_to_regex=None, packages_above=None, packages_above_and_dependencies=None, packages_above_depth=None, packages_select_by_dep=None, packages_skip_by_dep=None, packages_skip_up_to=None, packages_select_build_failed=False, packages_skip_build_finished=False, packages_select_test_failures=False, packages_skip_test_passed=False, packages_select=None, packages_skip=None, packages_select_regex=None, packages_skip_regex=None, packages_start=None, packages_end=None, cmake_args=None, cmake_target=None, cmake_target_skip_unavailable=False, cmake_clean_cache=False, cmake_clean_first=False, cmake_force_configure=False, ament_cmake_args=None, catkin_cmake_args=None, catkin_skip_building_tests=False, mixin_files=None, mixin=None, verb_parser=<colcon_mixin.mixin.mixin_argument.MixinArgumentDecorator object at 0x7f72c9a23eb0>, verb_extension=<colcon_core.verb.build.BuildVerb object at 0x7f72c9a23820>, main=<bound method BuildVerb.main of <colcon_core.verb.build.BuildVerb object at 0x7f72c9a23820>>, mixin_verb=('build',))
[0.285s] Level 1:colcon.colcon_core.package_discovery:discover_packages(colcon_meta) check parameters
[0.286s] INFO:colcon.colcon_metadata.package_discovery.colcon_meta:Using configuration from '/root/.colcon/metadata/default/Gazebo.meta'
[0.286s] INFO:colcon.colcon_metadata.package_discovery.colcon_meta:Using configuration from '/root/.colcon/metadata/default/fastrtps.meta'
[0.287s] Level 1:colcon.colcon_core.package_discovery:discover_packages(recursive) check parameters
[0.287s] Level 1:colcon.colcon_core.package_discovery:discover_packages(ignore) check parameters
[0.287s] Level 1:colcon.colcon_core.package_discovery:discover_packages(path) check parameters
[0.287s] Level 1:colcon.colcon_core.package_discovery:discover_packages(colcon_meta) discover
[0.287s] Level 1:colcon.colcon_core.package_discovery:discover_packages(recursive) discover
[0.287s] INFO:colcon.colcon_core.package_discovery:Crawling recursively for packages in '/d2lros2/chap3/chapt3_ws/src'
[0.287s] Level 1:colcon.colcon_core.package_identification:_identify(.) by extensions ['ignore', 'ignore_ament_install']
[0.287s] Level 1:colcon.colcon_core.package_identification:_identify(.) by extension 'ignore'
[0.287s] Level 1:colcon.colcon_core.package_identification:_identify(.) by extension 'ignore_ament_install'
[0.287s] Level 1:colcon.colcon_core.package_identification:_identify(.) by extensions ['colcon_pkg']
[0.287s] Level 1:colcon.colcon_core.package_identification:_identify(.) by extension 'colcon_pkg'
[0.287s] Level 1:colcon.colcon_core.package_identification:_identify(.) by extensions ['colcon_meta']
[0.287s] Level 1:colcon.colcon_core.package_identification:_identify(.) by extension 'colcon_meta'
[0.287s] Level 1:colcon.colcon_core.package_identification:_identify(.) by extensions ['ros']
[0.287s] Level 1:colcon.colcon_core.package_identification:_identify(.) by extension 'ros'
[0.296s] Level 1:colcon.colcon_core.package_identification:_identify(.) by extensions ['cmake', 'python']
[0.296s] Level 1:colcon.colcon_core.package_identification:_identify(.) by extension 'cmake'
[0.296s] Level 1:colcon.colcon_core.package_identification:_identify(.) by extension 'python'
[0.296s] Level 1:colcon.colcon_core.package_identification:_identify(.) by extensions ['python_setup_py']
[0.296s] Level 1:colcon.colcon_core.package_identification:_identify(.) by extension 'python_setup_py'
[0.296s] Level 1:colcon.colcon_core.package_identification:_identify(build) by extensions ['ignore', 'ignore_ament_install']
[0.296s] Level 1:colcon.colcon_core.package_identification:_identify(build) by extension 'ignore'
[0.296s] Level 1:colcon.colcon_core.package_identification:_identify(build) ignored
[0.296s] Level 1:colcon.colcon_core.package_identification:_identify(example_topic_rclcpp) by extensions ['ignore', 'ignore_ament_install']
[0.296s] Level 1:colcon.colcon_core.package_identification:_identify(example_topic_rclcpp) by extension 'ignore'
[0.296s] Level 1:colcon.colcon_core.package_identification:_identify(example_topic_rclcpp) by extension 'ignore_ament_install'
[0.296s] Level 1:colcon.colcon_core.package_identification:_identify(example_topic_rclcpp) by extensions ['colcon_pkg']
[0.296s] Level 1:colcon.colcon_core.package_identification:_identify(example_topic_rclcpp) by extension 'colcon_pkg'
[0.296s] Level 1:colcon.colcon_core.package_identification:_identify(example_topic_rclcpp) by extensions ['colcon_meta']
[0.296s] Level 1:colcon.colcon_core.package_identification:_identify(example_topic_rclcpp) by extension 'colcon_meta'
[0.296s] Level 1:colcon.colcon_core.package_identification:_identify(example_topic_rclcpp) by extensions ['ros']
[0.297s] Level 1:colcon.colcon_core.package_identification:_identify(example_topic_rclcpp) by extension 'ros'
[0.298s] DEBUG:colcon.colcon_core.package_identification:Package 'example_topic_rclcpp' with type 'ros.ament_cmake' and name 'example_topic_rclcpp'
[0.299s] Level 1:colcon.colcon_core.package_identification:_identify(install) by extensions ['ignore', 'ignore_ament_install']
[0.299s] Level 1:colcon.colcon_core.package_identification:_identify(install) by extension 'ignore'
[0.299s] Level 1:colcon.colcon_core.package_identification:_identify(install) ignored
[0.299s] Level 1:colcon.colcon_core.package_identification:_identify(log) by extensions ['ignore', 'ignore_ament_install']
[0.299s] Level 1:colcon.colcon_core.package_identification:_identify(log) by extension 'ignore'
[0.299s] Level 1:colcon.colcon_core.package_identification:_identify(log) ignored
[0.299s] Level 1:colcon.colcon_core.package_discovery:discover_packages(recursive) using defaults
[0.299s] Level 1:colcon.colcon_core.package_discovery:discover_packages(ignore) discover
[0.299s] Level 1:colcon.colcon_core.package_discovery:discover_packages(ignore) using defaults
[0.299s] Level 1:colcon.colcon_core.package_discovery:discover_packages(path) discover
[0.299s] Level 1:colcon.colcon_core.package_discovery:discover_packages(path) using defaults
[0.318s] Level 5:colcon.colcon_core.verb:set package 'example_topic_rclcpp' build argument 'cmake_args' from command line to 'None'
[0.318s] Level 5:colcon.colcon_core.verb:set package 'example_topic_rclcpp' build argument 'cmake_target' from command line to 'None'
[0.318s] Level 5:colcon.colcon_core.verb:set package 'example_topic_rclcpp' build argument 'cmake_target_skip_unavailable' from command line to 'False'
[0.318s] Level 5:colcon.colcon_core.verb:set package 'example_topic_rclcpp' build argument 'cmake_clean_cache' from command line to 'False'
[0.318s] Level 5:colcon.colcon_core.verb:set package 'example_topic_rclcpp' build argument 'cmake_clean_first' from command line to 'False'
[0.318s] Level 5:colcon.colcon_core.verb:set package 'example_topic_rclcpp' build argument 'cmake_force_configure' from command line to 'False'
[0.318s] Level 5:colcon.colcon_core.verb:set package 'example_topic_rclcpp' build argument 'ament_cmake_args' from command line to 'None'
[0.318s] Level 5:colcon.colcon_core.verb:set package 'example_topic_rclcpp' build argument 'catkin_cmake_args' from command line to 'None'
[0.318s] Level 5:colcon.colcon_core.verb:set package 'example_topic_rclcpp' build argument 'catkin_skip_building_tests' from command line to 'False'
[0.318s] DEBUG:colcon.colcon_core.verb:Building package 'example_topic_rclcpp' with the following arguments: {'ament_cmake_args': None, 'build_base': '/d2lros2/chap3/chapt3_ws/src/build/example_topic_rclcpp', 'catkin_cmake_args': None, 'catkin_skip_building_tests': False, 'cmake_args': None, 'cmake_clean_cache': False, 'cmake_clean_first': False, 'cmake_force_configure': False, 'cmake_target': None, 'cmake_target_skip_unavailable': False, 'install_base': '/d2lros2/chap3/chapt3_ws/src/install/example_topic_rclcpp', 'merge_install': False, 'path': '/d2lros2/chap3/chapt3_ws/src/example_topic_rclcpp', 'symlink_install': False, 'test_result_base': None}
[0.318s] INFO:colcon.colcon_core.executor:Executing jobs using 'parallel' executor
[0.319s] DEBUG:colcon.colcon_parallel_executor.executor.parallel:run_until_complete
[0.319s] INFO:colcon.colcon_ros.task.ament_cmake.build:Building ROS package in '/d2lros2/chap3/chapt3_ws/src/example_topic_rclcpp' with build type 'ament_cmake'
[0.319s] INFO:colcon.colcon_cmake.task.cmake.build:Building CMake package in '/d2lros2/chap3/chapt3_ws/src/example_topic_rclcpp'
[0.324s] INFO:colcon.colcon_core.plugin_system:Skipping extension 'colcon_core.shell.bat': Not used on non-Windows systems
[0.324s] INFO:colcon.colcon_core.shell:Skip shell extension 'powershell' for command environment: Not usable outside of PowerShell
[0.324s] DEBUG:colcon.colcon_core.shell:Skip shell extension 'dsv' for command environment
[0.332s] DEBUG:colcon.colcon_core.event_handler.log_command:Invoking command in '/d2lros2/chap3/chapt3_ws/src/build/example_topic_rclcpp': CMAKE_PREFIX_PATH=/opt/ros/humble /usr/bin/cmake --build /d2lros2/chap3/chapt3_ws/src/build/example_topic_rclcpp -- -j16 -l16
[0.624s] DEBUG:colcon.colcon_core.event_handler.log_command:Invoked command in '/d2lros2/chap3/chapt3_ws/src/build/example_topic_rclcpp' returned '2': CMAKE_PREFIX_PATH=/opt/ros/humble /usr/bin/cmake --build /d2lros2/chap3/chapt3_ws/src/build/example_topic_rclcpp -- -j16 -l16
[0.636s] Level 1:colcon.colcon_core.environment:create_environment_scripts_only(example_topic_rclcpp)
[0.640s] Level 1:colcon.colcon_core.environment:checking '/d2lros2/chap3/chapt3_ws/src/install/example_topic_rclcpp' for CMake module files
[0.641s] Level 1:colcon.colcon_core.environment:checking '/d2lros2/chap3/chapt3_ws/src/install/example_topic_rclcpp' for CMake config files
[0.641s] Level 1:colcon.colcon_core.environment:checking '/d2lros2/chap3/chapt3_ws/src/install/example_topic_rclcpp/bin'
[0.641s] Level 1:colcon.colcon_core.environment:checking '/d2lros2/chap3/chapt3_ws/src/install/example_topic_rclcpp/lib/pkgconfig/example_topic_rclcpp.pc'
[0.643s] Level 1:colcon.colcon_core.environment:checking '/d2lros2/chap3/chapt3_ws/src/install/example_topic_rclcpp/lib/python3.10/site-packages'
[0.643s] Level 1:colcon.colcon_core.environment:checking '/d2lros2/chap3/chapt3_ws/src/install/example_topic_rclcpp/bin'
[0.643s] INFO:colcon.colcon_core.shell:Creating package script '/d2lros2/chap3/chapt3_ws/src/install/example_topic_rclcpp/share/example_topic_rclcpp/package.ps1'
[0.644s] INFO:colcon.colcon_core.shell:Creating package descriptor '/d2lros2/chap3/chapt3_ws/src/install/example_topic_rclcpp/share/example_topic_rclcpp/package.dsv'
[0.644s] INFO:colcon.colcon_core.shell:Creating package script '/d2lros2/chap3/chapt3_ws/src/install/example_topic_rclcpp/share/example_topic_rclcpp/package.sh'
[0.645s] INFO:colcon.colcon_core.shell:Creating package script '/d2lros2/chap3/chapt3_ws/src/install/example_topic_rclcpp/share/example_topic_rclcpp/package.bash'
[0.645s] INFO:colcon.colcon_core.shell:Creating package script '/d2lros2/chap3/chapt3_ws/src/install/example_topic_rclcpp/share/example_topic_rclcpp/package.zsh'
[0.646s] Level 1:colcon.colcon_core.environment:create_file_with_runtime_dependencies(/d2lros2/chap3/chapt3_ws/src/install/example_topic_rclcpp/share/colcon-core/packages/example_topic_rclcpp)
[0.656s] DEBUG:colcon.colcon_parallel_executor.executor.parallel:closing loop
[0.656s] DEBUG:colcon.colcon_parallel_executor.executor.parallel:loop closed
[0.657s] DEBUG:colcon.colcon_parallel_executor.executor.parallel:run_until_complete finished with '2'
[0.657s] DEBUG:colcon.colcon_core.event_reactor:joining thread
[0.666s] INFO:colcon.colcon_core.plugin_system:Skipping extension 'colcon_notification.desktop_notification.notify_send': Could not find 'notify-send'
[0.666s] INFO:colcon.colcon_core.plugin_system:Skipping extension 'colcon_notification.desktop_notification.terminal_notifier': Not used on non-Darwin systems
[0.666s] INFO:colcon.colcon_core.plugin_system:Skipping extension 'colcon_notification.desktop_notification.win32': Not used on non-Windows systems
[0.666s] INFO:colcon.colcon_notification.desktop_notification:Sending desktop notification using 'notify2'
[0.668s] DEBUG:colcon.colcon_notification.desktop_notification.notify2:Failed to initialize notify2: org.freedesktop.DBus.Error.Spawn.ExecFailed: /usr/bin/dbus-launch terminated abnormally without any error message
[0.668s] DEBUG:colcon.colcon_core.event_reactor:joined thread
[0.668s] INFO:colcon.colcon_core.shell:Creating prefix script '/d2lros2/chap3/chapt3_ws/src/install/local_setup.ps1'
[0.669s] INFO:colcon.colcon_core.shell:Creating prefix util module '/d2lros2/chap3/chapt3_ws/src/install/_local_setup_util_ps1.py'
[0.670s] INFO:colcon.colcon_core.shell:Creating prefix chain script '/d2lros2/chap3/chapt3_ws/src/install/setup.ps1'
[0.671s] INFO:colcon.colcon_core.shell:Creating prefix script '/d2lros2/chap3/chapt3_ws/src/install/local_setup.sh'
[0.671s] INFO:colcon.colcon_core.shell:Creating prefix util module '/d2lros2/chap3/chapt3_ws/src/install/_local_setup_util_sh.py'
[0.671s] INFO:colcon.colcon_core.shell:Creating prefix chain script '/d2lros2/chap3/chapt3_ws/src/install/setup.sh'
[0.672s] INFO:colcon.colcon_core.shell:Creating prefix script '/d2lros2/chap3/chapt3_ws/src/install/local_setup.bash'
[0.673s] INFO:colcon.colcon_core.shell:Creating prefix chain script '/d2lros2/chap3/chapt3_ws/src/install/setup.bash'
[0.673s] INFO:colcon.colcon_core.shell:Creating prefix script '/d2lros2/chap3/chapt3_ws/src/install/local_setup.zsh'
[0.674s] INFO:colcon.colcon_core.shell:Creating prefix chain script '/d2lros2/chap3/chapt3_ws/src/install/setup.zsh'
