[0.019s] Invoking command in '/d2lros2/chap3/chapt3_ws/build/example_service_rclcpp': CMAKE_PREFIX_PATH=${CMAKE_PREFIX_PATH}:/d2lros2/chap3/chapt3_ws/install/example_topic_rclpy:/opt/ros/humble /usr/bin/cmake --build /d2lros2/chap3/chapt3_ws/build/example_service_rclcpp -- -j16 -l16
[0.085s] -- Found ament_cmake: 1.3.10 (/opt/ros/humble/share/ament_cmake/cmake)
[0.182s] -- Found rclcpp: 16.0.10 (/opt/ros/humble/share/rclcpp/cmake)
[0.222s] -- Found rosidl_generator_c: 3.1.5 (/opt/ros/humble/share/rosidl_generator_c/cmake)
[0.225s] -- Found rosidl_adapter: 3.1.5 (/opt/ros/humble/share/rosidl_adapter/cmake)
[0.232s] -- Found rosidl_generator_cpp: 3.1.5 (/opt/ros/humble/share/rosidl_generator_cpp/cmake)
[0.242s] -- Using all available rosidl_typesupport_c: rosidl_typesupport_fastrtps_c;rosidl_typesupport_introspection_c
[0.253s] -- Using all available rosidl_typesupport_cpp: rosidl_typesupport_fastrtps_cpp;rosidl_typesupport_introspection_cpp
[0.287s] -- Found rmw_implementation_cmake: 6.1.2 (/opt/ros/humble/share/rmw_implementation_cmake/cmake)
[0.289s] -- Found rmw_fastrtps_cpp: 6.2.7 (/opt/ros/humble/share/rmw_fastrtps_cpp/cmake)
[0.369s] -- Using RMW implementation 'rmw_fastrtps_cpp' as default
[0.422s] -- Found example_interfaces: 0.9.3 (/opt/ros/humble/share/example_interfaces/cmake)
[0.466s] -- Found ament_lint_auto: 0.12.11 (/opt/ros/humble/share/ament_lint_auto/cmake)
[0.517s] -- Added test 'cppcheck' to perform static code analysis on C / C++ code
[0.517s] -- Configured cppcheck include dirs: 
[0.517s] -- Configured cppcheck exclude dirs and/or files: 
[0.518s] -- Added test 'lint_cmake' to check CMake code style
[0.519s] -- Added test 'uncrustify' to check C / C++ code style
[0.519s] -- Configured uncrustify additional arguments: 
[0.519s] -- Added test 'xmllint' to check XML markup files
[0.522s] -- Configuring done
[0.537s] -- Generating done
[0.538s] -- Build files have been written to: /d2lros2/chap3/chapt3_ws/build/example_service_rclcpp
[0.556s] [35m[1mConsolidate compiler generated dependencies of target service_server_01[0m
[0.556s] [35m[1mConsolidate compiler generated dependencies of target service_client_01[0m
[0.571s] [ 50%] [32mBuilding CXX object CMakeFiles/service_server_01.dir/src/service_server_01.cpp.o[0m
[0.571s] [ 50%] [32mBuilding CXX object CMakeFiles/service_client_01.dir/src/service_client_01.cpp.o[0m
[3.003s] [ 75%] [32m[1mLinking CXX executable service_server_01[0m
[3.040s] [100%] [32m[1mLinking CXX executable service_client_01[0m
[3.129s] [100%] Built target service_server_01
[3.131s] [100%] Built target service_client_01
[3.136s] Invoked command in '/d2lros2/chap3/chapt3_ws/build/example_service_rclcpp' returned '0': CMAKE_PREFIX_PATH=${CMAKE_PREFIX_PATH}:/d2lros2/chap3/chapt3_ws/install/example_topic_rclpy:/opt/ros/humble /usr/bin/cmake --build /d2lros2/chap3/chapt3_ws/build/example_service_rclcpp -- -j16 -l16
[3.156s] Invoking command in '/d2lros2/chap3/chapt3_ws/build/example_service_rclcpp': CMAKE_PREFIX_PATH=${CMAKE_PREFIX_PATH}:/d2lros2/chap3/chapt3_ws/install/example_topic_rclpy:/opt/ros/humble /usr/bin/cmake --install /d2lros2/chap3/chapt3_ws/build/example_service_rclcpp
[3.159s] -- Install configuration: ""
[3.159s] -- Installing: /d2lros2/chap3/chapt3_ws/install/example_service_rclcpp/share/ament_index/resource_index/package_run_dependencies/example_service_rclcpp
[3.159s] -- Installing: /d2lros2/chap3/chapt3_ws/install/example_service_rclcpp/share/ament_index/resource_index/parent_prefix_path/example_service_rclcpp
[3.160s] -- Up-to-date: /d2lros2/chap3/chapt3_ws/install/example_service_rclcpp/share/example_service_rclcpp/environment/ament_prefix_path.sh
[3.160s] -- Installing: /d2lros2/chap3/chapt3_ws/install/example_service_rclcpp/share/example_service_rclcpp/environment/ament_prefix_path.dsv
[3.160s] -- Up-to-date: /d2lros2/chap3/chapt3_ws/install/example_service_rclcpp/share/example_service_rclcpp/environment/path.sh
[3.160s] -- Installing: /d2lros2/chap3/chapt3_ws/install/example_service_rclcpp/share/example_service_rclcpp/environment/path.dsv
[3.161s] -- Up-to-date: /d2lros2/chap3/chapt3_ws/install/example_service_rclcpp/share/example_service_rclcpp/local_setup.bash
[3.161s] -- Up-to-date: /d2lros2/chap3/chapt3_ws/install/example_service_rclcpp/share/example_service_rclcpp/local_setup.sh
[3.161s] -- Up-to-date: /d2lros2/chap3/chapt3_ws/install/example_service_rclcpp/share/example_service_rclcpp/local_setup.zsh
[3.161s] -- Installing: /d2lros2/chap3/chapt3_ws/install/example_service_rclcpp/share/example_service_rclcpp/local_setup.dsv
[3.161s] -- Installing: /d2lros2/chap3/chapt3_ws/install/example_service_rclcpp/share/example_service_rclcpp/package.dsv
[3.161s] -- Up-to-date: /d2lros2/chap3/chapt3_ws/install/example_service_rclcpp/share/ament_index/resource_index/packages/example_service_rclcpp
[3.161s] -- Up-to-date: /d2lros2/chap3/chapt3_ws/install/example_service_rclcpp/share/example_service_rclcpp/cmake/example_service_rclcppConfig.cmake
[3.161s] -- Up-to-date: /d2lros2/chap3/chapt3_ws/install/example_service_rclcpp/share/example_service_rclcpp/cmake/example_service_rclcppConfig-version.cmake
[3.161s] -- Installing: /d2lros2/chap3/chapt3_ws/install/example_service_rclcpp/share/example_service_rclcpp/package.xml
[3.162s] -- Installing: /d2lros2/chap3/chapt3_ws/install/example_service_rclcpp/lib/example_service_rclcpp/service_server_01
[3.163s] -- Set runtime path of "/d2lros2/chap3/chapt3_ws/install/example_service_rclcpp/lib/example_service_rclcpp/service_server_01" to ""
[3.163s] -- Installing: /d2lros2/chap3/chapt3_ws/install/example_service_rclcpp/lib/example_service_rclcpp/service_client_01
[3.164s] -- Set runtime path of "/d2lros2/chap3/chapt3_ws/install/example_service_rclcpp/lib/example_service_rclcpp/service_client_01" to ""
[3.165s] Invoked command in '/d2lros2/chap3/chapt3_ws/build/example_service_rclcpp' returned '0': CMAKE_PREFIX_PATH=${CMAKE_PREFIX_PATH}:/d2lros2/chap3/chapt3_ws/install/example_topic_rclpy:/opt/ros/humble /usr/bin/cmake --install /d2lros2/chap3/chapt3_ws/build/example_service_rclcpp
