-- Found ament_cmake: 1.3.10 (/opt/ros/humble/share/ament_cmake/cmake)
-- Found rclcpp: 16.0.10 (/opt/ros/humble/share/rclcpp/cmake)
-- Found rosidl_generator_c: 3.1.5 (/opt/ros/humble/share/rosidl_generator_c/cmake)
-- Found rosidl_adapter: 3.1.5 (/opt/ros/humble/share/rosidl_adapter/cmake)
-- Found rosidl_generator_cpp: 3.1.5 (/opt/ros/humble/share/rosidl_generator_cpp/cmake)
-- Using all available rosidl_typesupport_c: rosidl_typesupport_fastrtps_c;rosidl_typesupport_introspection_c
-- Using all available rosidl_typesupport_cpp: rosidl_typesupport_fastrtps_cpp;rosidl_typesupport_introspection_cpp
-- Found rmw_implementation_cmake: 6.1.2 (/opt/ros/humble/share/rmw_implementation_cmake/cmake)
-- Found rmw_fastrtps_cpp: 6.2.7 (/opt/ros/humble/share/rmw_fastrtps_cpp/cmake)
-- Using RMW implementation 'rmw_fastrtps_cpp' as default
-- Found ament_lint_auto: 0.12.11 (/opt/ros/humble/share/ament_lint_auto/cmake)
-- Added test 'cppcheck' to perform static code analysis on C / C++ code
-- Configured cppcheck include dirs: 
-- Configured cppcheck exclude dirs and/or files: 
-- Added test 'lint_cmake' to check CMake code style
-- Added test 'uncrustify' to check C / C++ code style
-- Configured uncrustify additional arguments: 
-- Added test 'xmllint' to check XML markup files
-- Configuring done
-- Generating done
-- Build files have been written to: /d2lros2/chap3/chapt3_ws/build/example_topic_rclcpp
[35m[1mConsolidate compiler generated dependencies of target topic_publisher_01[0m
[ 25%] [32mBuilding CXX object CMakeFiles/topic_subscribe_01.dir/src/topic_subscribe_01.cpp.o[0m
[ 75%] Built target topic_publisher_01
[01m[K/d2lros2/chap3/chapt3_ws/src/example_topic_rclcpp/src/topic_subscribe_01.cpp:4:34:[m[K [01;31m[Kerror: [m[Kexpected class-name before ‘[01m[Krclcpp[m[K’
    4 | class Topicsubscribe01 : publish [01;31m[Krclcpp[m[K::Node
      |                                  [01;31m[K^~~~~~[m[K
[01m[K/d2lros2/chap3/chapt3_ws/src/example_topic_rclcpp/src/topic_subscribe_01.cpp:4:34:[m[K [01;31m[Kerror: [m[Kexpected ‘[01m[K{[m[K’ before ‘[01m[Krclcpp[m[K’
[01m[K/d2lros2/chap3/chapt3_ws/src/example_topic_rclcpp/src/topic_subscribe_01.cpp:6:5:[m[K [01;31m[Kerror: [m[Kexpected primary-expression before ‘[01m[Kpublic[m[K’
    6 |     [01;31m[Kpublic[m[K:
      |     [01;31m[K^~~~~~[m[K
[01m[K/d2lros2/chap3/chapt3_ws/src/example_topic_rclcpp/src/topic_subscribe_01.cpp:6:5:[m[K [01;31m[Kerror: [m[Kexpected ‘[01m[K}[m[K’ before ‘[01m[Kpublic[m[K’
[01m[K/d2lros2/chap3/chapt3_ws/src/example_topic_rclcpp/src/topic_subscribe_01.cpp:5:1:[m[K [01;36m[Knote: [m[Kto match this ‘[01m[K{[m[K’
    5 | [01;36m[K{[m[K
      | [01;36m[K^[m[K
[01m[K/d2lros2/chap3/chapt3_ws/src/example_topic_rclcpp/src/topic_subscribe_01.cpp:11:5:[m[K [01;31m[Kerror: [m[Kexpected unqualified-id before ‘[01m[Kprivate[m[K’
   11 |     [01;31m[Kprivate[m[K:
      |     [01;31m[K^~~~~~~[m[K
[01m[K/d2lros2/chap3/chapt3_ws/src/example_topic_rclcpp/src/topic_subscribe_01.cpp:13:1:[m[K [01;31m[Kerror: [m[Kexpected declaration before ‘[01m[K}[m[K’ token
   13 | [01;31m[K}[m[K;
      | [01;31m[K^[m[K
[01m[K/d2lros2/chap3/chapt3_ws/src/example_topic_rclcpp/src/topic_subscribe_01.cpp:[m[K In function ‘[01m[Kint main(int, char**)[m[K’:
[01m[K/d2lros2/chap3/chapt3_ws/src/example_topic_rclcpp/src/topic_subscribe_01.cpp:18:17:[m[K [01;31m[Kerror: [m[Kno matching function for call to ‘[01m[Kspin(std::shared_ptr<Topicsubscribe01>&)[m[K’
   18 |     [01;31m[Krclcpp::spin(node)[m[K;
      |     [01;31m[K~~~~~~~~~~~~^~~~~~[m[K
In file included from [01m[K/opt/ros/humble/include/rclcpp/rclcpp/rclcpp.hpp:155[m[K,
                 from [01m[K/d2lros2/chap3/chapt3_ws/src/example_topic_rclcpp/src/topic_subscribe_01.cpp:1[m[K:
[01m[K/opt/ros/humble/include/rclcpp/rclcpp/executors.hpp:45:1:[m[K [01;36m[Knote: [m[Kcandidate: ‘[01m[Kvoid rclcpp::spin(rclcpp::node_interfaces::NodeBaseInterface::SharedPtr)[m[K’
   45 | [01;36m[Kspin[m[K(rclcpp::node_interfaces::NodeBaseInterface::SharedPtr node_ptr);
      | [01;36m[K^~~~[m[K
[01m[K/opt/ros/humble/include/rclcpp/rclcpp/executors.hpp:45:60:[m[K [01;36m[Knote: [m[K  no known conversion for argument 1 from ‘[01m[Kshared_ptr<[01;32m[KTopicsubscribe01[m[K>[m[K’ to ‘[01m[Kshared_ptr<[01;32m[Krclcpp::node_interfaces::NodeBaseInterface[m[K>[m[K’
   45 | spin([01;36m[Krclcpp::node_interfaces::NodeBaseInterface::SharedPtr node_ptr[m[K);
      |      [01;36m[K~~~~~~~~~~~~~~~~~~~~~~~~~~~~~~~~~~~~~~~~~~~~~~~~~~~~~~^~~~~~~~[m[K
[01m[K/opt/ros/humble/include/rclcpp/rclcpp/executors.hpp:49:1:[m[K [01;36m[Knote: [m[Kcandidate: ‘[01m[Kvoid rclcpp::spin(rclcpp::Node::SharedPtr)[m[K’
   49 | [01;36m[Kspin[m[K(rclcpp::Node::SharedPtr node_ptr);
      | [01;36m[K^~~~[m[K
[01m[K/opt/ros/humble/include/rclcpp/rclcpp/executors.hpp:49:30:[m[K [01;36m[Knote: [m[K  no known conversion for argument 1 from ‘[01m[Kshared_ptr<[01;32m[KTopicsubscribe01[m[K>[m[K’ to ‘[01m[Kshared_ptr<[01;32m[Krclcpp::Node[m[K>[m[K’
   49 | spin([01;36m[Krclcpp::Node::SharedPtr node_ptr[m[K);
      |      [01;36m[K~~~~~~~~~~~~~~~~~~~~~~~~^~~~~~~~[m[K
In file included from [01m[K/usr/include/c++/11/bits/shared_ptr_base.h:60[m[K,
                 from [01m[K/usr/include/c++/11/bits/shared_ptr.h:53[m[K,
                 from [01m[K/usr/include/c++/11/memory:77[m[K,
                 from [01m[K/opt/ros/humble/include/rclcpp/rclcpp/rclcpp.hpp:153[m[K,
                 from [01m[K/d2lros2/chap3/chapt3_ws/src/example_topic_rclcpp/src/topic_subscribe_01.cpp:1[m[K:
/usr/include/c++/11/ext/aligned_buffer.h: In instantiation of ‘[01m[Kstruct __gnu_cxx::__aligned_buffer<Topicsubscribe01>[m[K’:
[01m[K/usr/include/c++/11/bits/shared_ptr_base.h:506:35:[m[K   required from ‘[01m[Kclass std::_Sp_counted_ptr_inplace<Topicsubscribe01, std::allocator<Topicsubscribe01>, __gnu_cxx::_S_atomic>::_Impl[m[K’
[01m[K/usr/include/c++/11/bits/shared_ptr_base.h:567:13:[m[K   required from ‘[01m[Kclass std::_Sp_counted_ptr_inplace<Topicsubscribe01, std::allocator<Topicsubscribe01>, __gnu_cxx::_S_atomic>[m[K’
[01m[K/usr/include/c++/11/bits/shared_ptr_base.h:647:43:[m[K   required from ‘[01m[Kstd::__shared_count<_Lp>::__shared_count(_Tp*&, std::_Sp_alloc_shared_tag<_Alloc>, _Args&& ...) [with _Tp = Topicsubscribe01; _Alloc = std::allocator<Topicsubscribe01>; _Args = {const char (&)[19]}; __gnu_cxx::_Lock_policy _Lp = __gnu_cxx::_S_atomic][m[K’
[01m[K/usr/include/c++/11/bits/shared_ptr_base.h:1342:14:[m[K   required from ‘[01m[Kstd::__shared_ptr<_Tp, _Lp>::__shared_ptr(std::_Sp_alloc_shared_tag<_Tp>, _Args&& ...) [with _Alloc = std::allocator<Topicsubscribe01>; _Args = {const char (&)[19]}; _Tp = Topicsubscribe01; __gnu_cxx::_Lock_policy _Lp = __gnu_cxx::_S_atomic][m[K’
[01m[K/usr/include/c++/11/bits/shared_ptr.h:409:59:[m[K   required from ‘[01m[Kstd::shared_ptr<_Tp>::shared_ptr(std::_Sp_alloc_shared_tag<_Tp>, _Args&& ...) [with _Alloc = std::allocator<Topicsubscribe01>; _Args = {const char (&)[19]}; _Tp = Topicsubscribe01][m[K’
[01m[K/usr/include/c++/11/bits/shared_ptr.h:862:14:[m[K   required from ‘[01m[Kstd::shared_ptr<_Tp> std::allocate_shared(const _Alloc&, _Args&& ...) [with _Tp = Topicsubscribe01; _Alloc = std::allocator<Topicsubscribe01>; _Args = {const char (&)[19]}][m[K’
[01m[K/usr/include/c++/11/bits/shared_ptr.h:878:39:[m[K   required from ‘[01m[Kstd::shared_ptr<_Tp> std::make_shared(_Args&& ...) [with _Tp = Topicsubscribe01; _Args = {const char (&)[19]}][m[K’
[01m[K/d2lros2/chap3/chapt3_ws/src/example_topic_rclcpp/src/topic_subscribe_01.cpp:17:51:[m[K   required from here
[01m[K/usr/include/c++/11/ext/aligned_buffer.h:91:28:[m[K [01;31m[Kerror: [m[Kinvalid application of ‘[01m[Ksizeof[m[K’ to incomplete type ‘[01m[KTopicsubscribe01[m[K’
   91 |     : std::aligned_storage<[01;31m[Ksizeof(_Tp)[m[K, __alignof__(_Tp)>
      |                            [01;31m[K^~~~~~~~~~~[m[K
[01m[K/usr/include/c++/11/ext/aligned_buffer.h:91:28:[m[K [01;31m[Kerror: [m[Kinvalid application of ‘[01m[Ksizeof[m[K’ to incomplete type ‘[01m[KTopicsubscribe01[m[K’
gmake[2]: *** [CMakeFiles/topic_subscribe_01.dir/build.make:76: CMakeFiles/topic_subscribe_01.dir/src/topic_subscribe_01.cpp.o] Error 1
gmake[1]: *** [CMakeFiles/Makefile2:165: CMakeFiles/topic_subscribe_01.dir/all] Error 2
gmake: *** [Makefile:146: all] Error 2
