[0.238s] DEBUG:colcon:Command line arguments: ['/usr/bin/colcon', 'build', '--packages-select', 'example_topic_rclcpp']
[0.238s] DEBUG:colcon:Parsed command line arguments: Namespace(log_base=None, log_level=None, verb_name='build', build_base='build', install_base='install', merge_install=False, symlink_install=False, test_result_base=None, continue_on_error=False, executor='parallel', parallel_workers=16, event_handlers=None, ignore_user_meta=False, metas=['./colcon.meta'], base_paths=['.'], packages_ignore=None, packages_ignore_regex=None, paths=None, packages_up_to=None, packages_up_to_regex=None, packages_above=None, packages_above_and_dependencies=None, packages_above_depth=None, packages_select_by_dep=None, packages_skip_by_dep=None, packages_skip_up_to=None, packages_select_build_failed=False, packages_skip_build_finished=False, packages_select_test_failures=False, packages_skip_test_passed=False, packages_select=['example_topic_rclcpp'], packages_skip=None, packages_select_regex=None, packages_skip_regex=None, packages_start=None, packages_end=None, cmake_args=None, cmake_target=None, cmake_target_skip_unavailable=False, cmake_clean_cache=False, cmake_clean_first=False, cmake_force_configure=False, ament_cmake_args=None, catkin_cmake_args=None, catkin_skip_building_tests=False, mixin_files=None, mixin=None, verb_parser=<colcon_mixin.mixin.mixin_argument.MixinArgumentDecorator object at 0x7f5b5185fee0>, verb_extension=<colcon_core.verb.build.BuildVerb object at 0x7f5b5185f850>, main=<bound method BuildVerb.main of <colcon_core.verb.build.BuildVerb object at 0x7f5b5185f850>>, mixin_verb=('build',))
[0.599s] Level 1:colcon.colcon_core.package_discovery:discover_packages(colcon_meta) check parameters
[0.601s] INFO:colcon.colcon_metadata.package_discovery.colcon_meta:Using configuration from '/root/.colcon/metadata/default/Gazebo.meta'
[0.602s] INFO:colcon.colcon_metadata.package_discovery.colcon_meta:Using configuration from '/root/.colcon/metadata/default/fastrtps.meta'
[0.602s] Level 1:colcon.colcon_core.package_discovery:discover_packages(recursive) check parameters
[0.602s] Level 1:colcon.colcon_core.package_discovery:discover_packages(ignore) check parameters
[0.602s] Level 1:colcon.colcon_core.package_discovery:discover_packages(path) check parameters
[0.602s] Level 1:colcon.colcon_core.package_discovery:discover_packages(colcon_meta) discover
[0.602s] Level 1:colcon.colcon_core.package_discovery:discover_packages(recursive) discover
[0.603s] INFO:colcon.colcon_core.package_discovery:Crawling recursively for packages in '/d2lros2/chap3/chapt3_ws'
[0.603s] Level 1:colcon.colcon_core.package_identification:_identify(.) by extensions ['ignore', 'ignore_ament_install']
[0.603s] Level 1:colcon.colcon_core.package_identification:_identify(.) by extension 'ignore'
[0.603s] Level 1:colcon.colcon_core.package_identification:_identify(.) by extension 'ignore_ament_install'
[0.604s] Level 1:colcon.colcon_core.package_identification:_identify(.) by extensions ['colcon_pkg']
[0.604s] Level 1:colcon.colcon_core.package_identification:_identify(.) by extension 'colcon_pkg'
[0.604s] Level 1:colcon.colcon_core.package_identification:_identify(.) by extensions ['colcon_meta']
[0.604s] Level 1:colcon.colcon_core.package_identification:_identify(.) by extension 'colcon_meta'
[0.604s] Level 1:colcon.colcon_core.package_identification:_identify(.) by extensions ['ros']
[0.604s] Level 1:colcon.colcon_core.package_identification:_identify(.) by extension 'ros'
[0.630s] Level 1:colcon.colcon_core.package_identification:_identify(.) by extensions ['cmake', 'python']
[0.631s] Level 1:colcon.colcon_core.package_identification:_identify(.) by extension 'cmake'
[0.631s] Level 1:colcon.colcon_core.package_identification:_identify(.) by extension 'python'
[0.631s] Level 1:colcon.colcon_core.package_identification:_identify(.) by extensions ['python_setup_py']
[0.631s] Level 1:colcon.colcon_core.package_identification:_identify(.) by extension 'python_setup_py'
[0.631s] Level 1:colcon.colcon_core.package_identification:_identify(build) by extensions ['ignore', 'ignore_ament_install']
[0.631s] Level 1:colcon.colcon_core.package_identification:_identify(build) by extension 'ignore'
[0.632s] Level 1:colcon.colcon_core.package_identification:_identify(build) ignored
[0.632s] Level 1:colcon.colcon_core.package_identification:_identify(install) by extensions ['ignore', 'ignore_ament_install']
[0.632s] Level 1:colcon.colcon_core.package_identification:_identify(install) by extension 'ignore'
[0.632s] Level 1:colcon.colcon_core.package_identification:_identify(install) ignored
[0.633s] Level 1:colcon.colcon_core.package_identification:_identify(log) by extensions ['ignore', 'ignore_ament_install']
[0.633s] Level 1:colcon.colcon_core.package_identification:_identify(log) by extension 'ignore'
[0.633s] Level 1:colcon.colcon_core.package_identification:_identify(log) ignored
[0.634s] Level 1:colcon.colcon_core.package_identification:_identify(src) by extensions ['ignore', 'ignore_ament_install']
[0.634s] Level 1:colcon.colcon_core.package_identification:_identify(src) by extension 'ignore'
[0.634s] Level 1:colcon.colcon_core.package_identification:_identify(src) by extension 'ignore_ament_install'
[0.634s] Level 1:colcon.colcon_core.package_identification:_identify(src) by extensions ['colcon_pkg']
[0.634s] Level 1:colcon.colcon_core.package_identification:_identify(src) by extension 'colcon_pkg'
[0.635s] Level 1:colcon.colcon_core.package_identification:_identify(src) by extensions ['colcon_meta']
[0.635s] Level 1:colcon.colcon_core.package_identification:_identify(src) by extension 'colcon_meta'
[0.635s] Level 1:colcon.colcon_core.package_identification:_identify(src) by extensions ['ros']
[0.635s] Level 1:colcon.colcon_core.package_identification:_identify(src) by extension 'ros'
[0.635s] Level 1:colcon.colcon_core.package_identification:_identify(src) by extensions ['cmake', 'python']
[0.635s] Level 1:colcon.colcon_core.package_identification:_identify(src) by extension 'cmake'
[0.635s] Level 1:colcon.colcon_core.package_identification:_identify(src) by extension 'python'
[0.636s] Level 1:colcon.colcon_core.package_identification:_identify(src) by extensions ['python_setup_py']
[0.636s] Level 1:colcon.colcon_core.package_identification:_identify(src) by extension 'python_setup_py'
[0.636s] Level 1:colcon.colcon_core.package_identification:_identify(src/example_topic_rclcpp) by extensions ['ignore', 'ignore_ament_install']
[0.636s] Level 1:colcon.colcon_core.package_identification:_identify(src/example_topic_rclcpp) by extension 'ignore'
[0.637s] Level 1:colcon.colcon_core.package_identification:_identify(src/example_topic_rclcpp) by extension 'ignore_ament_install'
[0.637s] Level 1:colcon.colcon_core.package_identification:_identify(src/example_topic_rclcpp) by extensions ['colcon_pkg']
[0.637s] Level 1:colcon.colcon_core.package_identification:_identify(src/example_topic_rclcpp) by extension 'colcon_pkg'
[0.637s] Level 1:colcon.colcon_core.package_identification:_identify(src/example_topic_rclcpp) by extensions ['colcon_meta']
[0.637s] Level 1:colcon.colcon_core.package_identification:_identify(src/example_topic_rclcpp) by extension 'colcon_meta'
[0.637s] Level 1:colcon.colcon_core.package_identification:_identify(src/example_topic_rclcpp) by extensions ['ros']
[0.637s] Level 1:colcon.colcon_core.package_identification:_identify(src/example_topic_rclcpp) by extension 'ros'
[0.643s] DEBUG:colcon.colcon_core.package_identification:Package 'src/example_topic_rclcpp' with type 'ros.ament_cmake' and name 'example_topic_rclcpp'
[0.643s] Level 1:colcon.colcon_core.package_discovery:discover_packages(recursive) using defaults
[0.643s] Level 1:colcon.colcon_core.package_discovery:discover_packages(ignore) discover
[0.644s] Level 1:colcon.colcon_core.package_discovery:discover_packages(ignore) using defaults
[0.644s] Level 1:colcon.colcon_core.package_discovery:discover_packages(path) discover
[0.644s] Level 1:colcon.colcon_core.package_discovery:discover_packages(path) using defaults
[0.688s] Level 5:colcon.colcon_core.verb:set package 'example_topic_rclcpp' build argument 'cmake_args' from command line to 'None'
[0.688s] Level 5:colcon.colcon_core.verb:set package 'example_topic_rclcpp' build argument 'cmake_target' from command line to 'None'
[0.688s] Level 5:colcon.colcon_core.verb:set package 'example_topic_rclcpp' build argument 'cmake_target_skip_unavailable' from command line to 'False'
[0.688s] Level 5:colcon.colcon_core.verb:set package 'example_topic_rclcpp' build argument 'cmake_clean_cache' from command line to 'False'
[0.689s] Level 5:colcon.colcon_core.verb:set package 'example_topic_rclcpp' build argument 'cmake_clean_first' from command line to 'False'
[0.689s] Level 5:colcon.colcon_core.verb:set package 'example_topic_rclcpp' build argument 'cmake_force_configure' from command line to 'False'
[0.689s] Level 5:colcon.colcon_core.verb:set package 'example_topic_rclcpp' build argument 'ament_cmake_args' from command line to 'None'
[0.689s] Level 5:colcon.colcon_core.verb:set package 'example_topic_rclcpp' build argument 'catkin_cmake_args' from command line to 'None'
[0.689s] Level 5:colcon.colcon_core.verb:set package 'example_topic_rclcpp' build argument 'catkin_skip_building_tests' from command line to 'False'
[0.689s] DEBUG:colcon.colcon_core.verb:Building package 'example_topic_rclcpp' with the following arguments: {'ament_cmake_args': None, 'build_base': '/d2lros2/chap3/chapt3_ws/build/example_topic_rclcpp', 'catkin_cmake_args': None, 'catkin_skip_building_tests': False, 'cmake_args': None, 'cmake_clean_cache': False, 'cmake_clean_first': False, 'cmake_force_configure': False, 'cmake_target': None, 'cmake_target_skip_unavailable': False, 'install_base': '/d2lros2/chap3/chapt3_ws/install/example_topic_rclcpp', 'merge_install': False, 'path': '/d2lros2/chap3/chapt3_ws/src/example_topic_rclcpp', 'symlink_install': False, 'test_result_base': None}
[0.689s] INFO:colcon.colcon_core.executor:Executing jobs using 'parallel' executor
[0.693s] DEBUG:colcon.colcon_parallel_executor.executor.parallel:run_until_complete
[0.693s] INFO:colcon.colcon_ros.task.ament_cmake.build:Building ROS package in '/d2lros2/chap3/chapt3_ws/src/example_topic_rclcpp' with build type 'ament_cmake'
[0.694s] INFO:colcon.colcon_cmake.task.cmake.build:Building CMake package in '/d2lros2/chap3/chapt3_ws/src/example_topic_rclcpp'
[0.702s] INFO:colcon.colcon_core.plugin_system:Skipping extension 'colcon_core.shell.bat': Not used on non-Windows systems
[0.703s] INFO:colcon.colcon_core.shell:Skip shell extension 'powershell' for command environment: Not usable outside of PowerShell
[0.703s] DEBUG:colcon.colcon_core.shell:Skip shell extension 'dsv' for command environment
[0.738s] DEBUG:colcon.colcon_core.event_handler.log_command:Invoking command in '/d2lros2/chap3/chapt3_ws/build/example_topic_rclcpp': CMAKE_PREFIX_PATH=/opt/ros/humble /usr/bin/cmake --build /d2lros2/chap3/chapt3_ws/build/example_topic_rclcpp -- -j16 -l16
[9.088s] DEBUG:colcon.colcon_core.event_handler.log_command:Invoked command in '/d2lros2/chap3/chapt3_ws/build/example_topic_rclcpp' returned '0': CMAKE_PREFIX_PATH=/opt/ros/humble /usr/bin/cmake --build /d2lros2/chap3/chapt3_ws/build/example_topic_rclcpp -- -j16 -l16
[9.164s] DEBUG:colcon.colcon_core.event_handler.log_command:Invoking command in '/d2lros2/chap3/chapt3_ws/build/example_topic_rclcpp': CMAKE_PREFIX_PATH=/opt/ros/humble /usr/bin/cmake --install /d2lros2/chap3/chapt3_ws/build/example_topic_rclcpp
[9.191s] Level 1:colcon.colcon_core.environment:create_environment_scripts_only(example_topic_rclcpp)
[9.192s] DEBUG:colcon.colcon_core.event_handler.log_command:Invoked command in '/d2lros2/chap3/chapt3_ws/build/example_topic_rclcpp' returned '0': CMAKE_PREFIX_PATH=/opt/ros/humble /usr/bin/cmake --install /d2lros2/chap3/chapt3_ws/build/example_topic_rclcpp
[9.200s] Level 1:colcon.colcon_core.environment:checking '/d2lros2/chap3/chapt3_ws/install/example_topic_rclcpp' for CMake module files
[9.203s] Level 1:colcon.colcon_core.environment:checking '/d2lros2/chap3/chapt3_ws/install/example_topic_rclcpp' for CMake config files
[9.204s] Level 1:colcon.colcon_core.shell:create_environment_hook('example_topic_rclcpp', 'cmake_prefix_path')
[9.205s] INFO:colcon.colcon_core.shell:Creating environment hook '/d2lros2/chap3/chapt3_ws/install/example_topic_rclcpp/share/example_topic_rclcpp/hook/cmake_prefix_path.ps1'
[9.208s] INFO:colcon.colcon_core.shell:Creating environment descriptor '/d2lros2/chap3/chapt3_ws/install/example_topic_rclcpp/share/example_topic_rclcpp/hook/cmake_prefix_path.dsv'
[9.209s] INFO:colcon.colcon_core.shell:Creating environment hook '/d2lros2/chap3/chapt3_ws/install/example_topic_rclcpp/share/example_topic_rclcpp/hook/cmake_prefix_path.sh'
[9.211s] Level 1:colcon.colcon_core.environment:checking '/d2lros2/chap3/chapt3_ws/install/example_topic_rclcpp/lib'
[9.212s] Level 1:colcon.colcon_core.environment:checking '/d2lros2/chap3/chapt3_ws/install/example_topic_rclcpp/bin'
[9.212s] Level 1:colcon.colcon_core.environment:checking '/d2lros2/chap3/chapt3_ws/install/example_topic_rclcpp/lib/pkgconfig/example_topic_rclcpp.pc'
[9.217s] Level 1:colcon.colcon_core.environment:checking '/d2lros2/chap3/chapt3_ws/install/example_topic_rclcpp/lib/python3.10/site-packages'
[9.217s] Level 1:colcon.colcon_core.environment:checking '/d2lros2/chap3/chapt3_ws/install/example_topic_rclcpp/bin'
[9.218s] INFO:colcon.colcon_core.shell:Creating package script '/d2lros2/chap3/chapt3_ws/install/example_topic_rclcpp/share/example_topic_rclcpp/package.ps1'
[9.221s] INFO:colcon.colcon_core.shell:Creating package descriptor '/d2lros2/chap3/chapt3_ws/install/example_topic_rclcpp/share/example_topic_rclcpp/package.dsv'
[9.223s] INFO:colcon.colcon_core.shell:Creating package script '/d2lros2/chap3/chapt3_ws/install/example_topic_rclcpp/share/example_topic_rclcpp/package.sh'
[9.226s] INFO:colcon.colcon_core.shell:Creating package script '/d2lros2/chap3/chapt3_ws/install/example_topic_rclcpp/share/example_topic_rclcpp/package.bash'
[9.228s] INFO:colcon.colcon_core.shell:Creating package script '/d2lros2/chap3/chapt3_ws/install/example_topic_rclcpp/share/example_topic_rclcpp/package.zsh'
[9.231s] Level 1:colcon.colcon_core.environment:create_file_with_runtime_dependencies(/d2lros2/chap3/chapt3_ws/install/example_topic_rclcpp/share/colcon-core/packages/example_topic_rclcpp)
[9.286s] Level 1:colcon.colcon_core.environment:create_environment_scripts_only(example_topic_rclcpp)
[9.287s] Level 1:colcon.colcon_core.environment:checking '/d2lros2/chap3/chapt3_ws/install/example_topic_rclcpp' for CMake module files
[9.287s] Level 1:colcon.colcon_core.environment:checking '/d2lros2/chap3/chapt3_ws/install/example_topic_rclcpp' for CMake config files
[9.288s] Level 1:colcon.colcon_core.shell:create_environment_hook('example_topic_rclcpp', 'cmake_prefix_path')
[9.288s] INFO:colcon.colcon_core.shell:Creating environment hook '/d2lros2/chap3/chapt3_ws/install/example_topic_rclcpp/share/example_topic_rclcpp/hook/cmake_prefix_path.ps1'
[9.290s] INFO:colcon.colcon_core.shell:Creating environment descriptor '/d2lros2/chap3/chapt3_ws/install/example_topic_rclcpp/share/example_topic_rclcpp/hook/cmake_prefix_path.dsv'
[9.290s] INFO:colcon.colcon_core.shell:Creating environment hook '/d2lros2/chap3/chapt3_ws/install/example_topic_rclcpp/share/example_topic_rclcpp/hook/cmake_prefix_path.sh'
[9.291s] Level 1:colcon.colcon_core.environment:checking '/d2lros2/chap3/chapt3_ws/install/example_topic_rclcpp/lib'
[9.292s] Level 1:colcon.colcon_core.environment:checking '/d2lros2/chap3/chapt3_ws/install/example_topic_rclcpp/bin'
[9.292s] Level 1:colcon.colcon_core.environment:checking '/d2lros2/chap3/chapt3_ws/install/example_topic_rclcpp/lib/pkgconfig/example_topic_rclcpp.pc'
[9.292s] Level 1:colcon.colcon_core.environment:checking '/d2lros2/chap3/chapt3_ws/install/example_topic_rclcpp/lib/python3.10/site-packages'
[9.293s] Level 1:colcon.colcon_core.environment:checking '/d2lros2/chap3/chapt3_ws/install/example_topic_rclcpp/bin'
[9.293s] INFO:colcon.colcon_core.shell:Creating package script '/d2lros2/chap3/chapt3_ws/install/example_topic_rclcpp/share/example_topic_rclcpp/package.ps1'
[9.294s] INFO:colcon.colcon_core.shell:Creating package descriptor '/d2lros2/chap3/chapt3_ws/install/example_topic_rclcpp/share/example_topic_rclcpp/package.dsv'
[9.295s] INFO:colcon.colcon_core.shell:Creating package script '/d2lros2/chap3/chapt3_ws/install/example_topic_rclcpp/share/example_topic_rclcpp/package.sh'
[9.296s] INFO:colcon.colcon_core.shell:Creating package script '/d2lros2/chap3/chapt3_ws/install/example_topic_rclcpp/share/example_topic_rclcpp/package.bash'
[9.297s] INFO:colcon.colcon_core.shell:Creating package script '/d2lros2/chap3/chapt3_ws/install/example_topic_rclcpp/share/example_topic_rclcpp/package.zsh'
[9.297s] Level 1:colcon.colcon_core.environment:create_file_with_runtime_dependencies(/d2lros2/chap3/chapt3_ws/install/example_topic_rclcpp/share/colcon-core/packages/example_topic_rclcpp)
[9.298s] DEBUG:colcon.colcon_parallel_executor.executor.parallel:closing loop
[9.300s] DEBUG:colcon.colcon_parallel_executor.executor.parallel:loop closed
[9.301s] DEBUG:colcon.colcon_parallel_executor.executor.parallel:run_until_complete finished with '0'
[9.301s] DEBUG:colcon.colcon_core.event_reactor:joining thread
[9.314s] INFO:colcon.colcon_core.plugin_system:Skipping extension 'colcon_notification.desktop_notification.notify_send': Could not find 'notify-send'
[9.314s] INFO:colcon.colcon_core.plugin_system:Skipping extension 'colcon_notification.desktop_notification.terminal_notifier': Not used on non-Darwin systems
[9.314s] INFO:colcon.colcon_core.plugin_system:Skipping extension 'colcon_notification.desktop_notification.win32': Not used on non-Windows systems
[9.314s] INFO:colcon.colcon_notification.desktop_notification:Sending desktop notification using 'notify2'
[9.318s] DEBUG:colcon.colcon_notification.desktop_notification.notify2:Failed to initialize notify2: org.freedesktop.DBus.Error.Spawn.ExecFailed: /usr/bin/dbus-launch terminated abnormally without any error message
[9.318s] DEBUG:colcon.colcon_core.event_reactor:joined thread
[9.320s] INFO:colcon.colcon_core.shell:Creating prefix script '/d2lros2/chap3/chapt3_ws/install/local_setup.ps1'
[9.322s] INFO:colcon.colcon_core.shell:Creating prefix util module '/d2lros2/chap3/chapt3_ws/install/_local_setup_util_ps1.py'
[9.325s] INFO:colcon.colcon_core.shell:Creating prefix chain script '/d2lros2/chap3/chapt3_ws/install/setup.ps1'
[9.327s] INFO:colcon.colcon_core.shell:Creating prefix script '/d2lros2/chap3/chapt3_ws/install/local_setup.sh'
[9.329s] INFO:colcon.colcon_core.shell:Creating prefix util module '/d2lros2/chap3/chapt3_ws/install/_local_setup_util_sh.py'
[9.330s] INFO:colcon.colcon_core.shell:Creating prefix chain script '/d2lros2/chap3/chapt3_ws/install/setup.sh'
[9.333s] INFO:colcon.colcon_core.shell:Creating prefix script '/d2lros2/chap3/chapt3_ws/install/local_setup.bash'
[9.334s] INFO:colcon.colcon_core.shell:Creating prefix chain script '/d2lros2/chap3/chapt3_ws/install/setup.bash'
[9.336s] INFO:colcon.colcon_core.shell:Creating prefix script '/d2lros2/chap3/chapt3_ws/install/local_setup.zsh'
[9.338s] INFO:colcon.colcon_core.shell:Creating prefix chain script '/d2lros2/chap3/chapt3_ws/install/setup.zsh'
