[0.113s] DEBUG:colcon:Command line arguments: ['/usr/bin/colcon', 'build', '--packages-select', 'example_topic_rclpy']
[0.114s] DEBUG:colcon:Parsed command line arguments: Namespace(log_base=None, log_level=None, verb_name='build', build_base='build', install_base='install', merge_install=False, symlink_install=False, test_result_base=None, continue_on_error=False, executor='parallel', parallel_workers=16, event_handlers=None, ignore_user_meta=False, metas=['./colcon.meta'], base_paths=['.'], packages_ignore=None, packages_ignore_regex=None, paths=None, packages_up_to=None, packages_up_to_regex=None, packages_above=None, packages_above_and_dependencies=None, packages_above_depth=None, packages_select_by_dep=None, packages_skip_by_dep=None, packages_skip_up_to=None, packages_select_build_failed=False, packages_skip_build_finished=False, packages_select_test_failures=False, packages_skip_test_passed=False, packages_select=['example_topic_rclpy'], packages_skip=None, packages_select_regex=None, packages_skip_regex=None, packages_start=None, packages_end=None, cmake_args=None, cmake_target=None, cmake_target_skip_unavailable=False, cmake_clean_cache=False, cmake_clean_first=False, cmake_force_configure=False, ament_cmake_args=None, catkin_cmake_args=None, catkin_skip_building_tests=False, mixin_files=None, mixin=None, verb_parser=<colcon_mixin.mixin.mixin_argument.MixinArgumentDecorator object at 0x7f3d2bf63eb0>, verb_extension=<colcon_core.verb.build.BuildVerb object at 0x7f3d2bf63820>, main=<bound method BuildVerb.main of <colcon_core.verb.build.BuildVerb object at 0x7f3d2bf63820>>, mixin_verb=('build',))
[0.283s] Level 1:colcon.colcon_core.package_discovery:discover_packages(colcon_meta) check parameters
[0.284s] INFO:colcon.colcon_metadata.package_discovery.colcon_meta:Using configuration from '/root/.colcon/metadata/default/Gazebo.meta'
[0.285s] INFO:colcon.colcon_metadata.package_discovery.colcon_meta:Using configuration from '/root/.colcon/metadata/default/fastrtps.meta'
[0.285s] Level 1:colcon.colcon_core.package_discovery:discover_packages(recursive) check parameters
[0.285s] Level 1:colcon.colcon_core.package_discovery:discover_packages(ignore) check parameters
[0.285s] Level 1:colcon.colcon_core.package_discovery:discover_packages(path) check parameters
[0.285s] Level 1:colcon.colcon_core.package_discovery:discover_packages(colcon_meta) discover
[0.285s] Level 1:colcon.colcon_core.package_discovery:discover_packages(recursive) discover
[0.285s] INFO:colcon.colcon_core.package_discovery:Crawling recursively for packages in '/d2lros2/chap3/chapt3_ws/src'
[0.285s] Level 1:colcon.colcon_core.package_identification:_identify(.) by extensions ['ignore', 'ignore_ament_install']
[0.285s] Level 1:colcon.colcon_core.package_identification:_identify(.) by extension 'ignore'
[0.285s] Level 1:colcon.colcon_core.package_identification:_identify(.) by extension 'ignore_ament_install'
[0.285s] Level 1:colcon.colcon_core.package_identification:_identify(.) by extensions ['colcon_pkg']
[0.285s] Level 1:colcon.colcon_core.package_identification:_identify(.) by extension 'colcon_pkg'
[0.285s] Level 1:colcon.colcon_core.package_identification:_identify(.) by extensions ['colcon_meta']
[0.285s] Level 1:colcon.colcon_core.package_identification:_identify(.) by extension 'colcon_meta'
[0.286s] Level 1:colcon.colcon_core.package_identification:_identify(.) by extensions ['ros']
[0.286s] Level 1:colcon.colcon_core.package_identification:_identify(.) by extension 'ros'
[0.296s] Level 1:colcon.colcon_core.package_identification:_identify(.) by extensions ['cmake', 'python']
[0.296s] Level 1:colcon.colcon_core.package_identification:_identify(.) by extension 'cmake'
[0.296s] Level 1:colcon.colcon_core.package_identification:_identify(.) by extension 'python'
[0.296s] Level 1:colcon.colcon_core.package_identification:_identify(.) by extensions ['python_setup_py']
[0.296s] Level 1:colcon.colcon_core.package_identification:_identify(.) by extension 'python_setup_py'
[0.297s] Level 1:colcon.colcon_core.package_identification:_identify(build) by extensions ['ignore', 'ignore_ament_install']
[0.297s] Level 1:colcon.colcon_core.package_identification:_identify(build) by extension 'ignore'
[0.297s] Level 1:colcon.colcon_core.package_identification:_identify(build) ignored
[0.297s] Level 1:colcon.colcon_core.package_identification:_identify(example_topic_rclcpp) by extensions ['ignore', 'ignore_ament_install']
[0.297s] Level 1:colcon.colcon_core.package_identification:_identify(example_topic_rclcpp) by extension 'ignore'
[0.298s] Level 1:colcon.colcon_core.package_identification:_identify(example_topic_rclcpp) by extension 'ignore_ament_install'
[0.298s] Level 1:colcon.colcon_core.package_identification:_identify(example_topic_rclcpp) by extensions ['colcon_pkg']
[0.298s] Level 1:colcon.colcon_core.package_identification:_identify(example_topic_rclcpp) by extension 'colcon_pkg'
[0.298s] Level 1:colcon.colcon_core.package_identification:_identify(example_topic_rclcpp) by extensions ['colcon_meta']
[0.298s] Level 1:colcon.colcon_core.package_identification:_identify(example_topic_rclcpp) by extension 'colcon_meta'
[0.298s] Level 1:colcon.colcon_core.package_identification:_identify(example_topic_rclcpp) by extensions ['ros']
[0.298s] Level 1:colcon.colcon_core.package_identification:_identify(example_topic_rclcpp) by extension 'ros'
[0.300s] DEBUG:colcon.colcon_core.package_identification:Package 'example_topic_rclcpp' with type 'ros.ament_cmake' and name 'example_topic_rclcpp'
[0.300s] Level 1:colcon.colcon_core.package_identification:_identify(example_topic_rclpy) by extensions ['ignore', 'ignore_ament_install']
[0.301s] Level 1:colcon.colcon_core.package_identification:_identify(example_topic_rclpy) by extension 'ignore'
[0.301s] Level 1:colcon.colcon_core.package_identification:_identify(example_topic_rclpy) by extension 'ignore_ament_install'
[0.301s] Level 1:colcon.colcon_core.package_identification:_identify(example_topic_rclpy) by extensions ['colcon_pkg']
[0.301s] Level 1:colcon.colcon_core.package_identification:_identify(example_topic_rclpy) by extension 'colcon_pkg'
[0.301s] Level 1:colcon.colcon_core.package_identification:_identify(example_topic_rclpy) by extensions ['colcon_meta']
[0.301s] Level 1:colcon.colcon_core.package_identification:_identify(example_topic_rclpy) by extension 'colcon_meta'
[0.301s] Level 1:colcon.colcon_core.package_identification:_identify(example_topic_rclpy) by extensions ['ros']
[0.301s] Level 1:colcon.colcon_core.package_identification:_identify(example_topic_rclpy) by extension 'ros'
[0.301s] DEBUG:colcon.colcon_core.package_identification:Package 'example_topic_rclpy' with type 'ros.ament_python' and name 'example_topic_rclpy'
[0.301s] Level 1:colcon.colcon_core.package_identification:_identify(install) by extensions ['ignore', 'ignore_ament_install']
[0.301s] Level 1:colcon.colcon_core.package_identification:_identify(install) by extension 'ignore'
[0.301s] Level 1:colcon.colcon_core.package_identification:_identify(install) ignored
[0.302s] Level 1:colcon.colcon_core.package_identification:_identify(log) by extensions ['ignore', 'ignore_ament_install']
[0.302s] Level 1:colcon.colcon_core.package_identification:_identify(log) by extension 'ignore'
[0.302s] Level 1:colcon.colcon_core.package_identification:_identify(log) ignored
[0.302s] Level 1:colcon.colcon_core.package_discovery:discover_packages(recursive) using defaults
[0.302s] Level 1:colcon.colcon_core.package_discovery:discover_packages(ignore) discover
[0.302s] Level 1:colcon.colcon_core.package_discovery:discover_packages(ignore) using defaults
[0.302s] Level 1:colcon.colcon_core.package_discovery:discover_packages(path) discover
[0.302s] Level 1:colcon.colcon_core.package_discovery:discover_packages(path) using defaults
[0.320s] INFO:colcon.colcon_core.package_selection:Skipping not selected package 'example_topic_rclcpp' in 'example_topic_rclcpp'
[0.321s] Level 5:colcon.colcon_core.verb:set package 'example_topic_rclpy' build argument 'cmake_args' from command line to 'None'
[0.321s] Level 5:colcon.colcon_core.verb:set package 'example_topic_rclpy' build argument 'cmake_target' from command line to 'None'
[0.321s] Level 5:colcon.colcon_core.verb:set package 'example_topic_rclpy' build argument 'cmake_target_skip_unavailable' from command line to 'False'
[0.321s] Level 5:colcon.colcon_core.verb:set package 'example_topic_rclpy' build argument 'cmake_clean_cache' from command line to 'False'
[0.321s] Level 5:colcon.colcon_core.verb:set package 'example_topic_rclpy' build argument 'cmake_clean_first' from command line to 'False'
[0.321s] Level 5:colcon.colcon_core.verb:set package 'example_topic_rclpy' build argument 'cmake_force_configure' from command line to 'False'
[0.321s] Level 5:colcon.colcon_core.verb:set package 'example_topic_rclpy' build argument 'ament_cmake_args' from command line to 'None'
[0.321s] Level 5:colcon.colcon_core.verb:set package 'example_topic_rclpy' build argument 'catkin_cmake_args' from command line to 'None'
[0.321s] Level 5:colcon.colcon_core.verb:set package 'example_topic_rclpy' build argument 'catkin_skip_building_tests' from command line to 'False'
[0.321s] DEBUG:colcon.colcon_core.verb:Building package 'example_topic_rclpy' with the following arguments: {'ament_cmake_args': None, 'build_base': '/d2lros2/chap3/chapt3_ws/src/build/example_topic_rclpy', 'catkin_cmake_args': None, 'catkin_skip_building_tests': False, 'cmake_args': None, 'cmake_clean_cache': False, 'cmake_clean_first': False, 'cmake_force_configure': False, 'cmake_target': None, 'cmake_target_skip_unavailable': False, 'install_base': '/d2lros2/chap3/chapt3_ws/src/install/example_topic_rclpy', 'merge_install': False, 'path': '/d2lros2/chap3/chapt3_ws/src/example_topic_rclpy', 'symlink_install': False, 'test_result_base': None}
[0.321s] INFO:colcon.colcon_core.executor:Executing jobs using 'parallel' executor
[0.321s] DEBUG:colcon.colcon_parallel_executor.executor.parallel:run_until_complete
[0.322s] INFO:colcon.colcon_ros.task.ament_python.build:Building ROS package in '/d2lros2/chap3/chapt3_ws/src/example_topic_rclpy' with build type 'ament_python'
[0.322s] Level 1:colcon.colcon_core.shell:create_environment_hook('example_topic_rclpy', 'ament_prefix_path')
[0.326s] INFO:colcon.colcon_core.plugin_system:Skipping extension 'colcon_core.shell.bat': Not used on non-Windows systems
[0.326s] INFO:colcon.colcon_core.shell:Creating environment hook '/d2lros2/chap3/chapt3_ws/src/install/example_topic_rclpy/share/example_topic_rclpy/hook/ament_prefix_path.ps1'
[0.327s] INFO:colcon.colcon_core.shell:Creating environment descriptor '/d2lros2/chap3/chapt3_ws/src/install/example_topic_rclpy/share/example_topic_rclpy/hook/ament_prefix_path.dsv'
[0.327s] INFO:colcon.colcon_core.shell:Creating environment hook '/d2lros2/chap3/chapt3_ws/src/install/example_topic_rclpy/share/example_topic_rclpy/hook/ament_prefix_path.sh'
[0.328s] INFO:colcon.colcon_core.shell:Skip shell extension 'powershell' for command environment: Not usable outside of PowerShell
[0.328s] DEBUG:colcon.colcon_core.shell:Skip shell extension 'dsv' for command environment
[0.466s] INFO:colcon.colcon_core.task.python.build:Building Python package in '/d2lros2/chap3/chapt3_ws/src/example_topic_rclpy'
[0.467s] INFO:colcon.colcon_core.shell:Skip shell extension 'powershell' for command environment: Not usable outside of PowerShell
[0.467s] DEBUG:colcon.colcon_core.shell:Skip shell extension 'dsv' for command environment
[0.665s] DEBUG:colcon.colcon_core.event_handler.log_command:Invoking command in '/d2lros2/chap3/chapt3_ws/src/example_topic_rclpy': PYTHONPATH=/d2lros2/chap3/chapt3_ws/src/build/example_topic_rclpy/prefix_override:/usr/lib/python3/dist-packages/colcon_core/task/python/colcon_distutils_commands:/d2lros2/chap3/chapt3_ws/src/install/example_topic_rclpy/lib/python3.10/site-packages:${PYTHONPATH} /usr/bin/python3 -W ignore:setup.py install is deprecated setup.py egg_info --egg-base ../build/example_topic_rclpy build --build-base /d2lros2/chap3/chapt3_ws/src/build/example_topic_rclpy/build install --record /d2lros2/chap3/chapt3_ws/src/build/example_topic_rclpy/install.log --single-version-externally-managed install_data
[0.815s] DEBUG:colcon.colcon_core.event_handler.log_command:Invoked command in '/d2lros2/chap3/chapt3_ws/src/example_topic_rclpy' returned '0': PYTHONPATH=/d2lros2/chap3/chapt3_ws/src/build/example_topic_rclpy/prefix_override:/usr/lib/python3/dist-packages/colcon_core/task/python/colcon_distutils_commands:/d2lros2/chap3/chapt3_ws/src/install/example_topic_rclpy/lib/python3.10/site-packages:${PYTHONPATH} /usr/bin/python3 -W ignore:setup.py install is deprecated setup.py egg_info --egg-base ../build/example_topic_rclpy build --build-base /d2lros2/chap3/chapt3_ws/src/build/example_topic_rclpy/build install --record /d2lros2/chap3/chapt3_ws/src/build/example_topic_rclpy/install.log --single-version-externally-managed install_data
[0.819s] Level 1:colcon.colcon_core.environment:checking '/d2lros2/chap3/chapt3_ws/src/install/example_topic_rclpy' for CMake module files
[0.819s] Level 1:colcon.colcon_core.environment:checking '/d2lros2/chap3/chapt3_ws/src/install/example_topic_rclpy' for CMake config files
[0.820s] Level 1:colcon.colcon_core.environment:checking '/d2lros2/chap3/chapt3_ws/src/install/example_topic_rclpy/lib'
[0.820s] Level 1:colcon.colcon_core.environment:checking '/d2lros2/chap3/chapt3_ws/src/install/example_topic_rclpy/bin'
[0.820s] Level 1:colcon.colcon_core.environment:checking '/d2lros2/chap3/chapt3_ws/src/install/example_topic_rclpy/lib/pkgconfig/example_topic_rclpy.pc'
[0.820s] Level 1:colcon.colcon_core.environment:checking '/d2lros2/chap3/chapt3_ws/src/install/example_topic_rclpy/lib/python3.10/site-packages'
[0.820s] Level 1:colcon.colcon_core.shell:create_environment_hook('example_topic_rclpy', 'pythonpath')
[0.820s] INFO:colcon.colcon_core.shell:Creating environment hook '/d2lros2/chap3/chapt3_ws/src/install/example_topic_rclpy/share/example_topic_rclpy/hook/pythonpath.ps1'
[0.821s] INFO:colcon.colcon_core.shell:Creating environment descriptor '/d2lros2/chap3/chapt3_ws/src/install/example_topic_rclpy/share/example_topic_rclpy/hook/pythonpath.dsv'
[0.821s] INFO:colcon.colcon_core.shell:Creating environment hook '/d2lros2/chap3/chapt3_ws/src/install/example_topic_rclpy/share/example_topic_rclpy/hook/pythonpath.sh'
[0.821s] Level 1:colcon.colcon_core.environment:checking '/d2lros2/chap3/chapt3_ws/src/install/example_topic_rclpy/bin'
[0.821s] Level 1:colcon.colcon_core.environment:create_environment_scripts_only(example_topic_rclpy)
[0.821s] INFO:colcon.colcon_core.shell:Creating package script '/d2lros2/chap3/chapt3_ws/src/install/example_topic_rclpy/share/example_topic_rclpy/package.ps1'
[0.822s] INFO:colcon.colcon_core.shell:Creating package descriptor '/d2lros2/chap3/chapt3_ws/src/install/example_topic_rclpy/share/example_topic_rclpy/package.dsv'
[0.823s] INFO:colcon.colcon_core.shell:Creating package script '/d2lros2/chap3/chapt3_ws/src/install/example_topic_rclpy/share/example_topic_rclpy/package.sh'
[0.823s] INFO:colcon.colcon_core.shell:Creating package script '/d2lros2/chap3/chapt3_ws/src/install/example_topic_rclpy/share/example_topic_rclpy/package.bash'
[0.824s] INFO:colcon.colcon_core.shell:Creating package script '/d2lros2/chap3/chapt3_ws/src/install/example_topic_rclpy/share/example_topic_rclpy/package.zsh'
[0.824s] Level 1:colcon.colcon_core.environment:create_file_with_runtime_dependencies(/d2lros2/chap3/chapt3_ws/src/install/example_topic_rclpy/share/colcon-core/packages/example_topic_rclpy)
[0.825s] DEBUG:colcon.colcon_parallel_executor.executor.parallel:closing loop
[0.825s] DEBUG:colcon.colcon_parallel_executor.executor.parallel:loop closed
[0.825s] DEBUG:colcon.colcon_parallel_executor.executor.parallel:run_until_complete finished with '0'
[0.825s] DEBUG:colcon.colcon_core.event_reactor:joining thread
[0.836s] INFO:colcon.colcon_core.plugin_system:Skipping extension 'colcon_notification.desktop_notification.notify_send': Could not find 'notify-send'
[0.836s] INFO:colcon.colcon_core.plugin_system:Skipping extension 'colcon_notification.desktop_notification.terminal_notifier': Not used on non-Darwin systems
[0.836s] INFO:colcon.colcon_core.plugin_system:Skipping extension 'colcon_notification.desktop_notification.win32': Not used on non-Windows systems
[0.836s] INFO:colcon.colcon_notification.desktop_notification:Sending desktop notification using 'notify2'
[0.837s] DEBUG:colcon.colcon_notification.desktop_notification.notify2:Failed to initialize notify2: org.freedesktop.DBus.Error.Spawn.ExecFailed: /usr/bin/dbus-launch terminated abnormally without any error message
[0.837s] DEBUG:colcon.colcon_core.event_reactor:joined thread
[0.838s] INFO:colcon.colcon_core.shell:Creating prefix script '/d2lros2/chap3/chapt3_ws/src/install/local_setup.ps1'
[0.839s] INFO:colcon.colcon_core.shell:Creating prefix util module '/d2lros2/chap3/chapt3_ws/src/install/_local_setup_util_ps1.py'
[0.839s] INFO:colcon.colcon_core.shell:Creating prefix chain script '/d2lros2/chap3/chapt3_ws/src/install/setup.ps1'
[0.840s] INFO:colcon.colcon_core.shell:Creating prefix script '/d2lros2/chap3/chapt3_ws/src/install/local_setup.sh'
[0.841s] INFO:colcon.colcon_core.shell:Creating prefix util module '/d2lros2/chap3/chapt3_ws/src/install/_local_setup_util_sh.py'
[0.841s] INFO:colcon.colcon_core.shell:Creating prefix chain script '/d2lros2/chap3/chapt3_ws/src/install/setup.sh'
[0.842s] INFO:colcon.colcon_core.shell:Creating prefix script '/d2lros2/chap3/chapt3_ws/src/install/local_setup.bash'
[0.842s] INFO:colcon.colcon_core.shell:Creating prefix chain script '/d2lros2/chap3/chapt3_ws/src/install/setup.bash'
[0.843s] INFO:colcon.colcon_core.shell:Creating prefix script '/d2lros2/chap3/chapt3_ws/src/install/local_setup.zsh'
[0.843s] INFO:colcon.colcon_core.shell:Creating prefix chain script '/d2lros2/chap3/chapt3_ws/src/install/setup.zsh'
