-- The C compiler identification is GNU 11.4.0
-- The CXX compiler identification is GNU 11.4.0
-- Detecting C compiler ABI info
-- Detecting C compiler ABI info - done
-- Check for working C compiler: /usr/bin/cc - skipped
-- Detecting C compile features
-- Detecting C compile features - done
-- Detecting CXX compiler ABI info
-- Detecting CXX compiler ABI info - done
-- Check for working CXX compiler: /usr/bin/c++ - skipped
-- Detecting CXX compile features
-- Detecting CXX compile features - done
-- Found ament_cmake: 1.3.10 (/opt/ros/humble/share/ament_cmake/cmake)
-- Found Python3: /usr/bin/python3 (found version "3.10.12") found components: Interpreter 
-- Found rclcpp: 16.0.10 (/opt/ros/humble/share/rclcpp/cmake)
-- Found rosidl_generator_c: 3.1.5 (/opt/ros/humble/share/rosidl_generator_c/cmake)
-- Found rosidl_adapter: 3.1.5 (/opt/ros/humble/share/rosidl_adapter/cmake)
-- Found rosidl_generator_cpp: 3.1.5 (/opt/ros/humble/share/rosidl_generator_cpp/cmake)
-- Using all available rosidl_typesupport_c: rosidl_typesupport_fastrtps_c;rosidl_typesupport_introspection_c
-- Using all available rosidl_typesupport_cpp: rosidl_typesupport_fastrtps_cpp;rosidl_typesupport_introspection_cpp
-- Found rmw_implementation_cmake: 6.1.2 (/opt/ros/humble/share/rmw_implementation_cmake/cmake)
-- Found rmw_fastrtps_cpp: 6.2.7 (/opt/ros/humble/share/rmw_fastrtps_cpp/cmake)
-- Found OpenSSL: /usr/lib/x86_64-linux-gnu/libcrypto.so (found version "3.0.2")  
-- Found FastRTPS: /opt/ros/humble/include  
-- Using RMW implementation 'rmw_fastrtps_cpp' as default
-- Looking for pthread.h
-- Looking for pthread.h - found
-- Performing Test CMAKE_HAVE_LIBC_PTHREAD
-- Performing Test CMAKE_HAVE_LIBC_PTHREAD - Success
-- Found Threads: TRUE  
-- Found ament_lint_auto: 0.12.11 (/opt/ros/humble/share/ament_lint_auto/cmake)
-- Added test 'cppcheck' to perform static code analysis on C / C++ code
-- Configured cppcheck include dirs: 
-- Configured cppcheck exclude dirs and/or files: 
-- Added test 'lint_cmake' to check CMake code style
-- Added test 'uncrustify' to check C / C++ code style
-- Configured uncrustify additional arguments: 
-- Added test 'xmllint' to check XML markup files
-- Configuring done
-- Generating done
-- Build files have been written to: /d2lros2/chap3/chapt3_ws/build/example_topic_rclcpp
[ 50%] [32mBuilding CXX object CMakeFiles/topic_publisher_01.dir/src/topic_publisher_01.cpp.o[0m
[01m[K/d2lros2/chap3/chapt3_ws/src/example_topic_rclcpp/src/topic_publisher_01.cpp:3:34:[m[K [01;31m[Kerror: [m[Kexpected class-name before ‘[01m[Krclcpp[m[K’
    3 | class TopicPublisher01 : publish [01;31m[Krclcpp[m[K:Node {
      |                                  [01;31m[K^~~~~~[m[K
[01m[K/d2lros2/chap3/chapt3_ws/src/example_topic_rclcpp/src/topic_publisher_01.cpp:3:34:[m[K [01;31m[Kerror: [m[Kexpected ‘[01m[K{[m[K’ before ‘[01m[Krclcpp[m[K’
[01m[K/d2lros2/chap3/chapt3_ws/src/example_topic_rclcpp/src/topic_publisher_01.cpp:3:40:[m[K [01;31m[Kerror: [m[Kfound ‘[01m[K:[m[K’ in nested-name-specifier, expected ‘[01m[K::[m[K’
    3 | class TopicPublisher01 : publish rclcpp[01;31m[K:[m[KNode {
      |                                        [01;31m[K^[m[K
      |                                        [32m[K::[m[K
[01m[K/d2lros2/chap3/chapt3_ws/src/example_topic_rclcpp/src/topic_publisher_01.cpp:4:5:[m[K [01;35m[Kwarning: [m[KISO C++ does not allow GNU designated initializers [[01;35m[K-Wpedantic[m[K]
    4 |     [01;35m[Kpublish[m[K:
      |     [01;35m[K^~~~~~~[m[K
[01m[K/d2lros2/chap3/chapt3_ws/src/example_topic_rclcpp/src/topic_publisher_01.cpp:5:38:[m[K [01;31m[Kerror: [m[Kinvalid use of incomplete type ‘[01m[Kclass TopicPublisher01[m[K’
    5 |     TopicPublisher01(std::string name[01;31m[K)[m[K : Node(name) {
      |                                      [01;31m[K^[m[K
[01m[K/d2lros2/chap3/chapt3_ws/src/example_topic_rclcpp/src/topic_publisher_01.cpp:3:7:[m[K [01;36m[Knote: [m[Kforward declaration of ‘[01m[Kclass TopicPublisher01[m[K’
    3 | class [01;36m[KTopicPublisher01[m[K : publish rclcpp:Node {
      |       [01;36m[K^~~~~~~~~~~~~~~~[m[K
[01m[K/d2lros2/chap3/chapt3_ws/src/example_topic_rclcpp/src/topic_publisher_01.cpp:5:21:[m[K [01;31m[Kerror: [m[Kexpected primary-expression before ‘[01m[K([m[K’ token
    5 |     TopicPublisher01[01;31m[K([m[Kstd::string name) : Node(name) {
      |                     [01;31m[K^[m[K
[01m[K/d2lros2/chap3/chapt3_ws/src/example_topic_rclcpp/src/topic_publisher_01.cpp:5:34:[m[K [01;31m[Kerror: [m[Kexpected primary-expression before ‘[01m[Kname[m[K’
    5 |     TopicPublisher01(std::string [01;31m[Kname[m[K) : Node(name) {
      |                                  [01;31m[K^~~~[m[K
[01m[K/d2lros2/chap3/chapt3_ws/src/example_topic_rclcpp/src/topic_publisher_01.cpp:5:40:[m[K [01;31m[Kerror: [m[Kexpected ‘[01m[K}[m[K’ before ‘[01m[K:[m[K’ token
    5 |     TopicPublisher01(std::string name) [01;31m[K:[m[K Node(name) {
      |                                        [01;31m[K^[m[K
[01m[K/d2lros2/chap3/chapt3_ws/src/example_topic_rclcpp/src/topic_publisher_01.cpp:3:46:[m[K [01;36m[Knote: [m[Kto match this ‘[01m[K{[m[K’
    3 | class TopicPublisher01 : publish rclcpp:Node [01;36m[K{[m[K
      |                                              [01;36m[K^[m[K
[01m[K/d2lros2/chap3/chapt3_ws/src/example_topic_rclcpp/src/topic_publisher_01.cpp:8:5:[m[K [01;31m[Kerror: [m[Kexpected unqualified-id before ‘[01m[Kprivate[m[K’
    8 |     [01;31m[Kprivate[m[K:
      |     [01;31m[K^~~~~~~[m[K
[01m[K/d2lros2/chap3/chapt3_ws/src/example_topic_rclcpp/src/topic_publisher_01.cpp:10:1:[m[K [01;31m[Kerror: [m[Kexpected declaration before ‘[01m[K}[m[K’ token
   10 | [01;31m[K}[m[K
      | [01;31m[K^[m[K
gmake[2]: *** [CMakeFiles/topic_publisher_01.dir/build.make:76: CMakeFiles/topic_publisher_01.dir/src/topic_publisher_01.cpp.o] Error 1
gmake[1]: *** [CMakeFiles/Makefile2:137: CMakeFiles/topic_publisher_01.dir/all] Error 2
gmake: *** [Makefile:146: all] Error 2
