[0.018s] Invoking command in '/d2lros2/chap3/chapt3_ws/build/example_topic_rclcpp': CMAKE_PREFIX_PATH=${CMAKE_PREFIX_PATH}:/d2lros2/chap2/chapt2_ws/install/example_py:/opt/ros/humble /usr/bin/cmake /d2lros2/chap3/chapt3_ws/src/example_topic_rclcpp -DCMAKE_INSTALL_PREFIX=/d2lros2/chap3/chapt3_ws/install/example_topic_rclcpp
[0.225s] -- The C compiler identification is GNU 11.4.0
[0.323s] -- The CXX compiler identification is GNU 11.4.0
[0.338s] -- Detecting C compiler ABI info
[0.389s] -- Detecting C compiler ABI info - done
[0.393s] -- Check for working C compiler: /usr/bin/cc - skipped
[0.393s] -- Detecting C compile features
[0.394s] -- Detecting C compile features - done
[0.399s] -- Detecting CXX compiler ABI info
[0.449s] -- Detecting CXX compiler ABI info - done
[0.451s] -- Check for working CXX compiler: /usr/bin/c++ - skipped
[0.452s] -- Detecting CXX compile features
[0.452s] -- Detecting CXX compile features - done
[0.470s] -- Found ament_cmake: 1.3.10 (/opt/ros/humble/share/ament_cmake/cmake)
[0.558s] -- Found Python3: /usr/bin/python3 (found version "3.10.12") found components: Interpreter 
[0.649s] -- Found rclcpp: 16.0.10 (/opt/ros/humble/share/rclcpp/cmake)
[0.733s] -- Found rosidl_generator_c: 3.1.5 (/opt/ros/humble/share/rosidl_generator_c/cmake)
[0.739s] -- Found rosidl_adapter: 3.1.5 (/opt/ros/humble/share/rosidl_adapter/cmake)
[0.750s] -- Found rosidl_generator_cpp: 3.1.5 (/opt/ros/humble/share/rosidl_generator_cpp/cmake)
[0.770s] -- Using all available rosidl_typesupport_c: rosidl_typesupport_fastrtps_c;rosidl_typesupport_introspection_c
[0.793s] -- Using all available rosidl_typesupport_cpp: rosidl_typesupport_fastrtps_cpp;rosidl_typesupport_introspection_cpp
[0.856s] -- Found rmw_implementation_cmake: 6.1.2 (/opt/ros/humble/share/rmw_implementation_cmake/cmake)
[0.859s] -- Found rmw_fastrtps_cpp: 6.2.7 (/opt/ros/humble/share/rmw_fastrtps_cpp/cmake)
[0.931s] -- Found OpenSSL: /usr/lib/x86_64-linux-gnu/libcrypto.so (found version "3.0.2")  
[0.948s] -- Found FastRTPS: /opt/ros/humble/include  
[0.970s] -- Using RMW implementation 'rmw_fastrtps_cpp' as default
[0.985s] -- Looking for pthread.h
[1.042s] -- Looking for pthread.h - found
[1.042s] -- Performing Test CMAKE_HAVE_LIBC_PTHREAD
[1.087s] -- Performing Test CMAKE_HAVE_LIBC_PTHREAD - Success
[1.087s] -- Found Threads: TRUE  
[1.153s] -- Found ament_lint_auto: 0.12.11 (/opt/ros/humble/share/ament_lint_auto/cmake)
[1.210s] -- Added test 'cppcheck' to perform static code analysis on C / C++ code
[1.210s] -- Configured cppcheck include dirs: 
[1.210s] -- Configured cppcheck exclude dirs and/or files: 
[1.211s] -- Added test 'lint_cmake' to check CMake code style
[1.213s] -- Added test 'uncrustify' to check C / C++ code style
[1.213s] -- Configured uncrustify additional arguments: 
[1.214s] -- Added test 'xmllint' to check XML markup files
[1.217s] -- Configuring done
[1.230s] -- Generating done
[1.232s] -- Build files have been written to: /d2lros2/chap3/chapt3_ws/build/example_topic_rclcpp
[1.236s] Invoked command in '/d2lros2/chap3/chapt3_ws/build/example_topic_rclcpp' returned '0': CMAKE_PREFIX_PATH=${CMAKE_PREFIX_PATH}:/d2lros2/chap2/chapt2_ws/install/example_py:/opt/ros/humble /usr/bin/cmake /d2lros2/chap3/chapt3_ws/src/example_topic_rclcpp -DCMAKE_INSTALL_PREFIX=/d2lros2/chap3/chapt3_ws/install/example_topic_rclcpp
[1.237s] Invoking command in '/d2lros2/chap3/chapt3_ws/build/example_topic_rclcpp': CMAKE_PREFIX_PATH=${CMAKE_PREFIX_PATH}:/d2lros2/chap2/chapt2_ws/install/example_py:/opt/ros/humble /usr/bin/cmake --build /d2lros2/chap3/chapt3_ws/build/example_topic_rclcpp -- -j16 -l16
[1.261s] [ 50%] [32mBuilding CXX object CMakeFiles/topic_publisher_01.dir/src/topic_publisher_01.cpp.o[0m
[2.952s] [01m[K/d2lros2/chap3/chapt3_ws/src/example_topic_rclcpp/src/topic_publisher_01.cpp:3:34:[m[K [01;31m[Kerror: [m[Kexpected class-name before ‘[01m[Krclcpp[m[K’
[2.952s]     3 | class TopicPublisher01 : publish [01;31m[Krclcpp[m[K:Node {
[2.952s]       |                                  [01;31m[K^~~~~~[m[K
[2.952s] [01m[K/d2lros2/chap3/chapt3_ws/src/example_topic_rclcpp/src/topic_publisher_01.cpp:3:34:[m[K [01;31m[Kerror: [m[Kexpected ‘[01m[K{[m[K’ before ‘[01m[Krclcpp[m[K’
[2.952s] [01m[K/d2lros2/chap3/chapt3_ws/src/example_topic_rclcpp/src/topic_publisher_01.cpp:3:40:[m[K [01;31m[Kerror: [m[Kfound ‘[01m[K:[m[K’ in nested-name-specifier, expected ‘[01m[K::[m[K’
[2.952s]     3 | class TopicPublisher01 : publish rclcpp[01;31m[K:[m[KNode {
[2.952s]       |                                        [01;31m[K^[m[K
[2.952s]       |                                        [32m[K::[m[K
[2.952s] [01m[K/d2lros2/chap3/chapt3_ws/src/example_topic_rclcpp/src/topic_publisher_01.cpp:4:5:[m[K [01;35m[Kwarning: [m[KISO C++ does not allow GNU designated initializers [[01;35m[K-Wpedantic[m[K]
[2.952s]     4 |     [01;35m[Kpublish[m[K:
[2.952s]       |     [01;35m[K^~~~~~~[m[K
[2.952s] [01m[K/d2lros2/chap3/chapt3_ws/src/example_topic_rclcpp/src/topic_publisher_01.cpp:5:38:[m[K [01;31m[Kerror: [m[Kinvalid use of incomplete type ‘[01m[Kclass TopicPublisher01[m[K’
[2.952s]     5 |     TopicPublisher01(std::string name[01;31m[K)[m[K : Node(name) {
[2.952s]       |                                      [01;31m[K^[m[K
[2.952s] [01m[K/d2lros2/chap3/chapt3_ws/src/example_topic_rclcpp/src/topic_publisher_01.cpp:3:7:[m[K [01;36m[Knote: [m[Kforward declaration of ‘[01m[Kclass TopicPublisher01[m[K’
[2.952s]     3 | class [01;36m[KTopicPublisher01[m[K : publish rclcpp:Node {
[2.952s]       |       [01;36m[K^~~~~~~~~~~~~~~~[m[K
[2.952s] [01m[K/d2lros2/chap3/chapt3_ws/src/example_topic_rclcpp/src/topic_publisher_01.cpp:5:21:[m[K [01;31m[Kerror: [m[Kexpected primary-expression before ‘[01m[K([m[K’ token
[2.952s]     5 |     TopicPublisher01[01;31m[K([m[Kstd::string name) : Node(name) {
[2.952s]       |                     [01;31m[K^[m[K
[2.953s] [01m[K/d2lros2/chap3/chapt3_ws/src/example_topic_rclcpp/src/topic_publisher_01.cpp:5:34:[m[K [01;31m[Kerror: [m[Kexpected primary-expression before ‘[01m[Kname[m[K’
[2.953s]     5 |     TopicPublisher01(std::string [01;31m[Kname[m[K) : Node(name) {
[2.953s]       |                                  [01;31m[K^~~~[m[K
[2.953s] [01m[K/d2lros2/chap3/chapt3_ws/src/example_topic_rclcpp/src/topic_publisher_01.cpp:5:40:[m[K [01;31m[Kerror: [m[Kexpected ‘[01m[K}[m[K’ before ‘[01m[K:[m[K’ token
[2.953s]     5 |     TopicPublisher01(std::string name) [01;31m[K:[m[K Node(name) {
[2.953s]       |                                        [01;31m[K^[m[K
[2.953s] [01m[K/d2lros2/chap3/chapt3_ws/src/example_topic_rclcpp/src/topic_publisher_01.cpp:3:46:[m[K [01;36m[Knote: [m[Kto match this ‘[01m[K{[m[K’
[2.953s]     3 | class TopicPublisher01 : publish rclcpp:Node [01;36m[K{[m[K
[2.953s]       |                                              [01;36m[K^[m[K
[2.953s] [01m[K/d2lros2/chap3/chapt3_ws/src/example_topic_rclcpp/src/topic_publisher_01.cpp:8:5:[m[K [01;31m[Kerror: [m[Kexpected unqualified-id before ‘[01m[Kprivate[m[K’
[2.953s]     8 |     [01;31m[Kprivate[m[K:
[2.953s]       |     [01;31m[K^~~~~~~[m[K
[2.953s] [01m[K/d2lros2/chap3/chapt3_ws/src/example_topic_rclcpp/src/topic_publisher_01.cpp:10:1:[m[K [01;31m[Kerror: [m[Kexpected declaration before ‘[01m[K}[m[K’ token
[2.953s]    10 | [01;31m[K}[m[K
[2.953s]       | [01;31m[K^[m[K
[3.225s] gmake[2]: *** [CMakeFiles/topic_publisher_01.dir/build.make:76: CMakeFiles/topic_publisher_01.dir/src/topic_publisher_01.cpp.o] Error 1
[3.226s] gmake[1]: *** [CMakeFiles/Makefile2:137: CMakeFiles/topic_publisher_01.dir/all] Error 2
[3.226s] gmake: *** [Makefile:146: all] Error 2
[3.227s] Invoked command in '/d2lros2/chap3/chapt3_ws/build/example_topic_rclcpp' returned '2': CMAKE_PREFIX_PATH=${CMAKE_PREFIX_PATH}:/d2lros2/chap2/chapt2_ws/install/example_py:/opt/ros/humble /usr/bin/cmake --build /d2lros2/chap3/chapt3_ws/build/example_topic_rclcpp -- -j16 -l16
