[0.324s] Invoking command in '/d2lros2/chap2/chapt2_ws/src/example_py': PYTHONPATH=/d2lros2/chap2/chapt2_ws/build/example_py/prefix_override:/usr/lib/python3/dist-packages/colcon_core/task/python/colcon_distutils_commands:/d2lros2/chap2/chapt2_ws/install/example_py/lib/python3.10/site-packages:${PYTHONPATH} /usr/bin/python3 -W ignore:setup.py install is deprecated setup.py egg_info --egg-base ../../build/example_py build --build-base /d2lros2/chap2/chapt2_ws/build/example_py/build install --record /d2lros2/chap2/chapt2_ws/build/example_py/install.log --single-version-externally-managed install_data
[0.430s] running egg_info
[0.430s] creating ../../build/example_py/example_py.egg-info
[0.430s] writing ../../build/example_py/example_py.egg-info/PKG-INFO
[0.430s] writing dependency_links to ../../build/example_py/example_py.egg-info/dependency_links.txt
[0.430s] writing entry points to ../../build/example_py/example_py.egg-info/entry_points.txt
[0.431s] writing requirements to ../../build/example_py/example_py.egg-info/requires.txt
[0.431s] writing top-level names to ../../build/example_py/example_py.egg-info/top_level.txt
[0.431s] writing manifest file '../../build/example_py/example_py.egg-info/SOURCES.txt'
[0.432s] reading manifest file '../../build/example_py/example_py.egg-info/SOURCES.txt'
[0.432s] writing manifest file '../../build/example_py/example_py.egg-info/SOURCES.txt'
[0.432s] running build
[0.432s] running build_py
[0.432s] creating /d2lros2/chap2/chapt2_ws/build/example_py/build
[0.432s] creating /d2lros2/chap2/chapt2_ws/build/example_py/build/lib
[0.432s] creating /d2lros2/chap2/chapt2_ws/build/example_py/build/lib/example_py
[0.432s] copying example_py/__init__.py -> /d2lros2/chap2/chapt2_ws/build/example_py/build/lib/example_py
[0.433s] copying example_py/node_02.py -> /d2lros2/chap2/chapt2_ws/build/example_py/build/lib/example_py
[0.433s] running install
[0.433s] running install_lib
[0.433s] creating /d2lros2/chap2/chapt2_ws/install/example_py/lib/python3.10/site-packages/example_py
[0.433s] copying /d2lros2/chap2/chapt2_ws/build/example_py/build/lib/example_py/__init__.py -> /d2lros2/chap2/chapt2_ws/install/example_py/lib/python3.10/site-packages/example_py
[0.433s] copying /d2lros2/chap2/chapt2_ws/build/example_py/build/lib/example_py/node_02.py -> /d2lros2/chap2/chapt2_ws/install/example_py/lib/python3.10/site-packages/example_py
[0.434s] byte-compiling /d2lros2/chap2/chapt2_ws/install/example_py/lib/python3.10/site-packages/example_py/__init__.py to __init__.cpython-310.pyc
[0.434s] byte-compiling /d2lros2/chap2/chapt2_ws/install/example_py/lib/python3.10/site-packages/example_py/node_02.py to node_02.cpython-310.pyc
[0.434s] Sorry: IndentationError: expected an indented block after function definition on line 5 (node_02.py, line 6)
[0.434s] running install_data
[0.434s] creating /d2lros2/chap2/chapt2_ws/install/example_py/share/ament_index
[0.434s] creating /d2lros2/chap2/chapt2_ws/install/example_py/share/ament_index/resource_index
[0.434s] creating /d2lros2/chap2/chapt2_ws/install/example_py/share/ament_index/resource_index/packages
[0.434s] copying resource/example_py -> /d2lros2/chap2/chapt2_ws/install/example_py/share/ament_index/resource_index/packages
[0.434s] copying package.xml -> /d2lros2/chap2/chapt2_ws/install/example_py/share/example_py
[0.435s] running install_egg_info
[0.436s] Copying ../../build/example_py/example_py.egg-info to /d2lros2/chap2/chapt2_ws/install/example_py/lib/python3.10/site-packages/example_py-0.0.0-py3.10.egg-info
[0.436s] running install_scripts
[0.448s] Installing node_02 script to /d2lros2/chap2/chapt2_ws/install/example_py/lib/example_py
[0.448s] writing list of installed files to '/d2lros2/chap2/chapt2_ws/build/example_py/install.log'
[0.461s] Invoked command in '/d2lros2/chap2/chapt2_ws/src/example_py' returned '0': PYTHONPATH=/d2lros2/chap2/chapt2_ws/build/example_py/prefix_override:/usr/lib/python3/dist-packages/colcon_core/task/python/colcon_distutils_commands:/d2lros2/chap2/chapt2_ws/install/example_py/lib/python3.10/site-packages:${PYTHONPATH} /usr/bin/python3 -W ignore:setup.py install is deprecated setup.py egg_info --egg-base ../../build/example_py build --build-base /d2lros2/chap2/chapt2_ws/build/example_py/build install --record /d2lros2/chap2/chapt2_ws/build/example_py/install.log --single-version-externally-managed install_data
