[0.352s] Invoking command in '/d2lros2/chap3/chapt3_ws/src/example_topic_rclpy': PYTHONPATH=/d2lros2/chap3/chapt3_ws/build/example_topic_rclpy/prefix_override:/usr/lib/python3/dist-packages/colcon_core/task/python/colcon_distutils_commands:/d2lros2/chap3/chapt3_ws/install/example_topic_rclpy/lib/python3.10/site-packages:${PYTHONPATH} /usr/bin/python3 -W ignore:setup.py install is deprecated setup.py egg_info --egg-base ../../build/example_topic_rclpy build --build-base /d2lros2/chap3/chapt3_ws/build/example_topic_rclpy/build install --record /d2lros2/chap3/chapt3_ws/build/example_topic_rclpy/install.log --single-version-externally-managed install_data
[0.469s] running egg_info
[0.469s] writing ../../build/example_topic_rclpy/example_topic_rclpy.egg-info/PKG-INFO
[0.470s] writing dependency_links to ../../build/example_topic_rclpy/example_topic_rclpy.egg-info/dependency_links.txt
[0.470s] writing entry points to ../../build/example_topic_rclpy/example_topic_rclpy.egg-info/entry_points.txt
[0.470s] writing requirements to ../../build/example_topic_rclpy/example_topic_rclpy.egg-info/requires.txt
[0.470s] writing top-level names to ../../build/example_topic_rclpy/example_topic_rclpy.egg-info/top_level.txt
[0.472s] reading manifest file '../../build/example_topic_rclpy/example_topic_rclpy.egg-info/SOURCES.txt'
[0.474s] writing manifest file '../../build/example_topic_rclpy/example_topic_rclpy.egg-info/SOURCES.txt'
[0.474s] running build
[0.474s] running build_py
[0.474s] running install
[0.474s] running install_lib
[0.475s] running install_data
[0.475s] running install_egg_info
[0.476s] removing '/d2lros2/chap3/chapt3_ws/install/example_topic_rclpy/lib/python3.10/site-packages/example_topic_rclpy-0.0.0-py3.10.egg-info' (and everything under it)
[0.476s] Copying ../../build/example_topic_rclpy/example_topic_rclpy.egg-info to /d2lros2/chap3/chapt3_ws/install/example_topic_rclpy/lib/python3.10/site-packages/example_topic_rclpy-0.0.0-py3.10.egg-info
[0.477s] running install_scripts
[0.489s] Installing topic_publisher_02 script to /d2lros2/chap3/chapt3_ws/install/example_topic_rclpy/lib/example_topic_rclpy
[0.489s] Installing topic_subscribe_02 script to /d2lros2/chap3/chapt3_ws/install/example_topic_rclpy/lib/example_topic_rclpy
[0.490s] writing list of installed files to '/d2lros2/chap3/chapt3_ws/build/example_topic_rclpy/install.log'
[0.504s] Invoked command in '/d2lros2/chap3/chapt3_ws/src/example_topic_rclpy' returned '0': PYTHONPATH=/d2lros2/chap3/chapt3_ws/build/example_topic_rclpy/prefix_override:/usr/lib/python3/dist-packages/colcon_core/task/python/colcon_distutils_commands:/d2lros2/chap3/chapt3_ws/install/example_topic_rclpy/lib/python3.10/site-packages:${PYTHONPATH} /usr/bin/python3 -W ignore:setup.py install is deprecated setup.py egg_info --egg-base ../../build/example_topic_rclpy build --build-base /d2lros2/chap3/chapt3_ws/build/example_topic_rclpy/build install --record /d2lros2/chap3/chapt3_ws/build/example_topic_rclpy/install.log --single-version-externally-managed install_data
