[0.065s] DEBUG:colcon:Command line arguments: ['/usr/bin/colcon', 'build']
[0.065s] DEBUG:colcon:Parsed command line arguments: Namespace(log_base=None, log_level=None, verb_name='build', build_base='build', install_base='install', merge_install=False, symlink_install=False, test_result_base=None, continue_on_error=False, executor='parallel', parallel_workers=16, event_handlers=None, ignore_user_meta=False, metas=['./colcon.meta'], base_paths=['.'], packages_ignore=None, packages_ignore_regex=None, paths=None, packages_up_to=None, packages_up_to_regex=None, packages_above=None, packages_above_and_dependencies=None, packages_above_depth=None, packages_select_by_dep=None, packages_skip_by_dep=None, packages_skip_up_to=None, packages_select_build_failed=False, packages_skip_build_finished=False, packages_select_test_failures=False, packages_skip_test_passed=False, packages_select=None, packages_skip=None, packages_select_regex=None, packages_skip_regex=None, packages_start=None, packages_end=None, cmake_args=None, cmake_target=None, cmake_target_skip_unavailable=False, cmake_clean_cache=False, cmake_clean_first=False, cmake_force_configure=False, ament_cmake_args=None, catkin_cmake_args=None, catkin_skip_building_tests=False, mixin_files=None, mixin=None, verb_parser=<colcon_mixin.mixin.mixin_argument.MixinArgumentDecorator object at 0x7f89921a9330>, verb_extension=<colcon_core.verb.build.BuildVerb object at 0x7f89921a8970>, main=<bound method BuildVerb.main of <colcon_core.verb.build.BuildVerb object at 0x7f89921a8970>>, mixin_verb=('build',))
[0.132s] Level 1:colcon.colcon_core.package_discovery:discover_packages(colcon_meta) check parameters
[0.133s] INFO:colcon.colcon_metadata.package_discovery.colcon_meta:Using configuration from '/root/.colcon/metadata/default/Gazebo.meta'
[0.133s] INFO:colcon.colcon_metadata.package_discovery.colcon_meta:Using configuration from '/root/.colcon/metadata/default/fastrtps.meta'
[0.133s] Level 1:colcon.colcon_core.package_discovery:discover_packages(recursive) check parameters
[0.133s] Level 1:colcon.colcon_core.package_discovery:discover_packages(ignore) check parameters
[0.133s] Level 1:colcon.colcon_core.package_discovery:discover_packages(path) check parameters
[0.133s] Level 1:colcon.colcon_core.package_discovery:discover_packages(colcon_meta) discover
[0.133s] Level 1:colcon.colcon_core.package_discovery:discover_packages(recursive) discover
[0.133s] INFO:colcon.colcon_core.package_discovery:Crawling recursively for packages in '/d2lros2/chap2/chapt2_ws'
[0.133s] Level 1:colcon.colcon_core.package_identification:_identify(.) by extensions ['ignore', 'ignore_ament_install']
[0.133s] Level 1:colcon.colcon_core.package_identification:_identify(.) by extension 'ignore'
[0.133s] Level 1:colcon.colcon_core.package_identification:_identify(.) by extension 'ignore_ament_install'
[0.133s] Level 1:colcon.colcon_core.package_identification:_identify(.) by extensions ['colcon_pkg']
[0.133s] Level 1:colcon.colcon_core.package_identification:_identify(.) by extension 'colcon_pkg'
[0.133s] Level 1:colcon.colcon_core.package_identification:_identify(.) by extensions ['colcon_meta']
[0.133s] Level 1:colcon.colcon_core.package_identification:_identify(.) by extension 'colcon_meta'
[0.133s] Level 1:colcon.colcon_core.package_identification:_identify(.) by extensions ['ros']
[0.133s] Level 1:colcon.colcon_core.package_identification:_identify(.) by extension 'ros'
[0.140s] Level 1:colcon.colcon_core.package_identification:_identify(.) by extensions ['cmake', 'python']
[0.140s] Level 1:colcon.colcon_core.package_identification:_identify(.) by extension 'cmake'
[0.140s] Level 1:colcon.colcon_core.package_identification:_identify(.) by extension 'python'
[0.140s] Level 1:colcon.colcon_core.package_identification:_identify(.) by extensions ['python_setup_py']
[0.140s] Level 1:colcon.colcon_core.package_identification:_identify(.) by extension 'python_setup_py'
[0.140s] Level 1:colcon.colcon_core.package_identification:_identify(build) by extensions ['ignore', 'ignore_ament_install']
[0.140s] Level 1:colcon.colcon_core.package_identification:_identify(build) by extension 'ignore'
[0.140s] Level 1:colcon.colcon_core.package_identification:_identify(build) ignored
[0.140s] Level 1:colcon.colcon_core.package_identification:_identify(install) by extensions ['ignore', 'ignore_ament_install']
[0.140s] Level 1:colcon.colcon_core.package_identification:_identify(install) by extension 'ignore'
[0.140s] Level 1:colcon.colcon_core.package_identification:_identify(install) ignored
[0.140s] Level 1:colcon.colcon_core.package_identification:_identify(log) by extensions ['ignore', 'ignore_ament_install']
[0.140s] Level 1:colcon.colcon_core.package_identification:_identify(log) by extension 'ignore'
[0.140s] Level 1:colcon.colcon_core.package_identification:_identify(log) ignored
[0.141s] Level 1:colcon.colcon_core.package_identification:_identify(src) by extensions ['ignore', 'ignore_ament_install']
[0.141s] Level 1:colcon.colcon_core.package_identification:_identify(src) by extension 'ignore'
[0.141s] Level 1:colcon.colcon_core.package_identification:_identify(src) by extension 'ignore_ament_install'
[0.141s] Level 1:colcon.colcon_core.package_identification:_identify(src) by extensions ['colcon_pkg']
[0.141s] Level 1:colcon.colcon_core.package_identification:_identify(src) by extension 'colcon_pkg'
[0.141s] Level 1:colcon.colcon_core.package_identification:_identify(src) by extensions ['colcon_meta']
[0.141s] Level 1:colcon.colcon_core.package_identification:_identify(src) by extension 'colcon_meta'
[0.141s] Level 1:colcon.colcon_core.package_identification:_identify(src) by extensions ['ros']
[0.141s] Level 1:colcon.colcon_core.package_identification:_identify(src) by extension 'ros'
[0.141s] Level 1:colcon.colcon_core.package_identification:_identify(src) by extensions ['cmake', 'python']
[0.141s] Level 1:colcon.colcon_core.package_identification:_identify(src) by extension 'cmake'
[0.141s] Level 1:colcon.colcon_core.package_identification:_identify(src) by extension 'python'
[0.141s] Level 1:colcon.colcon_core.package_identification:_identify(src) by extensions ['python_setup_py']
[0.141s] Level 1:colcon.colcon_core.package_identification:_identify(src) by extension 'python_setup_py'
[0.141s] Level 1:colcon.colcon_core.package_identification:_identify(src/example_cpp) by extensions ['ignore', 'ignore_ament_install']
[0.141s] Level 1:colcon.colcon_core.package_identification:_identify(src/example_cpp) by extension 'ignore'
[0.141s] Level 1:colcon.colcon_core.package_identification:_identify(src/example_cpp) by extension 'ignore_ament_install'
[0.141s] Level 1:colcon.colcon_core.package_identification:_identify(src/example_cpp) by extensions ['colcon_pkg']
[0.141s] Level 1:colcon.colcon_core.package_identification:_identify(src/example_cpp) by extension 'colcon_pkg'
[0.141s] Level 1:colcon.colcon_core.package_identification:_identify(src/example_cpp) by extensions ['colcon_meta']
[0.141s] Level 1:colcon.colcon_core.package_identification:_identify(src/example_cpp) by extension 'colcon_meta'
[0.141s] Level 1:colcon.colcon_core.package_identification:_identify(src/example_cpp) by extensions ['ros']
[0.141s] Level 1:colcon.colcon_core.package_identification:_identify(src/example_cpp) by extension 'ros'
[0.143s] DEBUG:colcon.colcon_core.package_identification:Package 'src/example_cpp' with type 'ros.ament_cmake' and name 'example_cpp'
[0.143s] Level 1:colcon.colcon_core.package_discovery:discover_packages(recursive) using defaults
[0.143s] Level 1:colcon.colcon_core.package_discovery:discover_packages(ignore) discover
[0.143s] Level 1:colcon.colcon_core.package_discovery:discover_packages(ignore) using defaults
[0.143s] Level 1:colcon.colcon_core.package_discovery:discover_packages(path) discover
[0.143s] Level 1:colcon.colcon_core.package_discovery:discover_packages(path) using defaults
[0.155s] Level 5:colcon.colcon_core.verb:set package 'example_cpp' build argument 'cmake_args' from command line to 'None'
[0.155s] Level 5:colcon.colcon_core.verb:set package 'example_cpp' build argument 'cmake_target' from command line to 'None'
[0.155s] Level 5:colcon.colcon_core.verb:set package 'example_cpp' build argument 'cmake_target_skip_unavailable' from command line to 'False'
[0.155s] Level 5:colcon.colcon_core.verb:set package 'example_cpp' build argument 'cmake_clean_cache' from command line to 'False'
[0.155s] Level 5:colcon.colcon_core.verb:set package 'example_cpp' build argument 'cmake_clean_first' from command line to 'False'
[0.155s] Level 5:colcon.colcon_core.verb:set package 'example_cpp' build argument 'cmake_force_configure' from command line to 'False'
[0.155s] Level 5:colcon.colcon_core.verb:set package 'example_cpp' build argument 'ament_cmake_args' from command line to 'None'
[0.155s] Level 5:colcon.colcon_core.verb:set package 'example_cpp' build argument 'catkin_cmake_args' from command line to 'None'
[0.155s] Level 5:colcon.colcon_core.verb:set package 'example_cpp' build argument 'catkin_skip_building_tests' from command line to 'False'
[0.155s] DEBUG:colcon.colcon_core.verb:Building package 'example_cpp' with the following arguments: {'ament_cmake_args': None, 'build_base': '/d2lros2/chap2/chapt2_ws/build/example_cpp', 'catkin_cmake_args': None, 'catkin_skip_building_tests': False, 'cmake_args': None, 'cmake_clean_cache': False, 'cmake_clean_first': False, 'cmake_force_configure': False, 'cmake_target': None, 'cmake_target_skip_unavailable': False, 'install_base': '/d2lros2/chap2/chapt2_ws/install/example_cpp', 'merge_install': False, 'path': '/d2lros2/chap2/chapt2_ws/src/example_cpp', 'symlink_install': False, 'test_result_base': None}
[0.155s] INFO:colcon.colcon_core.executor:Executing jobs using 'parallel' executor
[0.156s] DEBUG:colcon.colcon_parallel_executor.executor.parallel:run_until_complete
[0.156s] INFO:colcon.colcon_ros.task.ament_cmake.build:Building ROS package in '/d2lros2/chap2/chapt2_ws/src/example_cpp' with build type 'ament_cmake'
[0.157s] INFO:colcon.colcon_cmake.task.cmake.build:Building CMake package in '/d2lros2/chap2/chapt2_ws/src/example_cpp'
[0.158s] INFO:colcon.colcon_core.plugin_system:Skipping extension 'colcon_core.shell.bat': Not used on non-Windows systems
[0.158s] INFO:colcon.colcon_core.shell:Skip shell extension 'powershell' for command environment: Not usable outside of PowerShell
[0.158s] DEBUG:colcon.colcon_core.shell:Skip shell extension 'dsv' for command environment
[0.165s] DEBUG:colcon.colcon_core.event_handler.log_command:Invoking command in '/d2lros2/chap2/chapt2_ws/build/example_cpp': CMAKE_PREFIX_PATH=${CMAKE_PREFIX_PATH}:/d2lros2/chap2/colcon_test_ws/install/launch_testing_examples:/d2lros2/chap2/colcon_test_ws/install/examples_rclpy_pointcloud_publisher:/d2lros2/chap2/colcon_test_ws/install/examples_rclpy_minimal_subscriber:/d2lros2/chap2/colcon_test_ws/install/examples_rclpy_minimal_service:/d2lros2/chap2/colcon_test_ws/install/examples_rclpy_minimal_publisher:/d2lros2/chap2/colcon_test_ws/install/examples_rclpy_minimal_client:/d2lros2/chap2/colcon_test_ws/install/examples_rclpy_minimal_action_server:/d2lros2/chap2/colcon_test_ws/install/examples_rclpy_minimal_action_client:/d2lros2/chap2/colcon_test_ws/install/examples_rclpy_guard_conditions:/d2lros2/chap2/colcon_test_ws/install/examples_rclpy_executors:/opt/ros/humble /usr/bin/cmake --build /d2lros2/chap2/chapt2_ws/build/example_cpp -- -j16 -l16
[1.886s] DEBUG:colcon.colcon_core.event_handler.log_command:Invoked command in '/d2lros2/chap2/chapt2_ws/build/example_cpp' returned '0': CMAKE_PREFIX_PATH=${CMAKE_PREFIX_PATH}:/d2lros2/chap2/colcon_test_ws/install/launch_testing_examples:/d2lros2/chap2/colcon_test_ws/install/examples_rclpy_pointcloud_publisher:/d2lros2/chap2/colcon_test_ws/install/examples_rclpy_minimal_subscriber:/d2lros2/chap2/colcon_test_ws/install/examples_rclpy_minimal_service:/d2lros2/chap2/colcon_test_ws/install/examples_rclpy_minimal_publisher:/d2lros2/chap2/colcon_test_ws/install/examples_rclpy_minimal_client:/d2lros2/chap2/colcon_test_ws/install/examples_rclpy_minimal_action_server:/d2lros2/chap2/colcon_test_ws/install/examples_rclpy_minimal_action_client:/d2lros2/chap2/colcon_test_ws/install/examples_rclpy_guard_conditions:/d2lros2/chap2/colcon_test_ws/install/examples_rclpy_executors:/opt/ros/humble /usr/bin/cmake --build /d2lros2/chap2/chapt2_ws/build/example_cpp -- -j16 -l16
[1.903s] DEBUG:colcon.colcon_core.event_handler.log_command:Invoking command in '/d2lros2/chap2/chapt2_ws/build/example_cpp': CMAKE_PREFIX_PATH=${CMAKE_PREFIX_PATH}:/d2lros2/chap2/colcon_test_ws/install/launch_testing_examples:/d2lros2/chap2/colcon_test_ws/install/examples_rclpy_pointcloud_publisher:/d2lros2/chap2/colcon_test_ws/install/examples_rclpy_minimal_subscriber:/d2lros2/chap2/colcon_test_ws/install/examples_rclpy_minimal_service:/d2lros2/chap2/colcon_test_ws/install/examples_rclpy_minimal_publisher:/d2lros2/chap2/colcon_test_ws/install/examples_rclpy_minimal_client:/d2lros2/chap2/colcon_test_ws/install/examples_rclpy_minimal_action_server:/d2lros2/chap2/colcon_test_ws/install/examples_rclpy_minimal_action_client:/d2lros2/chap2/colcon_test_ws/install/examples_rclpy_guard_conditions:/d2lros2/chap2/colcon_test_ws/install/examples_rclpy_executors:/opt/ros/humble /usr/bin/cmake --install /d2lros2/chap2/chapt2_ws/build/example_cpp
[1.909s] Level 1:colcon.colcon_core.environment:create_environment_scripts_only(example_cpp)
[1.910s] DEBUG:colcon.colcon_core.event_handler.log_command:Invoked command in '/d2lros2/chap2/chapt2_ws/build/example_cpp' returned '0': CMAKE_PREFIX_PATH=${CMAKE_PREFIX_PATH}:/d2lros2/chap2/colcon_test_ws/install/launch_testing_examples:/d2lros2/chap2/colcon_test_ws/install/examples_rclpy_pointcloud_publisher:/d2lros2/chap2/colcon_test_ws/install/examples_rclpy_minimal_subscriber:/d2lros2/chap2/colcon_test_ws/install/examples_rclpy_minimal_service:/d2lros2/chap2/colcon_test_ws/install/examples_rclpy_minimal_publisher:/d2lros2/chap2/colcon_test_ws/install/examples_rclpy_minimal_client:/d2lros2/chap2/colcon_test_ws/install/examples_rclpy_minimal_action_server:/d2lros2/chap2/colcon_test_ws/install/examples_rclpy_minimal_action_client:/d2lros2/chap2/colcon_test_ws/install/examples_rclpy_guard_conditions:/d2lros2/chap2/colcon_test_ws/install/examples_rclpy_executors:/opt/ros/humble /usr/bin/cmake --install /d2lros2/chap2/chapt2_ws/build/example_cpp
[1.911s] Level 1:colcon.colcon_core.environment:checking '/d2lros2/chap2/chapt2_ws/install/example_cpp' for CMake module files
[1.911s] Level 1:colcon.colcon_core.environment:checking '/d2lros2/chap2/chapt2_ws/install/example_cpp' for CMake config files
[1.911s] Level 1:colcon.colcon_core.shell:create_environment_hook('example_cpp', 'cmake_prefix_path')
[1.911s] INFO:colcon.colcon_core.shell:Creating environment hook '/d2lros2/chap2/chapt2_ws/install/example_cpp/share/example_cpp/hook/cmake_prefix_path.ps1'
[1.913s] INFO:colcon.colcon_core.shell:Creating environment descriptor '/d2lros2/chap2/chapt2_ws/install/example_cpp/share/example_cpp/hook/cmake_prefix_path.dsv'
[1.913s] INFO:colcon.colcon_core.shell:Creating environment hook '/d2lros2/chap2/chapt2_ws/install/example_cpp/share/example_cpp/hook/cmake_prefix_path.sh'
[1.914s] Level 1:colcon.colcon_core.environment:checking '/d2lros2/chap2/chapt2_ws/install/example_cpp/lib'
[1.914s] Level 1:colcon.colcon_core.environment:checking '/d2lros2/chap2/chapt2_ws/install/example_cpp/bin'
[1.914s] Level 1:colcon.colcon_core.environment:checking '/d2lros2/chap2/chapt2_ws/install/example_cpp/lib/pkgconfig/example_cpp.pc'
[1.915s] Level 1:colcon.colcon_core.environment:checking '/d2lros2/chap2/chapt2_ws/install/example_cpp/lib/python3.10/site-packages'
[1.915s] Level 1:colcon.colcon_core.environment:checking '/d2lros2/chap2/chapt2_ws/install/example_cpp/bin'
[1.916s] INFO:colcon.colcon_core.shell:Creating package script '/d2lros2/chap2/chapt2_ws/install/example_cpp/share/example_cpp/package.ps1'
[1.916s] INFO:colcon.colcon_core.shell:Creating package descriptor '/d2lros2/chap2/chapt2_ws/install/example_cpp/share/example_cpp/package.dsv'
[1.916s] INFO:colcon.colcon_core.shell:Creating package script '/d2lros2/chap2/chapt2_ws/install/example_cpp/share/example_cpp/package.sh'
[1.917s] INFO:colcon.colcon_core.shell:Creating package script '/d2lros2/chap2/chapt2_ws/install/example_cpp/share/example_cpp/package.bash'
[1.917s] INFO:colcon.colcon_core.shell:Creating package script '/d2lros2/chap2/chapt2_ws/install/example_cpp/share/example_cpp/package.zsh'
[1.917s] Level 1:colcon.colcon_core.environment:create_file_with_runtime_dependencies(/d2lros2/chap2/chapt2_ws/install/example_cpp/share/colcon-core/packages/example_cpp)
[1.930s] Level 1:colcon.colcon_core.environment:create_environment_scripts_only(example_cpp)
[1.930s] Level 1:colcon.colcon_core.environment:checking '/d2lros2/chap2/chapt2_ws/install/example_cpp' for CMake module files
[1.930s] Level 1:colcon.colcon_core.environment:checking '/d2lros2/chap2/chapt2_ws/install/example_cpp' for CMake config files
[1.930s] Level 1:colcon.colcon_core.shell:create_environment_hook('example_cpp', 'cmake_prefix_path')
[1.931s] INFO:colcon.colcon_core.shell:Creating environment hook '/d2lros2/chap2/chapt2_ws/install/example_cpp/share/example_cpp/hook/cmake_prefix_path.ps1'
[1.931s] INFO:colcon.colcon_core.shell:Creating environment descriptor '/d2lros2/chap2/chapt2_ws/install/example_cpp/share/example_cpp/hook/cmake_prefix_path.dsv'
[1.931s] INFO:colcon.colcon_core.shell:Creating environment hook '/d2lros2/chap2/chapt2_ws/install/example_cpp/share/example_cpp/hook/cmake_prefix_path.sh'
[1.931s] Level 1:colcon.colcon_core.environment:checking '/d2lros2/chap2/chapt2_ws/install/example_cpp/lib'
[1.931s] Level 1:colcon.colcon_core.environment:checking '/d2lros2/chap2/chapt2_ws/install/example_cpp/bin'
[1.931s] Level 1:colcon.colcon_core.environment:checking '/d2lros2/chap2/chapt2_ws/install/example_cpp/lib/pkgconfig/example_cpp.pc'
[1.931s] Level 1:colcon.colcon_core.environment:checking '/d2lros2/chap2/chapt2_ws/install/example_cpp/lib/python3.10/site-packages'
[1.932s] Level 1:colcon.colcon_core.environment:checking '/d2lros2/chap2/chapt2_ws/install/example_cpp/bin'
[1.932s] INFO:colcon.colcon_core.shell:Creating package script '/d2lros2/chap2/chapt2_ws/install/example_cpp/share/example_cpp/package.ps1'
[1.932s] INFO:colcon.colcon_core.shell:Creating package descriptor '/d2lros2/chap2/chapt2_ws/install/example_cpp/share/example_cpp/package.dsv'
[1.932s] INFO:colcon.colcon_core.shell:Creating package script '/d2lros2/chap2/chapt2_ws/install/example_cpp/share/example_cpp/package.sh'
[1.932s] INFO:colcon.colcon_core.shell:Creating package script '/d2lros2/chap2/chapt2_ws/install/example_cpp/share/example_cpp/package.bash'
[1.933s] INFO:colcon.colcon_core.shell:Creating package script '/d2lros2/chap2/chapt2_ws/install/example_cpp/share/example_cpp/package.zsh'
[1.933s] Level 1:colcon.colcon_core.environment:create_file_with_runtime_dependencies(/d2lros2/chap2/chapt2_ws/install/example_cpp/share/colcon-core/packages/example_cpp)
[1.933s] DEBUG:colcon.colcon_parallel_executor.executor.parallel:closing loop
[1.933s] DEBUG:colcon.colcon_parallel_executor.executor.parallel:loop closed
[1.934s] DEBUG:colcon.colcon_parallel_executor.executor.parallel:run_until_complete finished with '0'
[1.934s] DEBUG:colcon.colcon_core.event_reactor:joining thread
[1.937s] INFO:colcon.colcon_core.plugin_system:Skipping extension 'colcon_notification.desktop_notification.notify_send': Could not find 'notify-send'
[1.937s] INFO:colcon.colcon_core.plugin_system:Skipping extension 'colcon_notification.desktop_notification.terminal_notifier': Not used on non-Darwin systems
[1.937s] INFO:colcon.colcon_core.plugin_system:Skipping extension 'colcon_notification.desktop_notification.win32': Not used on non-Windows systems
[1.937s] INFO:colcon.colcon_notification.desktop_notification:Sending desktop notification using 'notify2'
[1.938s] DEBUG:colcon.colcon_notification.desktop_notification.notify2:Failed to initialize notify2: org.freedesktop.DBus.Error.Spawn.ExecFailed: /usr/bin/dbus-launch terminated abnormally without any error message
[1.938s] DEBUG:colcon.colcon_core.event_reactor:joined thread
[1.939s] INFO:colcon.colcon_core.shell:Creating prefix script '/d2lros2/chap2/chapt2_ws/install/local_setup.ps1'
[1.939s] INFO:colcon.colcon_core.shell:Creating prefix util module '/d2lros2/chap2/chapt2_ws/install/_local_setup_util_ps1.py'
[1.940s] INFO:colcon.colcon_core.shell:Creating prefix chain script '/d2lros2/chap2/chapt2_ws/install/setup.ps1'
[1.941s] INFO:colcon.colcon_core.shell:Creating prefix script '/d2lros2/chap2/chapt2_ws/install/local_setup.sh'
[1.941s] INFO:colcon.colcon_core.shell:Creating prefix util module '/d2lros2/chap2/chapt2_ws/install/_local_setup_util_sh.py'
[1.942s] INFO:colcon.colcon_core.shell:Creating prefix chain script '/d2lros2/chap2/chapt2_ws/install/setup.sh'
[1.943s] INFO:colcon.colcon_core.shell:Creating prefix script '/d2lros2/chap2/chapt2_ws/install/local_setup.bash'
[1.943s] INFO:colcon.colcon_core.shell:Creating prefix chain script '/d2lros2/chap2/chapt2_ws/install/setup.bash'
[1.944s] INFO:colcon.colcon_core.shell:Creating prefix script '/d2lros2/chap2/chapt2_ws/install/local_setup.zsh'
[1.944s] INFO:colcon.colcon_core.shell:Creating prefix chain script '/d2lros2/chap2/chapt2_ws/install/setup.zsh'
