[0.016s] Invoking command in '/d2lros2/chap2/chapt2_ws/build/example_cpp': CMAKE_PREFIX_PATH=${CMAKE_PREFIX_PATH}:/d2lros2/chap2/colcon_test_ws/install/launch_testing_examples:/d2lros2/chap2/colcon_test_ws/install/examples_rclpy_pointcloud_publisher:/d2lros2/chap2/colcon_test_ws/install/examples_rclpy_minimal_subscriber:/d2lros2/chap2/colcon_test_ws/install/examples_rclpy_minimal_service:/d2lros2/chap2/colcon_test_ws/install/examples_rclpy_minimal_publisher:/d2lros2/chap2/colcon_test_ws/install/examples_rclpy_minimal_client:/d2lros2/chap2/colcon_test_ws/install/examples_rclpy_minimal_action_server:/d2lros2/chap2/colcon_test_ws/install/examples_rclpy_minimal_action_client:/d2lros2/chap2/colcon_test_ws/install/examples_rclpy_guard_conditions:/d2lros2/chap2/colcon_test_ws/install/examples_rclpy_executors:/opt/ros/humble /usr/bin/cmake /d2lros2/chap2/chapt2_ws/src/example_cpp -DCMAKE_INSTALL_PREFIX=/d2lros2/chap2/chapt2_ws/install/example_cpp
[0.116s] -- The C compiler identification is GNU 11.4.0
[0.174s] -- The CXX compiler identification is GNU 11.4.0
[0.185s] -- Detecting C compiler ABI info
[0.232s] -- Detecting C compiler ABI info - done
[0.236s] -- Check for working C compiler: /usr/bin/cc - skipped
[0.236s] -- Detecting C compile features
[0.236s] -- Detecting C compile features - done
[0.239s] -- Detecting CXX compiler ABI info
[0.283s] -- Detecting CXX compiler ABI info - done
[0.287s] -- Check for working CXX compiler: /usr/bin/c++ - skipped
[0.287s] -- Detecting CXX compile features
[0.288s] -- Detecting CXX compile features - done
[0.306s] -- Found ament_cmake: 1.3.10 (/opt/ros/humble/share/ament_cmake/cmake)
[0.403s] -- Found Python3: /usr/bin/python3 (found version "3.10.12") found components: Interpreter 
[0.486s] -- Found rclcpp: 16.0.10 (/opt/ros/humble/share/rclcpp/cmake)
[0.539s] -- Found rosidl_generator_c: 3.1.5 (/opt/ros/humble/share/rosidl_generator_c/cmake)
[0.546s] -- Found rosidl_adapter: 3.1.5 (/opt/ros/humble/share/rosidl_adapter/cmake)
[0.555s] -- Found rosidl_generator_cpp: 3.1.5 (/opt/ros/humble/share/rosidl_generator_cpp/cmake)
[0.575s] -- Using all available rosidl_typesupport_c: rosidl_typesupport_fastrtps_c;rosidl_typesupport_introspection_c
[0.593s] -- Using all available rosidl_typesupport_cpp: rosidl_typesupport_fastrtps_cpp;rosidl_typesupport_introspection_cpp
[0.642s] -- Found rmw_implementation_cmake: 6.1.2 (/opt/ros/humble/share/rmw_implementation_cmake/cmake)
[0.646s] -- Found rmw_fastrtps_cpp: 6.2.7 (/opt/ros/humble/share/rmw_fastrtps_cpp/cmake)
[0.718s] -- Found OpenSSL: /usr/lib/x86_64-linux-gnu/libcrypto.so (found version "3.0.2")  
[0.735s] -- Found FastRTPS: /opt/ros/humble/include  
[0.761s] -- Using RMW implementation 'rmw_fastrtps_cpp' as default
[0.772s] -- Looking for pthread.h
[0.818s] -- Looking for pthread.h - found
[0.818s] -- Performing Test CMAKE_HAVE_LIBC_PTHREAD
[0.857s] -- Performing Test CMAKE_HAVE_LIBC_PTHREAD - Success
[0.857s] -- Found Threads: TRUE  
[0.905s] -- Found ament_lint_auto: 0.12.11 (/opt/ros/humble/share/ament_lint_auto/cmake)
[0.964s] -- Added test 'cppcheck' to perform static code analysis on C / C++ code
[0.965s] -- Configured cppcheck include dirs: 
[0.965s] -- Configured cppcheck exclude dirs and/or files: 
[0.965s] -- Added test 'lint_cmake' to check CMake code style
[0.966s] -- Added test 'uncrustify' to check C / C++ code style
[0.967s] -- Configured uncrustify additional arguments: 
[0.967s] -- Added test 'xmllint' to check XML markup files
[0.970s] -- Configuring done
[0.977s] -- Generating done
[0.977s] -- Build files have been written to: /d2lros2/chap2/chapt2_ws/build/example_cpp
[0.981s] Invoked command in '/d2lros2/chap2/chapt2_ws/build/example_cpp' returned '0': CMAKE_PREFIX_PATH=${CMAKE_PREFIX_PATH}:/d2lros2/chap2/colcon_test_ws/install/launch_testing_examples:/d2lros2/chap2/colcon_test_ws/install/examples_rclpy_pointcloud_publisher:/d2lros2/chap2/colcon_test_ws/install/examples_rclpy_minimal_subscriber:/d2lros2/chap2/colcon_test_ws/install/examples_rclpy_minimal_service:/d2lros2/chap2/colcon_test_ws/install/examples_rclpy_minimal_publisher:/d2lros2/chap2/colcon_test_ws/install/examples_rclpy_minimal_client:/d2lros2/chap2/colcon_test_ws/install/examples_rclpy_minimal_action_server:/d2lros2/chap2/colcon_test_ws/install/examples_rclpy_minimal_action_client:/d2lros2/chap2/colcon_test_ws/install/examples_rclpy_guard_conditions:/d2lros2/chap2/colcon_test_ws/install/examples_rclpy_executors:/opt/ros/humble /usr/bin/cmake /d2lros2/chap2/chapt2_ws/src/example_cpp -DCMAKE_INSTALL_PREFIX=/d2lros2/chap2/chapt2_ws/install/example_cpp
[0.983s] Invoking command in '/d2lros2/chap2/chapt2_ws/build/example_cpp': CMAKE_PREFIX_PATH=${CMAKE_PREFIX_PATH}:/d2lros2/chap2/colcon_test_ws/install/launch_testing_examples:/d2lros2/chap2/colcon_test_ws/install/examples_rclpy_pointcloud_publisher:/d2lros2/chap2/colcon_test_ws/install/examples_rclpy_minimal_subscriber:/d2lros2/chap2/colcon_test_ws/install/examples_rclpy_minimal_service:/d2lros2/chap2/colcon_test_ws/install/examples_rclpy_minimal_publisher:/d2lros2/chap2/colcon_test_ws/install/examples_rclpy_minimal_client:/d2lros2/chap2/colcon_test_ws/install/examples_rclpy_minimal_action_server:/d2lros2/chap2/colcon_test_ws/install/examples_rclpy_minimal_action_client:/d2lros2/chap2/colcon_test_ws/install/examples_rclpy_guard_conditions:/d2lros2/chap2/colcon_test_ws/install/examples_rclpy_executors:/opt/ros/humble /usr/bin/cmake --build /d2lros2/chap2/chapt2_ws/build/example_cpp -- -j16 -l16
[1.007s] [ 50%] [32mBuilding CXX object CMakeFiles/node_01.dir/src/node_01.cpp.o[0m
[2.461s] [01m[K/d2lros2/chap2/chapt2_ws/src/example_cpp/src/node_01.cpp:[m[K In function ‘[01m[Kint main(int, char**)[m[K’:
[2.461s] [01m[K/d2lros2/chap2/chapt2_ws/src/example_cpp/src/node_01.cpp:6:46:[m[K [01;31m[Kerror: [m[Kexpected primary-expression before ‘[01m[K>[m[K’ token
[2.461s]     6 |     auto node = std::make_shared>rclcpp::Node[01;31m[K>[m[K("node_01");
[2.461s]       |                                              [01;31m[K^[m[K
[2.461s] In file included from [01m[K/opt/ros/humble/include/rclcpp/rclcpp/client.hpp:40[m[K,
[2.461s]                  from [01m[K/opt/ros/humble/include/rclcpp/rclcpp/callback_group.hpp:24[m[K,
[2.461s]                  from [01m[K/opt/ros/humble/include/rclcpp/rclcpp/any_executable.hpp:20[m[K,
[2.461s]                  from [01m[K/opt/ros/humble/include/rclcpp/rclcpp/memory_strategy.hpp:25[m[K,
[2.461s]                  from [01m[K/opt/ros/humble/include/rclcpp/rclcpp/memory_strategies.hpp:18[m[K,
[2.461s]                  from [01m[K/opt/ros/humble/include/rclcpp/rclcpp/executor_options.hpp:20[m[K,
[2.461s]                  from [01m[K/opt/ros/humble/include/rclcpp/rclcpp/executor.hpp:37[m[K,
[2.461s]                  from [01m[K/opt/ros/humble/include/rclcpp/rclcpp/executors/multi_threaded_executor.hpp:25[m[K,
[2.461s]                  from [01m[K/opt/ros/humble/include/rclcpp/rclcpp/executors.hpp:21[m[K,
[2.461s]                  from [01m[K/opt/ros/humble/include/rclcpp/rclcpp/rclcpp.hpp:155[m[K,
[2.461s]                  from [01m[K/d2lros2/chap2/chapt2_ws/src/example_cpp/src/node_01.cpp:1[m[K:
[2.461s] [01m[K/d2lros2/chap2/chapt2_ws/src/example_cpp/src/node_01.cpp:7:5:[m[K [01;31m[Kerror: [m[Ktemplate argument 1 is invalid
[2.461s]     7 |     [01;31m[KRCLCPP_INFO[m[K(node->get_logger(), "node_01已經啟動");
[2.461s]       |     [01;31m[K^~~~~~~~~~~[m[K
[2.461s] [01m[K/d2lros2/chap2/chapt2_ws/src/example_cpp/src/node_01.cpp:7:5:[m[K [01;31m[Kerror: [m[Ktemplate argument 1 is invalid
[2.461s]     7 |     [01;31m[KRCLCPP_INFO[m[K(node->get_logger(), "node_01已經啟動");
[2.462s]       |     [01;31m[K^~~~~~~~~~~[m[K
[2.462s] [01m[K/d2lros2/chap2/chapt2_ws/src/example_cpp/src/node_01.cpp:7:5:[m[K [01;31m[Kerror: [m[Ktemplate argument 1 is invalid
[2.462s]     7 |     [01;31m[KRCLCPP_INFO[m[K(node->get_logger(), "node_01已經啟動");
[2.462s]       |     [01;31m[K^~~~~~~~~~~[m[K
[2.709s] gmake[2]: *** [CMakeFiles/node_01.dir/build.make:76: CMakeFiles/node_01.dir/src/node_01.cpp.o] Error 1
[2.709s] gmake[1]: *** [CMakeFiles/Makefile2:137: CMakeFiles/node_01.dir/all] Error 2
[2.709s] gmake: *** [Makefile:146: all] Error 2
[2.710s] Invoked command in '/d2lros2/chap2/chapt2_ws/build/example_cpp' returned '2': CMAKE_PREFIX_PATH=${CMAKE_PREFIX_PATH}:/d2lros2/chap2/colcon_test_ws/install/launch_testing_examples:/d2lros2/chap2/colcon_test_ws/install/examples_rclpy_pointcloud_publisher:/d2lros2/chap2/colcon_test_ws/install/examples_rclpy_minimal_subscriber:/d2lros2/chap2/colcon_test_ws/install/examples_rclpy_minimal_service:/d2lros2/chap2/colcon_test_ws/install/examples_rclpy_minimal_publisher:/d2lros2/chap2/colcon_test_ws/install/examples_rclpy_minimal_client:/d2lros2/chap2/colcon_test_ws/install/examples_rclpy_minimal_action_server:/d2lros2/chap2/colcon_test_ws/install/examples_rclpy_minimal_action_client:/d2lros2/chap2/colcon_test_ws/install/examples_rclpy_guard_conditions:/d2lros2/chap2/colcon_test_ws/install/examples_rclpy_executors:/opt/ros/humble /usr/bin/cmake --build /d2lros2/chap2/chapt2_ws/build/example_cpp -- -j16 -l16
