[0.343s] Invoking command in '/d2lros2/chap3/chapt3_ws/src/example_topic_rclpy': PYTHONPATH=/d2lros2/chap3/chapt3_ws/src/build/example_topic_rclpy/prefix_override:/usr/lib/python3/dist-packages/colcon_core/task/python/colcon_distutils_commands:/d2lros2/chap3/chapt3_ws/src/install/example_topic_rclpy/lib/python3.10/site-packages:${PYTHONPATH} /usr/bin/python3 -W ignore:setup.py install is deprecated setup.py egg_info --egg-base ../build/example_topic_rclpy build --build-base /d2lros2/chap3/chapt3_ws/src/build/example_topic_rclpy/build install --record /d2lros2/chap3/chapt3_ws/src/build/example_topic_rclpy/install.log --single-version-externally-managed install_data
[0.460s] running egg_info
[0.461s] creating ../build/example_topic_rclpy/example_topic_rclpy.egg-info
[0.461s] writing ../build/example_topic_rclpy/example_topic_rclpy.egg-info/PKG-INFO
[0.461s] writing dependency_links to ../build/example_topic_rclpy/example_topic_rclpy.egg-info/dependency_links.txt
[0.461s] writing entry points to ../build/example_topic_rclpy/example_topic_rclpy.egg-info/entry_points.txt
[0.461s] writing requirements to ../build/example_topic_rclpy/example_topic_rclpy.egg-info/requires.txt
[0.462s] writing top-level names to ../build/example_topic_rclpy/example_topic_rclpy.egg-info/top_level.txt
[0.462s] writing manifest file '../build/example_topic_rclpy/example_topic_rclpy.egg-info/SOURCES.txt'
[0.463s] reading manifest file '../build/example_topic_rclpy/example_topic_rclpy.egg-info/SOURCES.txt'
[0.463s] writing manifest file '../build/example_topic_rclpy/example_topic_rclpy.egg-info/SOURCES.txt'
[0.463s] running build
[0.463s] running build_py
[0.463s] creating /d2lros2/chap3/chapt3_ws/src/build/example_topic_rclpy/build
[0.463s] creating /d2lros2/chap3/chapt3_ws/src/build/example_topic_rclpy/build/lib
[0.464s] creating /d2lros2/chap3/chapt3_ws/src/build/example_topic_rclpy/build/lib/example_topic_rclpy
[0.464s] copying example_topic_rclpy/__init__.py -> /d2lros2/chap3/chapt3_ws/src/build/example_topic_rclpy/build/lib/example_topic_rclpy
[0.464s] copying example_topic_rclpy/topic_subscribe_02.py -> /d2lros2/chap3/chapt3_ws/src/build/example_topic_rclpy/build/lib/example_topic_rclpy
[0.464s] copying example_topic_rclpy/topic_publisher_02.py -> /d2lros2/chap3/chapt3_ws/src/build/example_topic_rclpy/build/lib/example_topic_rclpy
[0.464s] running install
[0.464s] running install_lib
[0.464s] creating /d2lros2/chap3/chapt3_ws/src/install/example_topic_rclpy/lib/python3.10/site-packages/example_topic_rclpy
[0.464s] copying /d2lros2/chap3/chapt3_ws/src/build/example_topic_rclpy/build/lib/example_topic_rclpy/__init__.py -> /d2lros2/chap3/chapt3_ws/src/install/example_topic_rclpy/lib/python3.10/site-packages/example_topic_rclpy
[0.464s] copying /d2lros2/chap3/chapt3_ws/src/build/example_topic_rclpy/build/lib/example_topic_rclpy/topic_subscribe_02.py -> /d2lros2/chap3/chapt3_ws/src/install/example_topic_rclpy/lib/python3.10/site-packages/example_topic_rclpy
[0.465s] copying /d2lros2/chap3/chapt3_ws/src/build/example_topic_rclpy/build/lib/example_topic_rclpy/topic_publisher_02.py -> /d2lros2/chap3/chapt3_ws/src/install/example_topic_rclpy/lib/python3.10/site-packages/example_topic_rclpy
[0.465s] byte-compiling /d2lros2/chap3/chapt3_ws/src/install/example_topic_rclpy/lib/python3.10/site-packages/example_topic_rclpy/__init__.py to __init__.cpython-310.pyc
[0.465s] byte-compiling /d2lros2/chap3/chapt3_ws/src/install/example_topic_rclpy/lib/python3.10/site-packages/example_topic_rclpy/topic_subscribe_02.py to topic_subscribe_02.cpython-310.pyc
[0.465s] byte-compiling /d2lros2/chap3/chapt3_ws/src/install/example_topic_rclpy/lib/python3.10/site-packages/example_topic_rclpy/topic_publisher_02.py to topic_publisher_02.cpython-310.pyc
[0.465s] running install_data
[0.465s] creating /d2lros2/chap3/chapt3_ws/src/install/example_topic_rclpy/share/ament_index
[0.466s] creating /d2lros2/chap3/chapt3_ws/src/install/example_topic_rclpy/share/ament_index/resource_index
[0.466s] creating /d2lros2/chap3/chapt3_ws/src/install/example_topic_rclpy/share/ament_index/resource_index/packages
[0.466s] copying resource/example_topic_rclpy -> /d2lros2/chap3/chapt3_ws/src/install/example_topic_rclpy/share/ament_index/resource_index/packages
[0.466s] copying package.xml -> /d2lros2/chap3/chapt3_ws/src/install/example_topic_rclpy/share/example_topic_rclpy
[0.466s] running install_egg_info
[0.467s] Copying ../build/example_topic_rclpy/example_topic_rclpy.egg-info to /d2lros2/chap3/chapt3_ws/src/install/example_topic_rclpy/lib/python3.10/site-packages/example_topic_rclpy-0.0.0-py3.10.egg-info
[0.467s] running install_scripts
[0.479s] Installing topic_publisher_02 script to /d2lros2/chap3/chapt3_ws/src/install/example_topic_rclpy/lib/example_topic_rclpy
[0.479s] Installing topic_subscribe_02 script to /d2lros2/chap3/chapt3_ws/src/install/example_topic_rclpy/lib/example_topic_rclpy
[0.479s] writing list of installed files to '/d2lros2/chap3/chapt3_ws/src/build/example_topic_rclpy/install.log'
[0.493s] Invoked command in '/d2lros2/chap3/chapt3_ws/src/example_topic_rclpy' returned '0': PYTHONPATH=/d2lros2/chap3/chapt3_ws/src/build/example_topic_rclpy/prefix_override:/usr/lib/python3/dist-packages/colcon_core/task/python/colcon_distutils_commands:/d2lros2/chap3/chapt3_ws/src/install/example_topic_rclpy/lib/python3.10/site-packages:${PYTHONPATH} /usr/bin/python3 -W ignore:setup.py install is deprecated setup.py egg_info --egg-base ../build/example_topic_rclpy build --build-base /d2lros2/chap3/chapt3_ws/src/build/example_topic_rclpy/build install --record /d2lros2/chap3/chapt3_ws/src/build/example_topic_rclpy/install.log --single-version-externally-managed install_data
