[0.018s] Invoking command in '/d2lros2/chap3/chapt3_ws/build/example_service_rclcpp': CMAKE_PREFIX_PATH=${CMAKE_PREFIX_PATH}:/d2lros2/chap3/chapt3_ws/install/example_topic_rclpy:/opt/ros/humble /usr/bin/cmake --build /d2lros2/chap3/chapt3_ws/build/example_service_rclcpp -- -j16 -l16
[0.084s] [35m[1mConsolidate compiler generated dependencies of target service_client_01[0m
[0.084s] [35m[1mConsolidate compiler generated dependencies of target service_server_01[0m
[0.095s] [ 50%] Built target service_server_01
[0.096s] [100%] Built target service_client_01
[0.165s] Invoked command in '/d2lros2/chap3/chapt3_ws/build/example_service_rclcpp' returned '0': CMAKE_PREFIX_PATH=${CMAKE_PREFIX_PATH}:/d2lros2/chap3/chapt3_ws/install/example_topic_rclpy:/opt/ros/humble /usr/bin/cmake --build /d2lros2/chap3/chapt3_ws/build/example_service_rclcpp -- -j16 -l16
[0.191s] Invoking command in '/d2lros2/chap3/chapt3_ws/build/example_service_rclcpp': CMAKE_PREFIX_PATH=${CMAKE_PREFIX_PATH}:/d2lros2/chap3/chapt3_ws/install/example_topic_rclpy:/opt/ros/humble /usr/bin/cmake --install /d2lros2/chap3/chapt3_ws/build/example_service_rclcpp
[0.194s] -- Install configuration: ""
[0.195s] -- Up-to-date: /d2lros2/chap3/chapt3_ws/install/example_service_rclcpp/share/ament_index/resource_index/package_run_dependencies/example_service_rclcpp
[0.195s] -- Up-to-date: /d2lros2/chap3/chapt3_ws/install/example_service_rclcpp/share/ament_index/resource_index/parent_prefix_path/example_service_rclcpp
[0.195s] -- Up-to-date: /d2lros2/chap3/chapt3_ws/install/example_service_rclcpp/share/example_service_rclcpp/environment/ament_prefix_path.sh
[0.195s] -- Up-to-date: /d2lros2/chap3/chapt3_ws/install/example_service_rclcpp/share/example_service_rclcpp/environment/ament_prefix_path.dsv
[0.195s] -- Up-to-date: /d2lros2/chap3/chapt3_ws/install/example_service_rclcpp/share/example_service_rclcpp/environment/path.sh
[0.195s] -- Up-to-date: /d2lros2/chap3/chapt3_ws/install/example_service_rclcpp/share/example_service_rclcpp/environment/path.dsv
[0.195s] -- Up-to-date: /d2lros2/chap3/chapt3_ws/install/example_service_rclcpp/share/example_service_rclcpp/local_setup.bash
[0.196s] -- Up-to-date: /d2lros2/chap3/chapt3_ws/install/example_service_rclcpp/share/example_service_rclcpp/local_setup.sh
[0.196s] -- Up-to-date: /d2lros2/chap3/chapt3_ws/install/example_service_rclcpp/share/example_service_rclcpp/local_setup.zsh
[0.196s] -- Up-to-date: /d2lros2/chap3/chapt3_ws/install/example_service_rclcpp/share/example_service_rclcpp/local_setup.dsv
[0.196s] -- Installing: /d2lros2/chap3/chapt3_ws/install/example_service_rclcpp/share/example_service_rclcpp/package.dsv
[0.196s] -- Up-to-date: /d2lros2/chap3/chapt3_ws/install/example_service_rclcpp/share/ament_index/resource_index/packages/example_service_rclcpp
[0.196s] -- Up-to-date: /d2lros2/chap3/chapt3_ws/install/example_service_rclcpp/share/example_service_rclcpp/cmake/example_service_rclcppConfig.cmake
[0.196s] -- Up-to-date: /d2lros2/chap3/chapt3_ws/install/example_service_rclcpp/share/example_service_rclcpp/cmake/example_service_rclcppConfig-version.cmake
[0.196s] -- Up-to-date: /d2lros2/chap3/chapt3_ws/install/example_service_rclcpp/share/example_service_rclcpp/package.xml
[0.196s] -- Up-to-date: /d2lros2/chap3/chapt3_ws/install/example_service_rclcpp/lib/example_service_rclcpp/service_server_01
[0.196s] -- Up-to-date: /d2lros2/chap3/chapt3_ws/install/example_service_rclcpp/lib/example_service_rclcpp/service_client_01
[0.208s] Invoked command in '/d2lros2/chap3/chapt3_ws/build/example_service_rclcpp' returned '0': CMAKE_PREFIX_PATH=${CMAKE_PREFIX_PATH}:/d2lros2/chap3/chapt3_ws/install/example_topic_rclpy:/opt/ros/humble /usr/bin/cmake --install /d2lros2/chap3/chapt3_ws/build/example_service_rclcpp
