[0.397s] Invoking command in '/d2lros2/chap2/chapt2_ws/src/example_py': PYTHONPATH=/d2lros2/chap2/chapt2_ws/build/example_py/prefix_override:/usr/lib/python3/dist-packages/colcon_core/task/python/colcon_distutils_commands:/d2lros2/chap2/chapt2_ws/install/example_py/lib/python3.10/site-packages:${PYTHONPATH} /usr/bin/python3 -W ignore:setup.py install is deprecated setup.py egg_info --egg-base ../../build/example_py build --build-base /d2lros2/chap2/chapt2_ws/build/example_py/build install --record /d2lros2/chap2/chapt2_ws/build/example_py/install.log --single-version-externally-managed install_data
[0.529s] running egg_info
[0.529s] writing ../../build/example_py/example_py.egg-info/PKG-INFO
[0.529s] writing dependency_links to ../../build/example_py/example_py.egg-info/dependency_links.txt
[0.530s] writing entry points to ../../build/example_py/example_py.egg-info/entry_points.txt
[0.530s] writing requirements to ../../build/example_py/example_py.egg-info/requires.txt
[0.530s] writing top-level names to ../../build/example_py/example_py.egg-info/top_level.txt
[0.531s] reading manifest file '../../build/example_py/example_py.egg-info/SOURCES.txt'
[0.532s] writing manifest file '../../build/example_py/example_py.egg-info/SOURCES.txt'
[0.532s] running build
[0.532s] running build_py
[0.533s] copying example_py/node_04.py -> /d2lros2/chap2/chapt2_ws/build/example_py/build/lib/example_py
[0.533s] running install
[0.533s] running install_lib
[0.533s] copying /d2lros2/chap2/chapt2_ws/build/example_py/build/lib/example_py/node_04.py -> /d2lros2/chap2/chapt2_ws/install/example_py/lib/python3.10/site-packages/example_py
[0.533s] byte-compiling /d2lros2/chap2/chapt2_ws/install/example_py/lib/python3.10/site-packages/example_py/node_04.py to node_04.cpython-310.pyc
[0.534s] running install_data
[0.534s] running install_egg_info
[0.535s] removing '/d2lros2/chap2/chapt2_ws/install/example_py/lib/python3.10/site-packages/example_py-0.0.0-py3.10.egg-info' (and everything under it)
[0.535s] Copying ../../build/example_py/example_py.egg-info to /d2lros2/chap2/chapt2_ws/install/example_py/lib/python3.10/site-packages/example_py-0.0.0-py3.10.egg-info
[0.537s] running install_scripts
[0.549s] Installing node_02 = example_py.node_02:mainnode_04 script to /d2lros2/chap2/chapt2_ws/install/example_py/lib/example_py
[0.549s] writing list of installed files to '/d2lros2/chap2/chapt2_ws/build/example_py/install.log'
[0.563s] Invoked command in '/d2lros2/chap2/chapt2_ws/src/example_py' returned '0': PYTHONPATH=/d2lros2/chap2/chapt2_ws/build/example_py/prefix_override:/usr/lib/python3/dist-packages/colcon_core/task/python/colcon_distutils_commands:/d2lros2/chap2/chapt2_ws/install/example_py/lib/python3.10/site-packages:${PYTHONPATH} /usr/bin/python3 -W ignore:setup.py install is deprecated setup.py egg_info --egg-base ../../build/example_py build --build-base /d2lros2/chap2/chapt2_ws/build/example_py/build install --record /d2lros2/chap2/chapt2_ws/build/example_py/install.log --single-version-externally-managed install_data
