[0.178s] DEBUG:colcon:Command line arguments: ['/usr/bin/colcon', 'build']
[0.178s] DEBUG:colcon:Parsed command line arguments: Namespace(log_base=None, log_level=None, verb_name='build', build_base='build', install_base='install', merge_install=False, symlink_install=False, test_result_base=None, continue_on_error=False, executor='parallel', parallel_workers=16, event_handlers=None, ignore_user_meta=False, metas=['./colcon.meta'], base_paths=['.'], packages_ignore=None, packages_ignore_regex=None, paths=None, packages_up_to=None, packages_up_to_regex=None, packages_above=None, packages_above_and_dependencies=None, packages_above_depth=None, packages_select_by_dep=None, packages_skip_by_dep=None, packages_skip_up_to=None, packages_select_build_failed=False, packages_skip_build_finished=False, packages_select_test_failures=False, packages_skip_test_passed=False, packages_select=None, packages_skip=None, packages_select_regex=None, packages_skip_regex=None, packages_start=None, packages_end=None, cmake_args=None, cmake_target=None, cmake_target_skip_unavailable=False, cmake_clean_cache=False, cmake_clean_first=False, cmake_force_configure=False, ament_cmake_args=None, catkin_cmake_args=None, catkin_skip_building_tests=False, mixin_files=None, mixin=None, verb_parser=<colcon_mixin.mixin.mixin_argument.MixinArgumentDecorator object at 0x7f6a11377eb0>, verb_extension=<colcon_core.verb.build.BuildVerb object at 0x7f6a11377820>, main=<bound method BuildVerb.main of <colcon_core.verb.build.BuildVerb object at 0x7f6a11377820>>, mixin_verb=('build',))
[0.318s] Level 1:colcon.colcon_core.package_discovery:discover_packages(colcon_meta) check parameters
[0.319s] INFO:colcon.colcon_metadata.package_discovery.colcon_meta:Using configuration from '/root/.colcon/metadata/default/Gazebo.meta'
[0.319s] INFO:colcon.colcon_metadata.package_discovery.colcon_meta:Using configuration from '/root/.colcon/metadata/default/fastrtps.meta'
[0.320s] Level 1:colcon.colcon_core.package_discovery:discover_packages(recursive) check parameters
[0.320s] Level 1:colcon.colcon_core.package_discovery:discover_packages(ignore) check parameters
[0.320s] Level 1:colcon.colcon_core.package_discovery:discover_packages(path) check parameters
[0.320s] Level 1:colcon.colcon_core.package_discovery:discover_packages(colcon_meta) discover
[0.320s] Level 1:colcon.colcon_core.package_discovery:discover_packages(recursive) discover
[0.320s] INFO:colcon.colcon_core.package_discovery:Crawling recursively for packages in '/d2lros2/chap2/chapt2_ws'
[0.320s] Level 1:colcon.colcon_core.package_identification:_identify(.) by extensions ['ignore', 'ignore_ament_install']
[0.320s] Level 1:colcon.colcon_core.package_identification:_identify(.) by extension 'ignore'
[0.320s] Level 1:colcon.colcon_core.package_identification:_identify(.) by extension 'ignore_ament_install'
[0.320s] Level 1:colcon.colcon_core.package_identification:_identify(.) by extensions ['colcon_pkg']
[0.320s] Level 1:colcon.colcon_core.package_identification:_identify(.) by extension 'colcon_pkg'
[0.320s] Level 1:colcon.colcon_core.package_identification:_identify(.) by extensions ['colcon_meta']
[0.320s] Level 1:colcon.colcon_core.package_identification:_identify(.) by extension 'colcon_meta'
[0.320s] Level 1:colcon.colcon_core.package_identification:_identify(.) by extensions ['ros']
[0.320s] Level 1:colcon.colcon_core.package_identification:_identify(.) by extension 'ros'
[0.331s] Level 1:colcon.colcon_core.package_identification:_identify(.) by extensions ['cmake', 'python']
[0.331s] Level 1:colcon.colcon_core.package_identification:_identify(.) by extension 'cmake'
[0.331s] Level 1:colcon.colcon_core.package_identification:_identify(.) by extension 'python'
[0.331s] Level 1:colcon.colcon_core.package_identification:_identify(.) by extensions ['python_setup_py']
[0.331s] Level 1:colcon.colcon_core.package_identification:_identify(.) by extension 'python_setup_py'
[0.331s] Level 1:colcon.colcon_core.package_identification:_identify(build) by extensions ['ignore', 'ignore_ament_install']
[0.331s] Level 1:colcon.colcon_core.package_identification:_identify(build) by extension 'ignore'
[0.331s] Level 1:colcon.colcon_core.package_identification:_identify(build) ignored
[0.331s] Level 1:colcon.colcon_core.package_identification:_identify(install) by extensions ['ignore', 'ignore_ament_install']
[0.331s] Level 1:colcon.colcon_core.package_identification:_identify(install) by extension 'ignore'
[0.331s] Level 1:colcon.colcon_core.package_identification:_identify(install) ignored
[0.331s] Level 1:colcon.colcon_core.package_identification:_identify(log) by extensions ['ignore', 'ignore_ament_install']
[0.331s] Level 1:colcon.colcon_core.package_identification:_identify(log) by extension 'ignore'
[0.331s] Level 1:colcon.colcon_core.package_identification:_identify(log) ignored
[0.332s] Level 1:colcon.colcon_core.package_identification:_identify(src) by extensions ['ignore', 'ignore_ament_install']
[0.332s] Level 1:colcon.colcon_core.package_identification:_identify(src) by extension 'ignore'
[0.332s] Level 1:colcon.colcon_core.package_identification:_identify(src) by extension 'ignore_ament_install'
[0.332s] Level 1:colcon.colcon_core.package_identification:_identify(src) by extensions ['colcon_pkg']
[0.332s] Level 1:colcon.colcon_core.package_identification:_identify(src) by extension 'colcon_pkg'
[0.332s] Level 1:colcon.colcon_core.package_identification:_identify(src) by extensions ['colcon_meta']
[0.332s] Level 1:colcon.colcon_core.package_identification:_identify(src) by extension 'colcon_meta'
[0.332s] Level 1:colcon.colcon_core.package_identification:_identify(src) by extensions ['ros']
[0.332s] Level 1:colcon.colcon_core.package_identification:_identify(src) by extension 'ros'
[0.332s] Level 1:colcon.colcon_core.package_identification:_identify(src) by extensions ['cmake', 'python']
[0.332s] Level 1:colcon.colcon_core.package_identification:_identify(src) by extension 'cmake'
[0.332s] Level 1:colcon.colcon_core.package_identification:_identify(src) by extension 'python'
[0.332s] Level 1:colcon.colcon_core.package_identification:_identify(src) by extensions ['python_setup_py']
[0.332s] Level 1:colcon.colcon_core.package_identification:_identify(src) by extension 'python_setup_py'
[0.332s] Level 1:colcon.colcon_core.package_identification:_identify(src/example_cpp) by extensions ['ignore', 'ignore_ament_install']
[0.332s] Level 1:colcon.colcon_core.package_identification:_identify(src/example_cpp) by extension 'ignore'
[0.332s] Level 1:colcon.colcon_core.package_identification:_identify(src/example_cpp) by extension 'ignore_ament_install'
[0.332s] Level 1:colcon.colcon_core.package_identification:_identify(src/example_cpp) by extensions ['colcon_pkg']
[0.332s] Level 1:colcon.colcon_core.package_identification:_identify(src/example_cpp) by extension 'colcon_pkg'
[0.332s] Level 1:colcon.colcon_core.package_identification:_identify(src/example_cpp) by extensions ['colcon_meta']
[0.332s] Level 1:colcon.colcon_core.package_identification:_identify(src/example_cpp) by extension 'colcon_meta'
[0.332s] Level 1:colcon.colcon_core.package_identification:_identify(src/example_cpp) by extensions ['ros']
[0.332s] Level 1:colcon.colcon_core.package_identification:_identify(src/example_cpp) by extension 'ros'
[0.335s] DEBUG:colcon.colcon_core.package_identification:Package 'src/example_cpp' with type 'ros.ament_cmake' and name 'example_cpp'
[0.335s] Level 1:colcon.colcon_core.package_identification:_identify(src/example_py) by extensions ['ignore', 'ignore_ament_install']
[0.335s] Level 1:colcon.colcon_core.package_identification:_identify(src/example_py) by extension 'ignore'
[0.335s] Level 1:colcon.colcon_core.package_identification:_identify(src/example_py) by extension 'ignore_ament_install'
[0.335s] Level 1:colcon.colcon_core.package_identification:_identify(src/example_py) by extensions ['colcon_pkg']
[0.335s] Level 1:colcon.colcon_core.package_identification:_identify(src/example_py) by extension 'colcon_pkg'
[0.335s] Level 1:colcon.colcon_core.package_identification:_identify(src/example_py) by extensions ['colcon_meta']
[0.335s] Level 1:colcon.colcon_core.package_identification:_identify(src/example_py) by extension 'colcon_meta'
[0.335s] Level 1:colcon.colcon_core.package_identification:_identify(src/example_py) by extensions ['ros']
[0.335s] Level 1:colcon.colcon_core.package_identification:_identify(src/example_py) by extension 'ros'
[0.336s] DEBUG:colcon.colcon_core.package_identification:Package 'src/example_py' with type 'ros.ament_python' and name 'example_py'
[0.336s] Level 1:colcon.colcon_core.package_discovery:discover_packages(recursive) using defaults
[0.336s] Level 1:colcon.colcon_core.package_discovery:discover_packages(ignore) discover
[0.336s] Level 1:colcon.colcon_core.package_discovery:discover_packages(ignore) using defaults
[0.336s] Level 1:colcon.colcon_core.package_discovery:discover_packages(path) discover
[0.336s] Level 1:colcon.colcon_core.package_discovery:discover_packages(path) using defaults
[0.356s] Level 5:colcon.colcon_core.verb:set package 'example_cpp' build argument 'cmake_args' from command line to 'None'
[0.356s] Level 5:colcon.colcon_core.verb:set package 'example_cpp' build argument 'cmake_target' from command line to 'None'
[0.356s] Level 5:colcon.colcon_core.verb:set package 'example_cpp' build argument 'cmake_target_skip_unavailable' from command line to 'False'
[0.356s] Level 5:colcon.colcon_core.verb:set package 'example_cpp' build argument 'cmake_clean_cache' from command line to 'False'
[0.356s] Level 5:colcon.colcon_core.verb:set package 'example_cpp' build argument 'cmake_clean_first' from command line to 'False'
[0.356s] Level 5:colcon.colcon_core.verb:set package 'example_cpp' build argument 'cmake_force_configure' from command line to 'False'
[0.356s] Level 5:colcon.colcon_core.verb:set package 'example_cpp' build argument 'ament_cmake_args' from command line to 'None'
[0.356s] Level 5:colcon.colcon_core.verb:set package 'example_cpp' build argument 'catkin_cmake_args' from command line to 'None'
[0.356s] Level 5:colcon.colcon_core.verb:set package 'example_cpp' build argument 'catkin_skip_building_tests' from command line to 'False'
[0.356s] DEBUG:colcon.colcon_core.verb:Building package 'example_cpp' with the following arguments: {'ament_cmake_args': None, 'build_base': '/d2lros2/chap2/chapt2_ws/build/example_cpp', 'catkin_cmake_args': None, 'catkin_skip_building_tests': False, 'cmake_args': None, 'cmake_clean_cache': False, 'cmake_clean_first': False, 'cmake_force_configure': False, 'cmake_target': None, 'cmake_target_skip_unavailable': False, 'install_base': '/d2lros2/chap2/chapt2_ws/install/example_cpp', 'merge_install': False, 'path': '/d2lros2/chap2/chapt2_ws/src/example_cpp', 'symlink_install': False, 'test_result_base': None}
[0.356s] Level 5:colcon.colcon_core.verb:set package 'example_py' build argument 'cmake_args' from command line to 'None'
[0.356s] Level 5:colcon.colcon_core.verb:set package 'example_py' build argument 'cmake_target' from command line to 'None'
[0.356s] Level 5:colcon.colcon_core.verb:set package 'example_py' build argument 'cmake_target_skip_unavailable' from command line to 'False'
[0.356s] Level 5:colcon.colcon_core.verb:set package 'example_py' build argument 'cmake_clean_cache' from command line to 'False'
[0.356s] Level 5:colcon.colcon_core.verb:set package 'example_py' build argument 'cmake_clean_first' from command line to 'False'
[0.356s] Level 5:colcon.colcon_core.verb:set package 'example_py' build argument 'cmake_force_configure' from command line to 'False'
[0.356s] Level 5:colcon.colcon_core.verb:set package 'example_py' build argument 'ament_cmake_args' from command line to 'None'
[0.356s] Level 5:colcon.colcon_core.verb:set package 'example_py' build argument 'catkin_cmake_args' from command line to 'None'
[0.356s] Level 5:colcon.colcon_core.verb:set package 'example_py' build argument 'catkin_skip_building_tests' from command line to 'False'
[0.356s] DEBUG:colcon.colcon_core.verb:Building package 'example_py' with the following arguments: {'ament_cmake_args': None, 'build_base': '/d2lros2/chap2/chapt2_ws/build/example_py', 'catkin_cmake_args': None, 'catkin_skip_building_tests': False, 'cmake_args': None, 'cmake_clean_cache': False, 'cmake_clean_first': False, 'cmake_force_configure': False, 'cmake_target': None, 'cmake_target_skip_unavailable': False, 'install_base': '/d2lros2/chap2/chapt2_ws/install/example_py', 'merge_install': False, 'path': '/d2lros2/chap2/chapt2_ws/src/example_py', 'symlink_install': False, 'test_result_base': None}
[0.357s] INFO:colcon.colcon_core.executor:Executing jobs using 'parallel' executor
[0.357s] DEBUG:colcon.colcon_parallel_executor.executor.parallel:run_until_complete
[0.358s] INFO:colcon.colcon_ros.task.ament_cmake.build:Building ROS package in '/d2lros2/chap2/chapt2_ws/src/example_cpp' with build type 'ament_cmake'
[0.358s] INFO:colcon.colcon_cmake.task.cmake.build:Building CMake package in '/d2lros2/chap2/chapt2_ws/src/example_cpp'
[0.361s] INFO:colcon.colcon_core.plugin_system:Skipping extension 'colcon_core.shell.bat': Not used on non-Windows systems
[0.361s] INFO:colcon.colcon_core.shell:Skip shell extension 'powershell' for command environment: Not usable outside of PowerShell
[0.361s] DEBUG:colcon.colcon_core.shell:Skip shell extension 'dsv' for command environment
[0.366s] INFO:colcon.colcon_ros.task.ament_python.build:Building ROS package in '/d2lros2/chap2/chapt2_ws/src/example_py' with build type 'ament_python'
[0.366s] Level 1:colcon.colcon_core.shell:create_environment_hook('example_py', 'ament_prefix_path')
[0.366s] INFO:colcon.colcon_core.shell:Creating environment hook '/d2lros2/chap2/chapt2_ws/install/example_py/share/example_py/hook/ament_prefix_path.ps1'
[0.367s] INFO:colcon.colcon_core.shell:Creating environment descriptor '/d2lros2/chap2/chapt2_ws/install/example_py/share/example_py/hook/ament_prefix_path.dsv'
[0.368s] INFO:colcon.colcon_core.shell:Creating environment hook '/d2lros2/chap2/chapt2_ws/install/example_py/share/example_py/hook/ament_prefix_path.sh'
[0.369s] INFO:colcon.colcon_core.shell:Skip shell extension 'powershell' for command environment: Not usable outside of PowerShell
[0.369s] DEBUG:colcon.colcon_core.shell:Skip shell extension 'dsv' for command environment
[0.374s] DEBUG:colcon.colcon_core.event_handler.log_command:Invoking command in '/d2lros2/chap2/chapt2_ws/build/example_cpp': CMAKE_PREFIX_PATH=/opt/ros/humble /usr/bin/cmake --build /d2lros2/chap2/chapt2_ws/build/example_cpp -- -j16 -l16
[0.527s] INFO:colcon.colcon_core.task.python.build:Building Python package in '/d2lros2/chap2/chapt2_ws/src/example_py'
[0.527s] INFO:colcon.colcon_core.shell:Skip shell extension 'powershell' for command environment: Not usable outside of PowerShell
[0.527s] DEBUG:colcon.colcon_core.shell:Skip shell extension 'dsv' for command environment
[0.530s] DEBUG:colcon.colcon_core.event_handler.log_command:Invoked command in '/d2lros2/chap2/chapt2_ws/build/example_cpp' returned '0': CMAKE_PREFIX_PATH=/opt/ros/humble /usr/bin/cmake --build /d2lros2/chap2/chapt2_ws/build/example_cpp -- -j16 -l16
[0.554s] DEBUG:colcon.colcon_core.event_handler.log_command:Invoking command in '/d2lros2/chap2/chapt2_ws/build/example_cpp': CMAKE_PREFIX_PATH=/opt/ros/humble /usr/bin/cmake --install /d2lros2/chap2/chapt2_ws/build/example_cpp
[0.562s] Level 1:colcon.colcon_core.environment:create_environment_scripts_only(example_cpp)
[0.563s] DEBUG:colcon.colcon_core.event_handler.log_command:Invoked command in '/d2lros2/chap2/chapt2_ws/build/example_cpp' returned '0': CMAKE_PREFIX_PATH=/opt/ros/humble /usr/bin/cmake --install /d2lros2/chap2/chapt2_ws/build/example_cpp
[0.567s] Level 1:colcon.colcon_core.environment:checking '/d2lros2/chap2/chapt2_ws/install/example_cpp' for CMake module files
[0.567s] Level 1:colcon.colcon_core.environment:checking '/d2lros2/chap2/chapt2_ws/install/example_cpp' for CMake config files
[0.567s] Level 1:colcon.colcon_core.shell:create_environment_hook('example_cpp', 'cmake_prefix_path')
[0.567s] INFO:colcon.colcon_core.shell:Creating environment hook '/d2lros2/chap2/chapt2_ws/install/example_cpp/share/example_cpp/hook/cmake_prefix_path.ps1'
[0.568s] INFO:colcon.colcon_core.shell:Creating environment descriptor '/d2lros2/chap2/chapt2_ws/install/example_cpp/share/example_cpp/hook/cmake_prefix_path.dsv'
[0.568s] INFO:colcon.colcon_core.shell:Creating environment hook '/d2lros2/chap2/chapt2_ws/install/example_cpp/share/example_cpp/hook/cmake_prefix_path.sh'
[0.569s] Level 1:colcon.colcon_core.environment:checking '/d2lros2/chap2/chapt2_ws/install/example_cpp/lib'
[0.569s] Level 1:colcon.colcon_core.environment:checking '/d2lros2/chap2/chapt2_ws/install/example_cpp/bin'
[0.569s] Level 1:colcon.colcon_core.environment:checking '/d2lros2/chap2/chapt2_ws/install/example_cpp/lib/pkgconfig/example_cpp.pc'
[0.569s] Level 1:colcon.colcon_core.environment:checking '/d2lros2/chap2/chapt2_ws/install/example_cpp/lib/python3.10/site-packages'
[0.570s] Level 1:colcon.colcon_core.environment:checking '/d2lros2/chap2/chapt2_ws/install/example_cpp/bin'
[0.570s] INFO:colcon.colcon_core.shell:Creating package script '/d2lros2/chap2/chapt2_ws/install/example_cpp/share/example_cpp/package.ps1'
[0.570s] INFO:colcon.colcon_core.shell:Creating package descriptor '/d2lros2/chap2/chapt2_ws/install/example_cpp/share/example_cpp/package.dsv'
[0.571s] INFO:colcon.colcon_core.shell:Creating package script '/d2lros2/chap2/chapt2_ws/install/example_cpp/share/example_cpp/package.sh'
[0.572s] INFO:colcon.colcon_core.shell:Creating package script '/d2lros2/chap2/chapt2_ws/install/example_cpp/share/example_cpp/package.bash'
[0.573s] INFO:colcon.colcon_core.shell:Creating package script '/d2lros2/chap2/chapt2_ws/install/example_cpp/share/example_cpp/package.zsh'
[0.574s] Level 1:colcon.colcon_core.environment:create_file_with_runtime_dependencies(/d2lros2/chap2/chapt2_ws/install/example_cpp/share/colcon-core/packages/example_cpp)
[0.589s] Level 1:colcon.colcon_core.environment:create_environment_scripts_only(example_cpp)
[0.589s] Level 1:colcon.colcon_core.environment:checking '/d2lros2/chap2/chapt2_ws/install/example_cpp' for CMake module files
[0.589s] Level 1:colcon.colcon_core.environment:checking '/d2lros2/chap2/chapt2_ws/install/example_cpp' for CMake config files
[0.590s] Level 1:colcon.colcon_core.shell:create_environment_hook('example_cpp', 'cmake_prefix_path')
[0.590s] INFO:colcon.colcon_core.shell:Creating environment hook '/d2lros2/chap2/chapt2_ws/install/example_cpp/share/example_cpp/hook/cmake_prefix_path.ps1'
[0.590s] INFO:colcon.colcon_core.shell:Creating environment descriptor '/d2lros2/chap2/chapt2_ws/install/example_cpp/share/example_cpp/hook/cmake_prefix_path.dsv'
[0.590s] INFO:colcon.colcon_core.shell:Creating environment hook '/d2lros2/chap2/chapt2_ws/install/example_cpp/share/example_cpp/hook/cmake_prefix_path.sh'
[0.591s] Level 1:colcon.colcon_core.environment:checking '/d2lros2/chap2/chapt2_ws/install/example_cpp/lib'
[0.591s] Level 1:colcon.colcon_core.environment:checking '/d2lros2/chap2/chapt2_ws/install/example_cpp/bin'
[0.591s] Level 1:colcon.colcon_core.environment:checking '/d2lros2/chap2/chapt2_ws/install/example_cpp/lib/pkgconfig/example_cpp.pc'
[0.591s] Level 1:colcon.colcon_core.environment:checking '/d2lros2/chap2/chapt2_ws/install/example_cpp/lib/python3.10/site-packages'
[0.591s] Level 1:colcon.colcon_core.environment:checking '/d2lros2/chap2/chapt2_ws/install/example_cpp/bin'
[0.591s] INFO:colcon.colcon_core.shell:Creating package script '/d2lros2/chap2/chapt2_ws/install/example_cpp/share/example_cpp/package.ps1'
[0.591s] INFO:colcon.colcon_core.shell:Creating package descriptor '/d2lros2/chap2/chapt2_ws/install/example_cpp/share/example_cpp/package.dsv'
[0.592s] INFO:colcon.colcon_core.shell:Creating package script '/d2lros2/chap2/chapt2_ws/install/example_cpp/share/example_cpp/package.sh'
[0.592s] INFO:colcon.colcon_core.shell:Creating package script '/d2lros2/chap2/chapt2_ws/install/example_cpp/share/example_cpp/package.bash'
[0.592s] INFO:colcon.colcon_core.shell:Creating package script '/d2lros2/chap2/chapt2_ws/install/example_cpp/share/example_cpp/package.zsh'
[0.593s] Level 1:colcon.colcon_core.environment:create_file_with_runtime_dependencies(/d2lros2/chap2/chapt2_ws/install/example_cpp/share/colcon-core/packages/example_cpp)
[0.764s] DEBUG:colcon.colcon_core.event_handler.log_command:Invoking command in '/d2lros2/chap2/chapt2_ws/src/example_py': PYTHONPATH=/d2lros2/chap2/chapt2_ws/build/example_py/prefix_override:/usr/lib/python3/dist-packages/colcon_core/task/python/colcon_distutils_commands:/d2lros2/chap2/chapt2_ws/install/example_py/lib/python3.10/site-packages:${PYTHONPATH} /usr/bin/python3 -W ignore:setup.py install is deprecated setup.py egg_info --egg-base ../../build/example_py build --build-base /d2lros2/chap2/chapt2_ws/build/example_py/build install --record /d2lros2/chap2/chapt2_ws/build/example_py/install.log --single-version-externally-managed install_data
[0.928s] Level 1:colcon.colcon_core.environment:checking '/d2lros2/chap2/chapt2_ws/install/example_py' for CMake module files
[0.929s] DEBUG:colcon.colcon_core.event_handler.log_command:Invoked command in '/d2lros2/chap2/chapt2_ws/src/example_py' returned '0': PYTHONPATH=/d2lros2/chap2/chapt2_ws/build/example_py/prefix_override:/usr/lib/python3/dist-packages/colcon_core/task/python/colcon_distutils_commands:/d2lros2/chap2/chapt2_ws/install/example_py/lib/python3.10/site-packages:${PYTHONPATH} /usr/bin/python3 -W ignore:setup.py install is deprecated setup.py egg_info --egg-base ../../build/example_py build --build-base /d2lros2/chap2/chapt2_ws/build/example_py/build install --record /d2lros2/chap2/chapt2_ws/build/example_py/install.log --single-version-externally-managed install_data
[0.929s] Level 1:colcon.colcon_core.environment:checking '/d2lros2/chap2/chapt2_ws/install/example_py' for CMake config files
[0.930s] Level 1:colcon.colcon_core.environment:checking '/d2lros2/chap2/chapt2_ws/install/example_py/lib'
[0.930s] Level 1:colcon.colcon_core.environment:checking '/d2lros2/chap2/chapt2_ws/install/example_py/bin'
[0.930s] Level 1:colcon.colcon_core.environment:checking '/d2lros2/chap2/chapt2_ws/install/example_py/lib/pkgconfig/example_py.pc'
[0.930s] Level 1:colcon.colcon_core.environment:checking '/d2lros2/chap2/chapt2_ws/install/example_py/lib/python3.10/site-packages'
[0.930s] Level 1:colcon.colcon_core.shell:create_environment_hook('example_py', 'pythonpath')
[0.930s] INFO:colcon.colcon_core.shell:Creating environment hook '/d2lros2/chap2/chapt2_ws/install/example_py/share/example_py/hook/pythonpath.ps1'
[0.930s] INFO:colcon.colcon_core.shell:Creating environment descriptor '/d2lros2/chap2/chapt2_ws/install/example_py/share/example_py/hook/pythonpath.dsv'
[0.930s] INFO:colcon.colcon_core.shell:Creating environment hook '/d2lros2/chap2/chapt2_ws/install/example_py/share/example_py/hook/pythonpath.sh'
[0.931s] Level 1:colcon.colcon_core.environment:checking '/d2lros2/chap2/chapt2_ws/install/example_py/bin'
[0.931s] Level 1:colcon.colcon_core.environment:create_environment_scripts_only(example_py)
[0.931s] INFO:colcon.colcon_core.shell:Creating package script '/d2lros2/chap2/chapt2_ws/install/example_py/share/example_py/package.ps1'
[0.931s] INFO:colcon.colcon_core.shell:Creating package descriptor '/d2lros2/chap2/chapt2_ws/install/example_py/share/example_py/package.dsv'
[0.932s] INFO:colcon.colcon_core.shell:Creating package script '/d2lros2/chap2/chapt2_ws/install/example_py/share/example_py/package.sh'
[0.932s] INFO:colcon.colcon_core.shell:Creating package script '/d2lros2/chap2/chapt2_ws/install/example_py/share/example_py/package.bash'
[0.932s] INFO:colcon.colcon_core.shell:Creating package script '/d2lros2/chap2/chapt2_ws/install/example_py/share/example_py/package.zsh'
[0.932s] Level 1:colcon.colcon_core.environment:create_file_with_runtime_dependencies(/d2lros2/chap2/chapt2_ws/install/example_py/share/colcon-core/packages/example_py)
[0.933s] DEBUG:colcon.colcon_parallel_executor.executor.parallel:closing loop
[0.933s] DEBUG:colcon.colcon_parallel_executor.executor.parallel:loop closed
[0.933s] DEBUG:colcon.colcon_parallel_executor.executor.parallel:run_until_complete finished with '0'
[0.933s] DEBUG:colcon.colcon_core.event_reactor:joining thread
[0.942s] INFO:colcon.colcon_core.plugin_system:Skipping extension 'colcon_notification.desktop_notification.notify_send': Could not find 'notify-send'
[0.942s] INFO:colcon.colcon_core.plugin_system:Skipping extension 'colcon_notification.desktop_notification.terminal_notifier': Not used on non-Darwin systems
[0.942s] INFO:colcon.colcon_core.plugin_system:Skipping extension 'colcon_notification.desktop_notification.win32': Not used on non-Windows systems
[0.942s] INFO:colcon.colcon_notification.desktop_notification:Sending desktop notification using 'notify2'
[0.944s] DEBUG:colcon.colcon_notification.desktop_notification.notify2:Failed to initialize notify2: org.freedesktop.DBus.Error.Spawn.ExecFailed: /usr/bin/dbus-launch terminated abnormally without any error message
[0.944s] DEBUG:colcon.colcon_core.event_reactor:joined thread
[0.944s] INFO:colcon.colcon_core.shell:Creating prefix script '/d2lros2/chap2/chapt2_ws/install/local_setup.ps1'
[0.945s] INFO:colcon.colcon_core.shell:Creating prefix util module '/d2lros2/chap2/chapt2_ws/install/_local_setup_util_ps1.py'
[0.946s] INFO:colcon.colcon_core.shell:Creating prefix chain script '/d2lros2/chap2/chapt2_ws/install/setup.ps1'
[0.947s] INFO:colcon.colcon_core.shell:Creating prefix script '/d2lros2/chap2/chapt2_ws/install/local_setup.sh'
[0.947s] INFO:colcon.colcon_core.shell:Creating prefix util module '/d2lros2/chap2/chapt2_ws/install/_local_setup_util_sh.py'
[0.948s] INFO:colcon.colcon_core.shell:Creating prefix chain script '/d2lros2/chap2/chapt2_ws/install/setup.sh'
[0.948s] INFO:colcon.colcon_core.shell:Creating prefix script '/d2lros2/chap2/chapt2_ws/install/local_setup.bash'
[0.949s] INFO:colcon.colcon_core.shell:Creating prefix chain script '/d2lros2/chap2/chapt2_ws/install/setup.bash'
[0.950s] INFO:colcon.colcon_core.shell:Creating prefix script '/d2lros2/chap2/chapt2_ws/install/local_setup.zsh'
[0.950s] INFO:colcon.colcon_core.shell:Creating prefix chain script '/d2lros2/chap2/chapt2_ws/install/setup.zsh'
