[01m[K/d2lros2/chap3/chapt3_ws/src/example_topic_rclcpp/src/topic_publisher_01.cpp:24:38:[m[K [01;31m[Kerror: [m[K‘[01m[Kstring[m[K’ is not a member of ‘[01m[Kstd_msgs::msg[m[K’; did you mean ‘[01m[KString[m[K’?
   24 |     rclcpp::Publisher<std_msgs::msg::[01;31m[Kstring[m[K>::SharedPtr command_publisher_;
      |                                      [01;31m[K^~~~~~[m[K
      |                                      [32m[KString[m[K
[01m[K/d2lros2/chap3/chapt3_ws/src/example_topic_rclcpp/src/topic_publisher_01.cpp:24:44:[m[K [01;31m[Kerror: [m[Ktemplate argument 1 is invalid
   24 |     rclcpp::Publisher<std_msgs::msg::string[01;31m[K>[m[K::SharedPtr command_publisher_;
      |                                            [01;31m[K^[m[K
[01m[K/d2lros2/chap3/chapt3_ws/src/example_topic_rclcpp/src/topic_publisher_01.cpp:24:47:[m[K [01;31m[Kerror: [m[Kexpected ‘[01m[K;[m[K’ at end of member declaration
   24 |     rclcpp::Publisher<std_msgs::msg::string>::[01;31m[KSharedPtr[m[K command_publisher_;
      |                                               [01;31m[K^~~~~~~~~[m[K
      |                                                        [32m[K;[m[K
[01m[K/d2lros2/chap3/chapt3_ws/src/example_topic_rclcpp/src/topic_publisher_01.cpp:24:57:[m[K [01;31m[Kerror: [m[K‘[01m[Kcommand_publisher_[m[K’ does not name a type
   24 |     rclcpp::Publisher<std_msgs::msg::string>::SharedPtr [01;31m[Kcommand_publisher_[m[K;
      |                                                         [01;31m[K^~~~~~~~~~~~~~~~~~[m[K
[01m[K/d2lros2/chap3/chapt3_ws/src/example_topic_rclcpp/src/topic_publisher_01.cpp:[m[K In constructor ‘[01m[KTopicPublisher01::TopicPublisher01(std::string)[m[K’:
[01m[K/d2lros2/chap3/chapt3_ws/src/example_topic_rclcpp/src/topic_publisher_01.cpp:9:9:[m[K [01;31m[Kerror: [m[K‘[01m[Kcommand_publisher_[m[K’ was not declared in this scope; did you mean ‘[01m[Kcount_publishers[m[K’?
    9 |         [01;31m[Kcommand_publisher_[m[K = this->create_publisher<std_msgs::msg::String>("command", 10);
      |         [01;31m[K^~~~~~~~~~~~~~~~~~[m[K
      |         [32m[Kcount_publishers[m[K
[01m[K/d2lros2/chap3/chapt3_ws/src/example_topic_rclcpp/src/topic_publisher_01.cpp:[m[K In member function ‘[01m[Kvoid TopicPublisher01::timer_callback()[m[K’:
[01m[K/d2lros2/chap3/chapt3_ws/src/example_topic_rclcpp/src/topic_publisher_01.cpp:19:9:[m[K [01;31m[Kerror: [m[K‘[01m[Kcommand_publisher_[m[K’ was not declared in this scope; did you mean ‘[01m[Kcount_publishers[m[K’?
   19 |         [01;31m[Kcommand_publisher_[m[K->publish(message);
      |         [01;31m[K^~~~~~~~~~~~~~~~~~[m[K
      |         [32m[Kcount_publishers[m[K
gmake[2]: *** [CMakeFiles/topic_publisher_01.dir/build.make:76: CMakeFiles/topic_publisher_01.dir/src/topic_publisher_01.cpp.o] Error 1
gmake[1]: *** [CMakeFiles/Makefile2:137: CMakeFiles/topic_publisher_01.dir/all] Error 2
gmake: *** [Makefile:146: all] Error 2
