[0.058s] Invoking command in '/d2lros2/chap3/chapt3_ws/build/example_topic_rclcpp': CMAKE_PREFIX_PATH=/opt/ros/humble /usr/bin/cmake --build /d2lros2/chap3/chapt3_ws/build/example_topic_rclcpp -- -j16 -l16
[0.200s] -- Found ament_cmake: 1.3.10 (/opt/ros/humble/share/ament_cmake/cmake)
[0.614s] -- Found rclcpp: 16.0.10 (/opt/ros/humble/share/rclcpp/cmake)
[0.796s] -- Found rosidl_generator_c: 3.1.5 (/opt/ros/humble/share/rosidl_generator_c/cmake)
[0.808s] -- Found rosidl_adapter: 3.1.5 (/opt/ros/humble/share/rosidl_adapter/cmake)
[0.840s] -- Found rosidl_generator_cpp: 3.1.5 (/opt/ros/humble/share/rosidl_generator_cpp/cmake)
[0.871s] -- Using all available rosidl_typesupport_c: rosidl_typesupport_fastrtps_c;rosidl_typesupport_introspection_c
[0.915s] -- Using all available rosidl_typesupport_cpp: rosidl_typesupport_fastrtps_cpp;rosidl_typesupport_introspection_cpp
[1.061s] -- Found rmw_implementation_cmake: 6.1.2 (/opt/ros/humble/share/rmw_implementation_cmake/cmake)
[1.071s] -- Found rmw_fastrtps_cpp: 6.2.7 (/opt/ros/humble/share/rmw_fastrtps_cpp/cmake)
[1.398s] -- Using RMW implementation 'rmw_fastrtps_cpp' as default
[1.621s] -- Found ament_lint_auto: 0.12.11 (/opt/ros/humble/share/ament_lint_auto/cmake)
[1.849s] -- Added test 'cppcheck' to perform static code analysis on C / C++ code
[1.849s] -- Configured cppcheck include dirs: 
[1.849s] -- Configured cppcheck exclude dirs and/or files: 
[1.852s] -- Added test 'lint_cmake' to check CMake code style
[1.855s] -- Added test 'uncrustify' to check C / C++ code style
[1.855s] -- Configured uncrustify additional arguments: 
[1.859s] -- Added test 'xmllint' to check XML markup files
[1.868s] -- Configuring done
[1.910s] -- Generating done
[1.916s] -- Build files have been written to: /d2lros2/chap3/chapt3_ws/build/example_topic_rclcpp
[1.984s] [35m[1mConsolidate compiler generated dependencies of target topic_publisher_01[0m
[2.036s] [ 50%] [32mBuilding CXX object CMakeFiles/topic_publisher_01.dir/src/topic_publisher_01.cpp.o[0m
[8.590s] [01m[K/d2lros2/chap3/chapt3_ws/src/example_topic_rclcpp/src/topic_publisher_01.cpp:24:38:[m[K [01;31m[Kerror: [m[K‘[01m[Kstring[m[K’ is not a member of ‘[01m[Kstd_msgs::msg[m[K’; did you mean ‘[01m[KString[m[K’?
[8.590s]    24 |     rclcpp::Publisher<std_msgs::msg::[01;31m[Kstring[m[K>::SharedPtr command_publisher_;
[8.590s]       |                                      [01;31m[K^~~~~~[m[K
[8.590s]       |                                      [32m[KString[m[K
[8.590s] [01m[K/d2lros2/chap3/chapt3_ws/src/example_topic_rclcpp/src/topic_publisher_01.cpp:24:44:[m[K [01;31m[Kerror: [m[Ktemplate argument 1 is invalid
[8.590s]    24 |     rclcpp::Publisher<std_msgs::msg::string[01;31m[K>[m[K::SharedPtr command_publisher_;
[8.591s]       |                                            [01;31m[K^[m[K
[8.593s] [01m[K/d2lros2/chap3/chapt3_ws/src/example_topic_rclcpp/src/topic_publisher_01.cpp:24:47:[m[K [01;31m[Kerror: [m[Kexpected ‘[01m[K;[m[K’ at end of member declaration
[8.593s]    24 |     rclcpp::Publisher<std_msgs::msg::string>::[01;31m[KSharedPtr[m[K command_publisher_;
[8.593s]       |                                               [01;31m[K^~~~~~~~~[m[K
[8.593s]       |                                                        [32m[K;[m[K
[8.603s] [01m[K/d2lros2/chap3/chapt3_ws/src/example_topic_rclcpp/src/topic_publisher_01.cpp:24:57:[m[K [01;31m[Kerror: [m[K‘[01m[Kcommand_publisher_[m[K’ does not name a type
[8.603s]    24 |     rclcpp::Publisher<std_msgs::msg::string>::SharedPtr [01;31m[Kcommand_publisher_[m[K;
[8.603s]       |                                                         [01;31m[K^~~~~~~~~~~~~~~~~~[m[K
[8.621s] [01m[K/d2lros2/chap3/chapt3_ws/src/example_topic_rclcpp/src/topic_publisher_01.cpp:[m[K In constructor ‘[01m[KTopicPublisher01::TopicPublisher01(std::string)[m[K’:
[8.621s] [01m[K/d2lros2/chap3/chapt3_ws/src/example_topic_rclcpp/src/topic_publisher_01.cpp:9:9:[m[K [01;31m[Kerror: [m[K‘[01m[Kcommand_publisher_[m[K’ was not declared in this scope; did you mean ‘[01m[Kcount_publishers[m[K’?
[8.621s]     9 |         [01;31m[Kcommand_publisher_[m[K = this->create_publisher<std_msgs::msg::String>("command", 10);
[8.622s]       |         [01;31m[K^~~~~~~~~~~~~~~~~~[m[K
[8.622s]       |         [32m[Kcount_publishers[m[K
[8.667s] [01m[K/d2lros2/chap3/chapt3_ws/src/example_topic_rclcpp/src/topic_publisher_01.cpp:[m[K In member function ‘[01m[Kvoid TopicPublisher01::timer_callback()[m[K’:
[8.667s] [01m[K/d2lros2/chap3/chapt3_ws/src/example_topic_rclcpp/src/topic_publisher_01.cpp:19:9:[m[K [01;31m[Kerror: [m[K‘[01m[Kcommand_publisher_[m[K’ was not declared in this scope; did you mean ‘[01m[Kcount_publishers[m[K’?
[8.667s]    19 |         [01;31m[Kcommand_publisher_[m[K->publish(message);
[8.667s]       |         [01;31m[K^~~~~~~~~~~~~~~~~~[m[K
[8.667s]       |         [32m[Kcount_publishers[m[K
[10.337s] gmake[2]: *** [CMakeFiles/topic_publisher_01.dir/build.make:76: CMakeFiles/topic_publisher_01.dir/src/topic_publisher_01.cpp.o] Error 1
[10.339s] gmake[1]: *** [CMakeFiles/Makefile2:137: CMakeFiles/topic_publisher_01.dir/all] Error 2
[10.339s] gmake: *** [Makefile:146: all] Error 2
[10.345s] Invoked command in '/d2lros2/chap3/chapt3_ws/build/example_topic_rclcpp' returned '2': CMAKE_PREFIX_PATH=/opt/ros/humble /usr/bin/cmake --build /d2lros2/chap3/chapt3_ws/build/example_topic_rclcpp -- -j16 -l16
