[0.020s] Invoking command in '/d2lros2/chap3/chapt3_ws/build/example_service_rclcpp': CMAKE_PREFIX_PATH=${CMAKE_PREFIX_PATH}:/d2lros2/chap3/chapt3_ws/src/install/example_topic_rclpy:/opt/ros/humble /usr/bin/cmake /d2lros2/chap3/chapt3_ws/src/example_service_rclcpp -DCMAKE_INSTALL_PREFIX=/d2lros2/chap3/chapt3_ws/install/example_service_rclcpp
[0.146s] -- The C compiler identification is GNU 11.4.0
[0.210s] -- The CXX compiler identification is GNU 11.4.0
[0.217s] -- Detecting C compiler ABI info
[0.263s] -- Detecting C compiler ABI info - done
[0.267s] -- Check for working C compiler: /usr/bin/cc - skipped
[0.268s] -- Detecting C compile features
[0.268s] -- Detecting C compile features - done
[0.271s] -- Detecting CXX compiler ABI info
[0.322s] -- Detecting CXX compiler ABI info - done
[0.326s] -- Check for working CXX compiler: /usr/bin/c++ - skipped
[0.326s] -- Detecting CXX compile features
[0.327s] -- Detecting CXX compile features - done
[0.336s] -- Found ament_cmake: 1.3.10 (/opt/ros/humble/share/ament_cmake/cmake)
[0.440s] -- Found Python3: /usr/bin/python3 (found version "3.10.12") found components: Interpreter 
[0.519s] -- Found rclcpp: 16.0.10 (/opt/ros/humble/share/rclcpp/cmake)
[0.573s] -- Found rosidl_generator_c: 3.1.5 (/opt/ros/humble/share/rosidl_generator_c/cmake)
[0.578s] -- Found rosidl_adapter: 3.1.5 (/opt/ros/humble/share/rosidl_adapter/cmake)
[0.587s] -- Found rosidl_generator_cpp: 3.1.5 (/opt/ros/humble/share/rosidl_generator_cpp/cmake)
[0.602s] -- Using all available rosidl_typesupport_c: rosidl_typesupport_fastrtps_c;rosidl_typesupport_introspection_c
[0.619s] -- Using all available rosidl_typesupport_cpp: rosidl_typesupport_fastrtps_cpp;rosidl_typesupport_introspection_cpp
[0.665s] -- Found rmw_implementation_cmake: 6.1.2 (/opt/ros/humble/share/rmw_implementation_cmake/cmake)
[0.668s] -- Found rmw_fastrtps_cpp: 6.2.7 (/opt/ros/humble/share/rmw_fastrtps_cpp/cmake)
[0.739s] -- Found OpenSSL: /usr/lib/x86_64-linux-gnu/libcrypto.so (found version "3.0.2")  
[0.757s] -- Found FastRTPS: /opt/ros/humble/include  
[0.783s] -- Using RMW implementation 'rmw_fastrtps_cpp' as default
[0.793s] -- Looking for pthread.h
[0.848s] -- Looking for pthread.h - found
[0.848s] -- Performing Test CMAKE_HAVE_LIBC_PTHREAD
[0.891s] -- Performing Test CMAKE_HAVE_LIBC_PTHREAD - Success
[0.892s] -- Found Threads: TRUE  
[0.939s] -- Found ament_lint_auto: 0.12.11 (/opt/ros/humble/share/ament_lint_auto/cmake)
[0.997s] -- Added test 'cppcheck' to perform static code analysis on C / C++ code
[0.997s] -- Configured cppcheck include dirs: 
[0.997s] -- Configured cppcheck exclude dirs and/or files: 
[0.998s] -- Added test 'lint_cmake' to check CMake code style
[0.999s] -- Added test 'uncrustify' to check C / C++ code style
[0.999s] -- Configured uncrustify additional arguments: 
[1.000s] -- Added test 'xmllint' to check XML markup files
[1.002s] -- Configuring done
[1.012s] -- Generating done
[1.014s] -- Build files have been written to: /d2lros2/chap3/chapt3_ws/build/example_service_rclcpp
[1.019s] Invoked command in '/d2lros2/chap3/chapt3_ws/build/example_service_rclcpp' returned '0': CMAKE_PREFIX_PATH=${CMAKE_PREFIX_PATH}:/d2lros2/chap3/chapt3_ws/src/install/example_topic_rclpy:/opt/ros/humble /usr/bin/cmake /d2lros2/chap3/chapt3_ws/src/example_service_rclcpp -DCMAKE_INSTALL_PREFIX=/d2lros2/chap3/chapt3_ws/install/example_service_rclcpp
[1.022s] Invoking command in '/d2lros2/chap3/chapt3_ws/build/example_service_rclcpp': CMAKE_PREFIX_PATH=${CMAKE_PREFIX_PATH}:/d2lros2/chap3/chapt3_ws/src/install/example_topic_rclpy:/opt/ros/humble /usr/bin/cmake --build /d2lros2/chap3/chapt3_ws/build/example_service_rclcpp -- -j16 -l16
[1.048s] [ 50%] [32mBuilding CXX object CMakeFiles/service_client_01.dir/src/service_client_01.cpp.o[0m
[1.048s] [ 50%] [32mBuilding CXX object CMakeFiles/service_server_01.dir/src/service_server_01.cpp.o[0m
[3.046s] [100%] [32m[1mLinking CXX executable service_server_01[0m
[3.046s] [100%] [32m[1mLinking CXX executable service_client_01[0m
[3.117s] [100%] Built target service_server_01
[3.117s] [100%] Built target service_client_01
[3.123s] Invoked command in '/d2lros2/chap3/chapt3_ws/build/example_service_rclcpp' returned '0': CMAKE_PREFIX_PATH=${CMAKE_PREFIX_PATH}:/d2lros2/chap3/chapt3_ws/src/install/example_topic_rclpy:/opt/ros/humble /usr/bin/cmake --build /d2lros2/chap3/chapt3_ws/build/example_service_rclcpp -- -j16 -l16
[3.137s] Invoking command in '/d2lros2/chap3/chapt3_ws/build/example_service_rclcpp': CMAKE_PREFIX_PATH=${CMAKE_PREFIX_PATH}:/d2lros2/chap3/chapt3_ws/src/install/example_topic_rclpy:/opt/ros/humble /usr/bin/cmake --install /d2lros2/chap3/chapt3_ws/build/example_service_rclcpp
[3.141s] -- Install configuration: ""
[3.141s] -- Installing: /d2lros2/chap3/chapt3_ws/install/example_service_rclcpp/share/ament_index/resource_index/package_run_dependencies/example_service_rclcpp
[3.141s] -- Installing: /d2lros2/chap3/chapt3_ws/install/example_service_rclcpp/share/ament_index/resource_index/parent_prefix_path/example_service_rclcpp
[3.142s] -- Installing: /d2lros2/chap3/chapt3_ws/install/example_service_rclcpp/share/example_service_rclcpp/environment/ament_prefix_path.sh
[3.142s] -- Installing: /d2lros2/chap3/chapt3_ws/install/example_service_rclcpp/share/example_service_rclcpp/environment/ament_prefix_path.dsv
[3.142s] -- Installing: /d2lros2/chap3/chapt3_ws/install/example_service_rclcpp/share/example_service_rclcpp/environment/path.sh
[3.142s] -- Installing: /d2lros2/chap3/chapt3_ws/install/example_service_rclcpp/share/example_service_rclcpp/environment/path.dsv
[3.143s] -- Installing: /d2lros2/chap3/chapt3_ws/install/example_service_rclcpp/share/example_service_rclcpp/local_setup.bash
[3.143s] -- Installing: /d2lros2/chap3/chapt3_ws/install/example_service_rclcpp/share/example_service_rclcpp/local_setup.sh
[3.143s] -- Installing: /d2lros2/chap3/chapt3_ws/install/example_service_rclcpp/share/example_service_rclcpp/local_setup.zsh
[3.143s] -- Installing: /d2lros2/chap3/chapt3_ws/install/example_service_rclcpp/share/example_service_rclcpp/local_setup.dsv
[3.143s] -- Installing: /d2lros2/chap3/chapt3_ws/install/example_service_rclcpp/share/example_service_rclcpp/package.dsv
[3.144s] -- Installing: /d2lros2/chap3/chapt3_ws/install/example_service_rclcpp/share/ament_index/resource_index/packages/example_service_rclcpp
[3.144s] -- Installing: /d2lros2/chap3/chapt3_ws/install/example_service_rclcpp/share/example_service_rclcpp/cmake/example_service_rclcppConfig.cmake
[3.144s] -- Installing: /d2lros2/chap3/chapt3_ws/install/example_service_rclcpp/share/example_service_rclcpp/cmake/example_service_rclcppConfig-version.cmake
[3.145s] -- Installing: /d2lros2/chap3/chapt3_ws/install/example_service_rclcpp/share/example_service_rclcpp/package.xml
[3.145s] -- Installing: /d2lros2/chap3/chapt3_ws/install/example_service_rclcpp/lib/example_service_rclcpp/service_server_01
[3.145s] -- Set runtime path of "/d2lros2/chap3/chapt3_ws/install/example_service_rclcpp/lib/example_service_rclcpp/service_server_01" to ""
[3.145s] -- Installing: /d2lros2/chap3/chapt3_ws/install/example_service_rclcpp/lib/example_service_rclcpp/service_client_01
[3.145s] -- Set runtime path of "/d2lros2/chap3/chapt3_ws/install/example_service_rclcpp/lib/example_service_rclcpp/service_client_01" to ""
[3.147s] Invoked command in '/d2lros2/chap3/chapt3_ws/build/example_service_rclcpp' returned '0': CMAKE_PREFIX_PATH=${CMAKE_PREFIX_PATH}:/d2lros2/chap3/chapt3_ws/src/install/example_topic_rclpy:/opt/ros/humble /usr/bin/cmake --install /d2lros2/chap3/chapt3_ws/build/example_service_rclcpp
