[0.431s] DEBUG:colcon:Command line arguments: ['/usr/bin/colcon', 'build', '--packages-select', 'example_topic_rclcpp']
[0.431s] DEBUG:colcon:Parsed command line arguments: Namespace(log_base=None, log_level=None, verb_name='build', build_base='build', install_base='install', merge_install=False, symlink_install=False, test_result_base=None, continue_on_error=False, executor='parallel', parallel_workers=16, event_handlers=None, ignore_user_meta=False, metas=['./colcon.meta'], base_paths=['.'], packages_ignore=None, packages_ignore_regex=None, paths=None, packages_up_to=None, packages_up_to_regex=None, packages_above=None, packages_above_and_dependencies=None, packages_above_depth=None, packages_select_by_dep=None, packages_skip_by_dep=None, packages_skip_up_to=None, packages_select_build_failed=False, packages_skip_build_finished=False, packages_select_test_failures=False, packages_skip_test_passed=False, packages_select=['example_topic_rclcpp'], packages_skip=None, packages_select_regex=None, packages_skip_regex=None, packages_start=None, packages_end=None, cmake_args=None, cmake_target=None, cmake_target_skip_unavailable=False, cmake_clean_cache=False, cmake_clean_first=False, cmake_force_configure=False, ament_cmake_args=None, catkin_cmake_args=None, catkin_skip_building_tests=False, mixin_files=None, mixin=None, verb_parser=<colcon_mixin.mixin.mixin_argument.MixinArgumentDecorator object at 0x7fd726d4ff10>, verb_extension=<colcon_core.verb.build.BuildVerb object at 0x7fd726d4f880>, main=<bound method BuildVerb.main of <colcon_core.verb.build.BuildVerb object at 0x7fd726d4f880>>, mixin_verb=('build',))
[1.180s] Level 1:colcon.colcon_core.package_discovery:discover_packages(colcon_meta) check parameters
[1.183s] INFO:colcon.colcon_metadata.package_discovery.colcon_meta:Using configuration from '/root/.colcon/metadata/default/Gazebo.meta'
[1.185s] INFO:colcon.colcon_metadata.package_discovery.colcon_meta:Using configuration from '/root/.colcon/metadata/default/fastrtps.meta'
[1.185s] Level 1:colcon.colcon_core.package_discovery:discover_packages(recursive) check parameters
[1.186s] Level 1:colcon.colcon_core.package_discovery:discover_packages(ignore) check parameters
[1.186s] Level 1:colcon.colcon_core.package_discovery:discover_packages(path) check parameters
[1.186s] Level 1:colcon.colcon_core.package_discovery:discover_packages(colcon_meta) discover
[1.186s] Level 1:colcon.colcon_core.package_discovery:discover_packages(recursive) discover
[1.186s] INFO:colcon.colcon_core.package_discovery:Crawling recursively for packages in '/d2lros2/chap3/chapt3_ws'
[1.186s] Level 1:colcon.colcon_core.package_identification:_identify(.) by extensions ['ignore', 'ignore_ament_install']
[1.187s] Level 1:colcon.colcon_core.package_identification:_identify(.) by extension 'ignore'
[1.187s] Level 1:colcon.colcon_core.package_identification:_identify(.) by extension 'ignore_ament_install'
[1.187s] Level 1:colcon.colcon_core.package_identification:_identify(.) by extensions ['colcon_pkg']
[1.188s] Level 1:colcon.colcon_core.package_identification:_identify(.) by extension 'colcon_pkg'
[1.188s] Level 1:colcon.colcon_core.package_identification:_identify(.) by extensions ['colcon_meta']
[1.188s] Level 1:colcon.colcon_core.package_identification:_identify(.) by extension 'colcon_meta'
[1.188s] Level 1:colcon.colcon_core.package_identification:_identify(.) by extensions ['ros']
[1.188s] Level 1:colcon.colcon_core.package_identification:_identify(.) by extension 'ros'
[1.236s] Level 1:colcon.colcon_core.package_identification:_identify(.) by extensions ['cmake', 'python']
[1.236s] Level 1:colcon.colcon_core.package_identification:_identify(.) by extension 'cmake'
[1.236s] Level 1:colcon.colcon_core.package_identification:_identify(.) by extension 'python'
[1.237s] Level 1:colcon.colcon_core.package_identification:_identify(.) by extensions ['python_setup_py']
[1.237s] Level 1:colcon.colcon_core.package_identification:_identify(.) by extension 'python_setup_py'
[1.237s] Level 1:colcon.colcon_core.package_identification:_identify(build) by extensions ['ignore', 'ignore_ament_install']
[1.238s] Level 1:colcon.colcon_core.package_identification:_identify(build) by extension 'ignore'
[1.238s] Level 1:colcon.colcon_core.package_identification:_identify(build) ignored
[1.239s] Level 1:colcon.colcon_core.package_identification:_identify(install) by extensions ['ignore', 'ignore_ament_install']
[1.239s] Level 1:colcon.colcon_core.package_identification:_identify(install) by extension 'ignore'
[1.240s] Level 1:colcon.colcon_core.package_identification:_identify(install) ignored
[1.241s] Level 1:colcon.colcon_core.package_identification:_identify(log) by extensions ['ignore', 'ignore_ament_install']
[1.241s] Level 1:colcon.colcon_core.package_identification:_identify(log) by extension 'ignore'
[1.242s] Level 1:colcon.colcon_core.package_identification:_identify(log) ignored
[1.242s] Level 1:colcon.colcon_core.package_identification:_identify(src) by extensions ['ignore', 'ignore_ament_install']
[1.243s] Level 1:colcon.colcon_core.package_identification:_identify(src) by extension 'ignore'
[1.243s] Level 1:colcon.colcon_core.package_identification:_identify(src) by extension 'ignore_ament_install'
[1.244s] Level 1:colcon.colcon_core.package_identification:_identify(src) by extensions ['colcon_pkg']
[1.244s] Level 1:colcon.colcon_core.package_identification:_identify(src) by extension 'colcon_pkg'
[1.244s] Level 1:colcon.colcon_core.package_identification:_identify(src) by extensions ['colcon_meta']
[1.244s] Level 1:colcon.colcon_core.package_identification:_identify(src) by extension 'colcon_meta'
[1.244s] Level 1:colcon.colcon_core.package_identification:_identify(src) by extensions ['ros']
[1.245s] Level 1:colcon.colcon_core.package_identification:_identify(src) by extension 'ros'
[1.245s] Level 1:colcon.colcon_core.package_identification:_identify(src) by extensions ['cmake', 'python']
[1.245s] Level 1:colcon.colcon_core.package_identification:_identify(src) by extension 'cmake'
[1.245s] Level 1:colcon.colcon_core.package_identification:_identify(src) by extension 'python'
[1.245s] Level 1:colcon.colcon_core.package_identification:_identify(src) by extensions ['python_setup_py']
[1.245s] Level 1:colcon.colcon_core.package_identification:_identify(src) by extension 'python_setup_py'
[1.246s] Level 1:colcon.colcon_core.package_identification:_identify(src/example_topic_rclcpp) by extensions ['ignore', 'ignore_ament_install']
[1.246s] Level 1:colcon.colcon_core.package_identification:_identify(src/example_topic_rclcpp) by extension 'ignore'
[1.246s] Level 1:colcon.colcon_core.package_identification:_identify(src/example_topic_rclcpp) by extension 'ignore_ament_install'
[1.247s] Level 1:colcon.colcon_core.package_identification:_identify(src/example_topic_rclcpp) by extensions ['colcon_pkg']
[1.247s] Level 1:colcon.colcon_core.package_identification:_identify(src/example_topic_rclcpp) by extension 'colcon_pkg'
[1.247s] Level 1:colcon.colcon_core.package_identification:_identify(src/example_topic_rclcpp) by extensions ['colcon_meta']
[1.247s] Level 1:colcon.colcon_core.package_identification:_identify(src/example_topic_rclcpp) by extension 'colcon_meta'
[1.247s] Level 1:colcon.colcon_core.package_identification:_identify(src/example_topic_rclcpp) by extensions ['ros']
[1.247s] Level 1:colcon.colcon_core.package_identification:_identify(src/example_topic_rclcpp) by extension 'ros'
[1.258s] DEBUG:colcon.colcon_core.package_identification:Package 'src/example_topic_rclcpp' with type 'ros.ament_cmake' and name 'example_topic_rclcpp'
[1.258s] Level 1:colcon.colcon_core.package_discovery:discover_packages(recursive) using defaults
[1.258s] Level 1:colcon.colcon_core.package_discovery:discover_packages(ignore) discover
[1.258s] Level 1:colcon.colcon_core.package_discovery:discover_packages(ignore) using defaults
[1.259s] Level 1:colcon.colcon_core.package_discovery:discover_packages(path) discover
[1.259s] Level 1:colcon.colcon_core.package_discovery:discover_packages(path) using defaults
[1.341s] Level 5:colcon.colcon_core.verb:set package 'example_topic_rclcpp' build argument 'cmake_args' from command line to 'None'
[1.341s] Level 5:colcon.colcon_core.verb:set package 'example_topic_rclcpp' build argument 'cmake_target' from command line to 'None'
[1.341s] Level 5:colcon.colcon_core.verb:set package 'example_topic_rclcpp' build argument 'cmake_target_skip_unavailable' from command line to 'False'
[1.341s] Level 5:colcon.colcon_core.verb:set package 'example_topic_rclcpp' build argument 'cmake_clean_cache' from command line to 'False'
[1.341s] Level 5:colcon.colcon_core.verb:set package 'example_topic_rclcpp' build argument 'cmake_clean_first' from command line to 'False'
[1.341s] Level 5:colcon.colcon_core.verb:set package 'example_topic_rclcpp' build argument 'cmake_force_configure' from command line to 'False'
[1.341s] Level 5:colcon.colcon_core.verb:set package 'example_topic_rclcpp' build argument 'ament_cmake_args' from command line to 'None'
[1.341s] Level 5:colcon.colcon_core.verb:set package 'example_topic_rclcpp' build argument 'catkin_cmake_args' from command line to 'None'
[1.341s] Level 5:colcon.colcon_core.verb:set package 'example_topic_rclcpp' build argument 'catkin_skip_building_tests' from command line to 'False'
[1.341s] DEBUG:colcon.colcon_core.verb:Building package 'example_topic_rclcpp' with the following arguments: {'ament_cmake_args': None, 'build_base': '/d2lros2/chap3/chapt3_ws/build/example_topic_rclcpp', 'catkin_cmake_args': None, 'catkin_skip_building_tests': False, 'cmake_args': None, 'cmake_clean_cache': False, 'cmake_clean_first': False, 'cmake_force_configure': False, 'cmake_target': None, 'cmake_target_skip_unavailable': False, 'install_base': '/d2lros2/chap3/chapt3_ws/install/example_topic_rclcpp', 'merge_install': False, 'path': '/d2lros2/chap3/chapt3_ws/src/example_topic_rclcpp', 'symlink_install': False, 'test_result_base': None}
[1.342s] INFO:colcon.colcon_core.executor:Executing jobs using 'parallel' executor
[1.347s] DEBUG:colcon.colcon_parallel_executor.executor.parallel:run_until_complete
[1.348s] INFO:colcon.colcon_ros.task.ament_cmake.build:Building ROS package in '/d2lros2/chap3/chapt3_ws/src/example_topic_rclcpp' with build type 'ament_cmake'
[1.348s] INFO:colcon.colcon_cmake.task.cmake.build:Building CMake package in '/d2lros2/chap3/chapt3_ws/src/example_topic_rclcpp'
[1.361s] INFO:colcon.colcon_core.plugin_system:Skipping extension 'colcon_core.shell.bat': Not used on non-Windows systems
[1.361s] INFO:colcon.colcon_core.shell:Skip shell extension 'powershell' for command environment: Not usable outside of PowerShell
[1.362s] DEBUG:colcon.colcon_core.shell:Skip shell extension 'dsv' for command environment
[1.409s] DEBUG:colcon.colcon_core.event_handler.log_command:Invoking command in '/d2lros2/chap3/chapt3_ws/build/example_topic_rclcpp': CMAKE_PREFIX_PATH=/opt/ros/humble /usr/bin/cmake --build /d2lros2/chap3/chapt3_ws/build/example_topic_rclcpp -- -j16 -l16
[11.693s] DEBUG:colcon.colcon_core.event_handler.log_command:Invoked command in '/d2lros2/chap3/chapt3_ws/build/example_topic_rclcpp' returned '2': CMAKE_PREFIX_PATH=/opt/ros/humble /usr/bin/cmake --build /d2lros2/chap3/chapt3_ws/build/example_topic_rclcpp -- -j16 -l16
[11.741s] Level 1:colcon.colcon_core.environment:create_environment_scripts_only(example_topic_rclcpp)
[11.757s] Level 1:colcon.colcon_core.environment:checking '/d2lros2/chap3/chapt3_ws/install/example_topic_rclcpp' for CMake module files
[11.759s] Level 1:colcon.colcon_core.environment:checking '/d2lros2/chap3/chapt3_ws/install/example_topic_rclcpp' for CMake config files
[11.761s] Level 1:colcon.colcon_core.shell:create_environment_hook('example_topic_rclcpp', 'cmake_prefix_path')
[11.761s] INFO:colcon.colcon_core.shell:Creating environment hook '/d2lros2/chap3/chapt3_ws/install/example_topic_rclcpp/share/example_topic_rclcpp/hook/cmake_prefix_path.ps1'
[11.763s] INFO:colcon.colcon_core.shell:Creating environment descriptor '/d2lros2/chap3/chapt3_ws/install/example_topic_rclcpp/share/example_topic_rclcpp/hook/cmake_prefix_path.dsv'
[11.765s] INFO:colcon.colcon_core.shell:Creating environment hook '/d2lros2/chap3/chapt3_ws/install/example_topic_rclcpp/share/example_topic_rclcpp/hook/cmake_prefix_path.sh'
[11.768s] Level 1:colcon.colcon_core.environment:checking '/d2lros2/chap3/chapt3_ws/install/example_topic_rclcpp/lib'
[11.769s] Level 1:colcon.colcon_core.environment:checking '/d2lros2/chap3/chapt3_ws/install/example_topic_rclcpp/bin'
[11.769s] Level 1:colcon.colcon_core.environment:checking '/d2lros2/chap3/chapt3_ws/install/example_topic_rclcpp/lib/pkgconfig/example_topic_rclcpp.pc'
[11.773s] Level 1:colcon.colcon_core.environment:checking '/d2lros2/chap3/chapt3_ws/install/example_topic_rclcpp/lib/python3.10/site-packages'
[11.773s] Level 1:colcon.colcon_core.environment:checking '/d2lros2/chap3/chapt3_ws/install/example_topic_rclcpp/bin'
[11.774s] INFO:colcon.colcon_core.shell:Creating package script '/d2lros2/chap3/chapt3_ws/install/example_topic_rclcpp/share/example_topic_rclcpp/package.ps1'
[11.776s] INFO:colcon.colcon_core.shell:Creating package descriptor '/d2lros2/chap3/chapt3_ws/install/example_topic_rclcpp/share/example_topic_rclcpp/package.dsv'
[11.778s] INFO:colcon.colcon_core.shell:Creating package script '/d2lros2/chap3/chapt3_ws/install/example_topic_rclcpp/share/example_topic_rclcpp/package.sh'
[11.781s] INFO:colcon.colcon_core.shell:Creating package script '/d2lros2/chap3/chapt3_ws/install/example_topic_rclcpp/share/example_topic_rclcpp/package.bash'
[11.783s] INFO:colcon.colcon_core.shell:Creating package script '/d2lros2/chap3/chapt3_ws/install/example_topic_rclcpp/share/example_topic_rclcpp/package.zsh'
[11.785s] Level 1:colcon.colcon_core.environment:create_file_with_runtime_dependencies(/d2lros2/chap3/chapt3_ws/install/example_topic_rclcpp/share/colcon-core/packages/example_topic_rclcpp)
[11.797s] DEBUG:colcon.colcon_parallel_executor.executor.parallel:closing loop
[11.797s] DEBUG:colcon.colcon_parallel_executor.executor.parallel:loop closed
[11.798s] DEBUG:colcon.colcon_parallel_executor.executor.parallel:run_until_complete finished with '2'
[11.798s] DEBUG:colcon.colcon_core.event_reactor:joining thread
[11.836s] INFO:colcon.colcon_core.plugin_system:Skipping extension 'colcon_notification.desktop_notification.notify_send': Could not find 'notify-send'
[11.837s] INFO:colcon.colcon_core.plugin_system:Skipping extension 'colcon_notification.desktop_notification.terminal_notifier': Not used on non-Darwin systems
[11.837s] INFO:colcon.colcon_core.plugin_system:Skipping extension 'colcon_notification.desktop_notification.win32': Not used on non-Windows systems
[11.837s] INFO:colcon.colcon_notification.desktop_notification:Sending desktop notification using 'notify2'
[11.841s] DEBUG:colcon.colcon_notification.desktop_notification.notify2:Failed to initialize notify2: org.freedesktop.DBus.Error.Spawn.ExecFailed: /usr/bin/dbus-launch terminated abnormally without any error message
[11.842s] DEBUG:colcon.colcon_core.event_reactor:joined thread
[11.843s] INFO:colcon.colcon_core.shell:Creating prefix script '/d2lros2/chap3/chapt3_ws/install/local_setup.ps1'
[11.846s] INFO:colcon.colcon_core.shell:Creating prefix util module '/d2lros2/chap3/chapt3_ws/install/_local_setup_util_ps1.py'
[11.849s] INFO:colcon.colcon_core.shell:Creating prefix chain script '/d2lros2/chap3/chapt3_ws/install/setup.ps1'
[11.851s] INFO:colcon.colcon_core.shell:Creating prefix script '/d2lros2/chap3/chapt3_ws/install/local_setup.sh'
[11.853s] INFO:colcon.colcon_core.shell:Creating prefix util module '/d2lros2/chap3/chapt3_ws/install/_local_setup_util_sh.py'
[11.855s] INFO:colcon.colcon_core.shell:Creating prefix chain script '/d2lros2/chap3/chapt3_ws/install/setup.sh'
[11.859s] INFO:colcon.colcon_core.shell:Creating prefix script '/d2lros2/chap3/chapt3_ws/install/local_setup.bash'
[11.860s] INFO:colcon.colcon_core.shell:Creating prefix chain script '/d2lros2/chap3/chapt3_ws/install/setup.bash'
[11.863s] INFO:colcon.colcon_core.shell:Creating prefix script '/d2lros2/chap3/chapt3_ws/install/local_setup.zsh'
[11.865s] INFO:colcon.colcon_core.shell:Creating prefix chain script '/d2lros2/chap3/chapt3_ws/install/setup.zsh'
