[0.008s] Invoking command in '/d2lros2/chap2/chapt2_ws/build/example_cpp': CMAKE_PREFIX_PATH=${CMAKE_PREFIX_PATH}:/d2lros2/chap2/colcon_test_ws/install/launch_testing_examples:/d2lros2/chap2/colcon_test_ws/install/examples_rclpy_pointcloud_publisher:/d2lros2/chap2/colcon_test_ws/install/examples_rclpy_minimal_subscriber:/d2lros2/chap2/colcon_test_ws/install/examples_rclpy_minimal_service:/d2lros2/chap2/colcon_test_ws/install/examples_rclpy_minimal_publisher:/d2lros2/chap2/colcon_test_ws/install/examples_rclpy_minimal_client:/d2lros2/chap2/colcon_test_ws/install/examples_rclpy_minimal_action_server:/d2lros2/chap2/colcon_test_ws/install/examples_rclpy_minimal_action_client:/d2lros2/chap2/colcon_test_ws/install/examples_rclpy_guard_conditions:/d2lros2/chap2/colcon_test_ws/install/examples_rclpy_executors:/opt/ros/humble /usr/bin/cmake --build /d2lros2/chap2/chapt2_ws/build/example_cpp -- -j16 -l16
[0.029s] [35m[1mConsolidate compiler generated dependencies of target node_01[0m
[0.041s] [ 50%] [32mBuilding CXX object CMakeFiles/node_01.dir/src/node_01.cpp.o[0m
[1.658s] [100%] [32m[1mLinking CXX executable node_01[0m
[1.724s] [100%] Built target node_01
[1.729s] Invoked command in '/d2lros2/chap2/chapt2_ws/build/example_cpp' returned '0': CMAKE_PREFIX_PATH=${CMAKE_PREFIX_PATH}:/d2lros2/chap2/colcon_test_ws/install/launch_testing_examples:/d2lros2/chap2/colcon_test_ws/install/examples_rclpy_pointcloud_publisher:/d2lros2/chap2/colcon_test_ws/install/examples_rclpy_minimal_subscriber:/d2lros2/chap2/colcon_test_ws/install/examples_rclpy_minimal_service:/d2lros2/chap2/colcon_test_ws/install/examples_rclpy_minimal_publisher:/d2lros2/chap2/colcon_test_ws/install/examples_rclpy_minimal_client:/d2lros2/chap2/colcon_test_ws/install/examples_rclpy_minimal_action_server:/d2lros2/chap2/colcon_test_ws/install/examples_rclpy_minimal_action_client:/d2lros2/chap2/colcon_test_ws/install/examples_rclpy_guard_conditions:/d2lros2/chap2/colcon_test_ws/install/examples_rclpy_executors:/opt/ros/humble /usr/bin/cmake --build /d2lros2/chap2/chapt2_ws/build/example_cpp -- -j16 -l16
[1.746s] Invoking command in '/d2lros2/chap2/chapt2_ws/build/example_cpp': CMAKE_PREFIX_PATH=${CMAKE_PREFIX_PATH}:/d2lros2/chap2/colcon_test_ws/install/launch_testing_examples:/d2lros2/chap2/colcon_test_ws/install/examples_rclpy_pointcloud_publisher:/d2lros2/chap2/colcon_test_ws/install/examples_rclpy_minimal_subscriber:/d2lros2/chap2/colcon_test_ws/install/examples_rclpy_minimal_service:/d2lros2/chap2/colcon_test_ws/install/examples_rclpy_minimal_publisher:/d2lros2/chap2/colcon_test_ws/install/examples_rclpy_minimal_client:/d2lros2/chap2/colcon_test_ws/install/examples_rclpy_minimal_action_server:/d2lros2/chap2/colcon_test_ws/install/examples_rclpy_minimal_action_client:/d2lros2/chap2/colcon_test_ws/install/examples_rclpy_guard_conditions:/d2lros2/chap2/colcon_test_ws/install/examples_rclpy_executors:/opt/ros/humble /usr/bin/cmake --install /d2lros2/chap2/chapt2_ws/build/example_cpp
[1.750s] -- Install configuration: ""
[1.750s] -- Installing: /d2lros2/chap2/chapt2_ws/install/example_cpp/share/ament_index/resource_index/package_run_dependencies/example_cpp
[1.750s] -- Installing: /d2lros2/chap2/chapt2_ws/install/example_cpp/share/ament_index/resource_index/parent_prefix_path/example_cpp
[1.750s] -- Installing: /d2lros2/chap2/chapt2_ws/install/example_cpp/share/example_cpp/environment/ament_prefix_path.sh
[1.750s] -- Installing: /d2lros2/chap2/chapt2_ws/install/example_cpp/share/example_cpp/environment/ament_prefix_path.dsv
[1.750s] -- Installing: /d2lros2/chap2/chapt2_ws/install/example_cpp/share/example_cpp/environment/path.sh
[1.750s] -- Installing: /d2lros2/chap2/chapt2_ws/install/example_cpp/share/example_cpp/environment/path.dsv
[1.751s] -- Installing: /d2lros2/chap2/chapt2_ws/install/example_cpp/share/example_cpp/local_setup.bash
[1.751s] -- Installing: /d2lros2/chap2/chapt2_ws/install/example_cpp/share/example_cpp/local_setup.sh
[1.751s] -- Installing: /d2lros2/chap2/chapt2_ws/install/example_cpp/share/example_cpp/local_setup.zsh
[1.751s] -- Installing: /d2lros2/chap2/chapt2_ws/install/example_cpp/share/example_cpp/local_setup.dsv
[1.751s] -- Installing: /d2lros2/chap2/chapt2_ws/install/example_cpp/share/example_cpp/package.dsv
[1.751s] -- Installing: /d2lros2/chap2/chapt2_ws/install/example_cpp/share/ament_index/resource_index/packages/example_cpp
[1.751s] -- Installing: /d2lros2/chap2/chapt2_ws/install/example_cpp/share/example_cpp/cmake/example_cppConfig.cmake
[1.751s] -- Installing: /d2lros2/chap2/chapt2_ws/install/example_cpp/share/example_cpp/cmake/example_cppConfig-version.cmake
[1.751s] -- Installing: /d2lros2/chap2/chapt2_ws/install/example_cpp/share/example_cpp/package.xml
[1.751s] -- Installing: /d2lros2/chap2/chapt2_ws/install/example_cpp/lib/example_cpp/node_01
[1.752s] -- Set runtime path of "/d2lros2/chap2/chapt2_ws/install/example_cpp/lib/example_cpp/node_01" to ""
[1.753s] Invoked command in '/d2lros2/chap2/chapt2_ws/build/example_cpp' returned '0': CMAKE_PREFIX_PATH=${CMAKE_PREFIX_PATH}:/d2lros2/chap2/colcon_test_ws/install/launch_testing_examples:/d2lros2/chap2/colcon_test_ws/install/examples_rclpy_pointcloud_publisher:/d2lros2/chap2/colcon_test_ws/install/examples_rclpy_minimal_subscriber:/d2lros2/chap2/colcon_test_ws/install/examples_rclpy_minimal_service:/d2lros2/chap2/colcon_test_ws/install/examples_rclpy_minimal_publisher:/d2lros2/chap2/colcon_test_ws/install/examples_rclpy_minimal_client:/d2lros2/chap2/colcon_test_ws/install/examples_rclpy_minimal_action_server:/d2lros2/chap2/colcon_test_ws/install/examples_rclpy_minimal_action_client:/d2lros2/chap2/colcon_test_ws/install/examples_rclpy_guard_conditions:/d2lros2/chap2/colcon_test_ws/install/examples_rclpy_executors:/opt/ros/humble /usr/bin/cmake --install /d2lros2/chap2/chapt2_ws/build/example_cpp
