[0.019s] Invoking command in '/d2lros2/chap2/chapt2_ws/build/example_cpp': CMAKE_PREFIX_PATH=${CMAKE_PREFIX_PATH}:/d2lros2/chap2/chapt2_ws/install/example_py:/d2lros2/chap2/colcon_test_ws/install/launch_testing_examples:/d2lros2/chap2/colcon_test_ws/install/examples_rclpy_pointcloud_publisher:/d2lros2/chap2/colcon_test_ws/install/examples_rclpy_minimal_subscriber:/d2lros2/chap2/colcon_test_ws/install/examples_rclpy_minimal_service:/d2lros2/chap2/colcon_test_ws/install/examples_rclpy_minimal_publisher:/d2lros2/chap2/colcon_test_ws/install/examples_rclpy_minimal_client:/d2lros2/chap2/colcon_test_ws/install/examples_rclpy_minimal_action_server:/d2lros2/chap2/colcon_test_ws/install/examples_rclpy_minimal_action_client:/d2lros2/chap2/colcon_test_ws/install/examples_rclpy_guard_conditions:/d2lros2/chap2/colcon_test_ws/install/examples_rclpy_executors:/opt/ros/humble /usr/bin/cmake --build /d2lros2/chap2/chapt2_ws/build/example_cpp -- -j16 -l16
[0.067s] -- Found ament_cmake: 1.3.10 (/opt/ros/humble/share/ament_cmake/cmake)
[0.192s] -- Found rclcpp: 16.0.10 (/opt/ros/humble/share/rclcpp/cmake)
[0.240s] -- Found rosidl_generator_c: 3.1.5 (/opt/ros/humble/share/rosidl_generator_c/cmake)
[0.243s] -- Found rosidl_adapter: 3.1.5 (/opt/ros/humble/share/rosidl_adapter/cmake)
[0.250s] -- Found rosidl_generator_cpp: 3.1.5 (/opt/ros/humble/share/rosidl_generator_cpp/cmake)
[0.262s] -- Using all available rosidl_typesupport_c: rosidl_typesupport_fastrtps_c;rosidl_typesupport_introspection_c
[0.275s] -- Using all available rosidl_typesupport_cpp: rosidl_typesupport_fastrtps_cpp;rosidl_typesupport_introspection_cpp
[0.309s] -- Found rmw_implementation_cmake: 6.1.2 (/opt/ros/humble/share/rmw_implementation_cmake/cmake)
[0.312s] -- Found rmw_fastrtps_cpp: 6.2.7 (/opt/ros/humble/share/rmw_fastrtps_cpp/cmake)
[0.403s] -- Using RMW implementation 'rmw_fastrtps_cpp' as default
[0.449s] -- Found ament_lint_auto: 0.12.11 (/opt/ros/humble/share/ament_lint_auto/cmake)
[0.505s] -- Added test 'cppcheck' to perform static code analysis on C / C++ code
[0.505s] -- Configured cppcheck include dirs: 
[0.505s] -- Configured cppcheck exclude dirs and/or files: 
[0.505s] -- Added test 'lint_cmake' to check CMake code style
[0.506s] -- Added test 'uncrustify' to check C / C++ code style
[0.506s] -- Configured uncrustify additional arguments: 
[0.507s] -- Added test 'xmllint' to check XML markup files
[0.510s] -- Configuring done
[0.523s] -- Generating done
[0.524s] -- Build files have been written to: /d2lros2/chap2/chapt2_ws/build/example_cpp
[0.543s] [ 50%] [32mBuilding CXX object CMakeFiles/node_03.dir/src/node_03.cpp.o[0m
[2.410s] [100%] [32m[1mLinking CXX executable node_03[0m
[2.482s] [100%] Built target node_03
[2.488s] Invoked command in '/d2lros2/chap2/chapt2_ws/build/example_cpp' returned '0': CMAKE_PREFIX_PATH=${CMAKE_PREFIX_PATH}:/d2lros2/chap2/chapt2_ws/install/example_py:/d2lros2/chap2/colcon_test_ws/install/launch_testing_examples:/d2lros2/chap2/colcon_test_ws/install/examples_rclpy_pointcloud_publisher:/d2lros2/chap2/colcon_test_ws/install/examples_rclpy_minimal_subscriber:/d2lros2/chap2/colcon_test_ws/install/examples_rclpy_minimal_service:/d2lros2/chap2/colcon_test_ws/install/examples_rclpy_minimal_publisher:/d2lros2/chap2/colcon_test_ws/install/examples_rclpy_minimal_client:/d2lros2/chap2/colcon_test_ws/install/examples_rclpy_minimal_action_server:/d2lros2/chap2/colcon_test_ws/install/examples_rclpy_minimal_action_client:/d2lros2/chap2/colcon_test_ws/install/examples_rclpy_guard_conditions:/d2lros2/chap2/colcon_test_ws/install/examples_rclpy_executors:/opt/ros/humble /usr/bin/cmake --build /d2lros2/chap2/chapt2_ws/build/example_cpp -- -j16 -l16
[2.505s] Invoking command in '/d2lros2/chap2/chapt2_ws/build/example_cpp': CMAKE_PREFIX_PATH=${CMAKE_PREFIX_PATH}:/d2lros2/chap2/chapt2_ws/install/example_py:/d2lros2/chap2/colcon_test_ws/install/launch_testing_examples:/d2lros2/chap2/colcon_test_ws/install/examples_rclpy_pointcloud_publisher:/d2lros2/chap2/colcon_test_ws/install/examples_rclpy_minimal_subscriber:/d2lros2/chap2/colcon_test_ws/install/examples_rclpy_minimal_service:/d2lros2/chap2/colcon_test_ws/install/examples_rclpy_minimal_publisher:/d2lros2/chap2/colcon_test_ws/install/examples_rclpy_minimal_client:/d2lros2/chap2/colcon_test_ws/install/examples_rclpy_minimal_action_server:/d2lros2/chap2/colcon_test_ws/install/examples_rclpy_minimal_action_client:/d2lros2/chap2/colcon_test_ws/install/examples_rclpy_guard_conditions:/d2lros2/chap2/colcon_test_ws/install/examples_rclpy_executors:/opt/ros/humble /usr/bin/cmake --install /d2lros2/chap2/chapt2_ws/build/example_cpp
[2.508s] -- Install configuration: ""
[2.509s] -- Up-to-date: /d2lros2/chap2/chapt2_ws/install/example_cpp/share/ament_index/resource_index/package_run_dependencies/example_cpp
[2.509s] -- Installing: /d2lros2/chap2/chapt2_ws/install/example_cpp/share/ament_index/resource_index/parent_prefix_path/example_cpp
[2.509s] -- Up-to-date: /d2lros2/chap2/chapt2_ws/install/example_cpp/share/example_cpp/environment/ament_prefix_path.sh
[2.509s] -- Installing: /d2lros2/chap2/chapt2_ws/install/example_cpp/share/example_cpp/environment/ament_prefix_path.dsv
[2.509s] -- Up-to-date: /d2lros2/chap2/chapt2_ws/install/example_cpp/share/example_cpp/environment/path.sh
[2.509s] -- Installing: /d2lros2/chap2/chapt2_ws/install/example_cpp/share/example_cpp/environment/path.dsv
[2.509s] -- Up-to-date: /d2lros2/chap2/chapt2_ws/install/example_cpp/share/example_cpp/local_setup.bash
[2.510s] -- Up-to-date: /d2lros2/chap2/chapt2_ws/install/example_cpp/share/example_cpp/local_setup.sh
[2.510s] -- Up-to-date: /d2lros2/chap2/chapt2_ws/install/example_cpp/share/example_cpp/local_setup.zsh
[2.510s] -- Installing: /d2lros2/chap2/chapt2_ws/install/example_cpp/share/example_cpp/local_setup.dsv
[2.510s] -- Installing: /d2lros2/chap2/chapt2_ws/install/example_cpp/share/example_cpp/package.dsv
[2.510s] -- Up-to-date: /d2lros2/chap2/chapt2_ws/install/example_cpp/share/ament_index/resource_index/packages/example_cpp
[2.510s] -- Up-to-date: /d2lros2/chap2/chapt2_ws/install/example_cpp/share/example_cpp/cmake/example_cppConfig.cmake
[2.511s] -- Up-to-date: /d2lros2/chap2/chapt2_ws/install/example_cpp/share/example_cpp/cmake/example_cppConfig-version.cmake
[2.511s] -- Up-to-date: /d2lros2/chap2/chapt2_ws/install/example_cpp/share/example_cpp/package.xml
[2.511s] -- Installing: /d2lros2/chap2/chapt2_ws/install/example_cpp/lib/example_cpp/node_03
[2.511s] -- Set runtime path of "/d2lros2/chap2/chapt2_ws/install/example_cpp/lib/example_cpp/node_03" to ""
[2.512s] Invoked command in '/d2lros2/chap2/chapt2_ws/build/example_cpp' returned '0': CMAKE_PREFIX_PATH=${CMAKE_PREFIX_PATH}:/d2lros2/chap2/chapt2_ws/install/example_py:/d2lros2/chap2/colcon_test_ws/install/launch_testing_examples:/d2lros2/chap2/colcon_test_ws/install/examples_rclpy_pointcloud_publisher:/d2lros2/chap2/colcon_test_ws/install/examples_rclpy_minimal_subscriber:/d2lros2/chap2/colcon_test_ws/install/examples_rclpy_minimal_service:/d2lros2/chap2/colcon_test_ws/install/examples_rclpy_minimal_publisher:/d2lros2/chap2/colcon_test_ws/install/examples_rclpy_minimal_client:/d2lros2/chap2/colcon_test_ws/install/examples_rclpy_minimal_action_server:/d2lros2/chap2/colcon_test_ws/install/examples_rclpy_minimal_action_client:/d2lros2/chap2/colcon_test_ws/install/examples_rclpy_guard_conditions:/d2lros2/chap2/colcon_test_ws/install/examples_rclpy_executors:/opt/ros/humble /usr/bin/cmake --install /d2lros2/chap2/chapt2_ws/build/example_cpp
