[0.200s] DEBUG:colcon:Command line arguments: ['/usr/bin/colcon', 'build', '--packages-select', 'example_topic_rclcpp']
[0.200s] DEBUG:colcon:Parsed command line arguments: Namespace(log_base=None, log_level=None, verb_name='build', build_base='build', install_base='install', merge_install=False, symlink_install=False, test_result_base=None, continue_on_error=False, executor='parallel', parallel_workers=16, event_handlers=None, ignore_user_meta=False, metas=['./colcon.meta'], base_paths=['.'], packages_ignore=None, packages_ignore_regex=None, paths=None, packages_up_to=None, packages_up_to_regex=None, packages_above=None, packages_above_and_dependencies=None, packages_above_depth=None, packages_select_by_dep=None, packages_skip_by_dep=None, packages_skip_up_to=None, packages_select_build_failed=False, packages_skip_build_finished=False, packages_select_test_failures=False, packages_skip_test_passed=False, packages_select=['example_topic_rclcpp'], packages_skip=None, packages_select_regex=None, packages_skip_regex=None, packages_start=None, packages_end=None, cmake_args=None, cmake_target=None, cmake_target_skip_unavailable=False, cmake_clean_cache=False, cmake_clean_first=False, cmake_force_configure=False, ament_cmake_args=None, catkin_cmake_args=None, catkin_skip_building_tests=False, mixin_files=None, mixin=None, verb_parser=<colcon_mixin.mixin.mixin_argument.MixinArgumentDecorator object at 0x7f63ec2a4220>, verb_extension=<colcon_core.verb.build.BuildVerb object at 0x7f63ec273b50>, main=<bound method BuildVerb.main of <colcon_core.verb.build.BuildVerb object at 0x7f63ec273b50>>, mixin_verb=('build',))
[0.446s] Level 1:colcon.colcon_core.package_discovery:discover_packages(colcon_meta) check parameters
[0.447s] INFO:colcon.colcon_metadata.package_discovery.colcon_meta:Using configuration from '/root/.colcon/metadata/default/Gazebo.meta'
[0.448s] INFO:colcon.colcon_metadata.package_discovery.colcon_meta:Using configuration from '/root/.colcon/metadata/default/fastrtps.meta'
[0.448s] Level 1:colcon.colcon_core.package_discovery:discover_packages(recursive) check parameters
[0.448s] Level 1:colcon.colcon_core.package_discovery:discover_packages(ignore) check parameters
[0.448s] Level 1:colcon.colcon_core.package_discovery:discover_packages(path) check parameters
[0.448s] Level 1:colcon.colcon_core.package_discovery:discover_packages(colcon_meta) discover
[0.448s] Level 1:colcon.colcon_core.package_discovery:discover_packages(recursive) discover
[0.448s] INFO:colcon.colcon_core.package_discovery:Crawling recursively for packages in '/d2lros2/chap3/chapt3_ws'
[0.448s] Level 1:colcon.colcon_core.package_identification:_identify(.) by extensions ['ignore', 'ignore_ament_install']
[0.448s] Level 1:colcon.colcon_core.package_identification:_identify(.) by extension 'ignore'
[0.448s] Level 1:colcon.colcon_core.package_identification:_identify(.) by extension 'ignore_ament_install'
[0.448s] Level 1:colcon.colcon_core.package_identification:_identify(.) by extensions ['colcon_pkg']
[0.448s] Level 1:colcon.colcon_core.package_identification:_identify(.) by extension 'colcon_pkg'
[0.448s] Level 1:colcon.colcon_core.package_identification:_identify(.) by extensions ['colcon_meta']
[0.448s] Level 1:colcon.colcon_core.package_identification:_identify(.) by extension 'colcon_meta'
[0.448s] Level 1:colcon.colcon_core.package_identification:_identify(.) by extensions ['ros']
[0.448s] Level 1:colcon.colcon_core.package_identification:_identify(.) by extension 'ros'
[0.459s] Level 1:colcon.colcon_core.package_identification:_identify(.) by extensions ['cmake', 'python']
[0.459s] Level 1:colcon.colcon_core.package_identification:_identify(.) by extension 'cmake'
[0.459s] Level 1:colcon.colcon_core.package_identification:_identify(.) by extension 'python'
[0.459s] Level 1:colcon.colcon_core.package_identification:_identify(.) by extensions ['python_setup_py']
[0.459s] Level 1:colcon.colcon_core.package_identification:_identify(.) by extension 'python_setup_py'
[0.459s] Level 1:colcon.colcon_core.package_identification:_identify(build) by extensions ['ignore', 'ignore_ament_install']
[0.459s] Level 1:colcon.colcon_core.package_identification:_identify(build) by extension 'ignore'
[0.459s] Level 1:colcon.colcon_core.package_identification:_identify(build) ignored
[0.459s] Level 1:colcon.colcon_core.package_identification:_identify(install) by extensions ['ignore', 'ignore_ament_install']
[0.459s] Level 1:colcon.colcon_core.package_identification:_identify(install) by extension 'ignore'
[0.459s] Level 1:colcon.colcon_core.package_identification:_identify(install) ignored
[0.459s] Level 1:colcon.colcon_core.package_identification:_identify(log) by extensions ['ignore', 'ignore_ament_install']
[0.459s] Level 1:colcon.colcon_core.package_identification:_identify(log) by extension 'ignore'
[0.459s] Level 1:colcon.colcon_core.package_identification:_identify(log) ignored
[0.460s] Level 1:colcon.colcon_core.package_identification:_identify(src) by extensions ['ignore', 'ignore_ament_install']
[0.460s] Level 1:colcon.colcon_core.package_identification:_identify(src) by extension 'ignore'
[0.460s] Level 1:colcon.colcon_core.package_identification:_identify(src) by extension 'ignore_ament_install'
[0.460s] Level 1:colcon.colcon_core.package_identification:_identify(src) by extensions ['colcon_pkg']
[0.460s] Level 1:colcon.colcon_core.package_identification:_identify(src) by extension 'colcon_pkg'
[0.460s] Level 1:colcon.colcon_core.package_identification:_identify(src) by extensions ['colcon_meta']
[0.460s] Level 1:colcon.colcon_core.package_identification:_identify(src) by extension 'colcon_meta'
[0.460s] Level 1:colcon.colcon_core.package_identification:_identify(src) by extensions ['ros']
[0.460s] Level 1:colcon.colcon_core.package_identification:_identify(src) by extension 'ros'
[0.460s] Level 1:colcon.colcon_core.package_identification:_identify(src) by extensions ['cmake', 'python']
[0.460s] Level 1:colcon.colcon_core.package_identification:_identify(src) by extension 'cmake'
[0.460s] Level 1:colcon.colcon_core.package_identification:_identify(src) by extension 'python'
[0.460s] Level 1:colcon.colcon_core.package_identification:_identify(src) by extensions ['python_setup_py']
[0.460s] Level 1:colcon.colcon_core.package_identification:_identify(src) by extension 'python_setup_py'
[0.460s] Level 1:colcon.colcon_core.package_identification:_identify(src/example_topic_rclcpp) by extensions ['ignore', 'ignore_ament_install']
[0.461s] Level 1:colcon.colcon_core.package_identification:_identify(src/example_topic_rclcpp) by extension 'ignore'
[0.461s] Level 1:colcon.colcon_core.package_identification:_identify(src/example_topic_rclcpp) by extension 'ignore_ament_install'
[0.461s] Level 1:colcon.colcon_core.package_identification:_identify(src/example_topic_rclcpp) by extensions ['colcon_pkg']
[0.461s] Level 1:colcon.colcon_core.package_identification:_identify(src/example_topic_rclcpp) by extension 'colcon_pkg'
[0.461s] Level 1:colcon.colcon_core.package_identification:_identify(src/example_topic_rclcpp) by extensions ['colcon_meta']
[0.461s] Level 1:colcon.colcon_core.package_identification:_identify(src/example_topic_rclcpp) by extension 'colcon_meta'
[0.461s] Level 1:colcon.colcon_core.package_identification:_identify(src/example_topic_rclcpp) by extensions ['ros']
[0.461s] Level 1:colcon.colcon_core.package_identification:_identify(src/example_topic_rclcpp) by extension 'ros'
[0.463s] DEBUG:colcon.colcon_core.package_identification:Package 'src/example_topic_rclcpp' with type 'ros.ament_cmake' and name 'example_topic_rclcpp'
[0.463s] Level 1:colcon.colcon_core.package_discovery:discover_packages(recursive) using defaults
[0.463s] Level 1:colcon.colcon_core.package_discovery:discover_packages(ignore) discover
[0.463s] Level 1:colcon.colcon_core.package_discovery:discover_packages(ignore) using defaults
[0.463s] Level 1:colcon.colcon_core.package_discovery:discover_packages(path) discover
[0.463s] Level 1:colcon.colcon_core.package_discovery:discover_packages(path) using defaults
[0.486s] Level 5:colcon.colcon_core.verb:set package 'example_topic_rclcpp' build argument 'cmake_args' from command line to 'None'
[0.486s] Level 5:colcon.colcon_core.verb:set package 'example_topic_rclcpp' build argument 'cmake_target' from command line to 'None'
[0.486s] Level 5:colcon.colcon_core.verb:set package 'example_topic_rclcpp' build argument 'cmake_target_skip_unavailable' from command line to 'False'
[0.486s] Level 5:colcon.colcon_core.verb:set package 'example_topic_rclcpp' build argument 'cmake_clean_cache' from command line to 'False'
[0.486s] Level 5:colcon.colcon_core.verb:set package 'example_topic_rclcpp' build argument 'cmake_clean_first' from command line to 'False'
[0.486s] Level 5:colcon.colcon_core.verb:set package 'example_topic_rclcpp' build argument 'cmake_force_configure' from command line to 'False'
[0.486s] Level 5:colcon.colcon_core.verb:set package 'example_topic_rclcpp' build argument 'ament_cmake_args' from command line to 'None'
[0.486s] Level 5:colcon.colcon_core.verb:set package 'example_topic_rclcpp' build argument 'catkin_cmake_args' from command line to 'None'
[0.486s] Level 5:colcon.colcon_core.verb:set package 'example_topic_rclcpp' build argument 'catkin_skip_building_tests' from command line to 'False'
[0.486s] DEBUG:colcon.colcon_core.verb:Building package 'example_topic_rclcpp' with the following arguments: {'ament_cmake_args': None, 'build_base': '/d2lros2/chap3/chapt3_ws/build/example_topic_rclcpp', 'catkin_cmake_args': None, 'catkin_skip_building_tests': False, 'cmake_args': None, 'cmake_clean_cache': False, 'cmake_clean_first': False, 'cmake_force_configure': False, 'cmake_target': None, 'cmake_target_skip_unavailable': False, 'install_base': '/d2lros2/chap3/chapt3_ws/install/example_topic_rclcpp', 'merge_install': False, 'path': '/d2lros2/chap3/chapt3_ws/src/example_topic_rclcpp', 'symlink_install': False, 'test_result_base': None}
[0.486s] INFO:colcon.colcon_core.executor:Executing jobs using 'parallel' executor
[0.487s] DEBUG:colcon.colcon_parallel_executor.executor.parallel:run_until_complete
[0.487s] INFO:colcon.colcon_ros.task.ament_cmake.build:Building ROS package in '/d2lros2/chap3/chapt3_ws/src/example_topic_rclcpp' with build type 'ament_cmake'
[0.487s] INFO:colcon.colcon_cmake.task.cmake.build:Building CMake package in '/d2lros2/chap3/chapt3_ws/src/example_topic_rclcpp'
[0.493s] INFO:colcon.colcon_core.plugin_system:Skipping extension 'colcon_core.shell.bat': Not used on non-Windows systems
[0.493s] INFO:colcon.colcon_core.shell:Skip shell extension 'powershell' for command environment: Not usable outside of PowerShell
[0.493s] DEBUG:colcon.colcon_core.shell:Skip shell extension 'dsv' for command environment
[0.506s] DEBUG:colcon.colcon_core.event_handler.log_command:Invoking command in '/d2lros2/chap3/chapt3_ws/build/example_topic_rclcpp': CMAKE_PREFIX_PATH=${CMAKE_PREFIX_PATH}:/d2lros2/chap2/chapt2_ws/install/example_py:/opt/ros/humble /usr/bin/cmake /d2lros2/chap3/chapt3_ws/src/example_topic_rclcpp -DCMAKE_INSTALL_PREFIX=/d2lros2/chap3/chapt3_ws/install/example_topic_rclcpp
[1.723s] DEBUG:colcon.colcon_core.event_handler.log_command:Invoked command in '/d2lros2/chap3/chapt3_ws/build/example_topic_rclcpp' returned '0': CMAKE_PREFIX_PATH=${CMAKE_PREFIX_PATH}:/d2lros2/chap2/chapt2_ws/install/example_py:/opt/ros/humble /usr/bin/cmake /d2lros2/chap3/chapt3_ws/src/example_topic_rclcpp -DCMAKE_INSTALL_PREFIX=/d2lros2/chap3/chapt3_ws/install/example_topic_rclcpp
[1.724s] DEBUG:colcon.colcon_core.event_handler.log_command:Invoking command in '/d2lros2/chap3/chapt3_ws/build/example_topic_rclcpp': CMAKE_PREFIX_PATH=${CMAKE_PREFIX_PATH}:/d2lros2/chap2/chapt2_ws/install/example_py:/opt/ros/humble /usr/bin/cmake --build /d2lros2/chap3/chapt3_ws/build/example_topic_rclcpp -- -j16 -l16
[3.715s] DEBUG:colcon.colcon_core.event_handler.log_command:Invoked command in '/d2lros2/chap3/chapt3_ws/build/example_topic_rclcpp' returned '2': CMAKE_PREFIX_PATH=${CMAKE_PREFIX_PATH}:/d2lros2/chap2/chapt2_ws/install/example_py:/opt/ros/humble /usr/bin/cmake --build /d2lros2/chap3/chapt3_ws/build/example_topic_rclcpp -- -j16 -l16
[3.731s] Level 1:colcon.colcon_core.environment:create_environment_scripts_only(example_topic_rclcpp)
[3.737s] Level 1:colcon.colcon_core.environment:checking '/d2lros2/chap3/chapt3_ws/install/example_topic_rclcpp' for CMake module files
[3.737s] Level 1:colcon.colcon_core.environment:checking '/d2lros2/chap3/chapt3_ws/install/example_topic_rclcpp' for CMake config files
[3.737s] Level 1:colcon.colcon_core.environment:checking '/d2lros2/chap3/chapt3_ws/install/example_topic_rclcpp/bin'
[3.737s] Level 1:colcon.colcon_core.environment:checking '/d2lros2/chap3/chapt3_ws/install/example_topic_rclcpp/lib/pkgconfig/example_topic_rclcpp.pc'
[3.738s] Level 1:colcon.colcon_core.environment:checking '/d2lros2/chap3/chapt3_ws/install/example_topic_rclcpp/lib/python3.10/site-packages'
[3.738s] Level 1:colcon.colcon_core.environment:checking '/d2lros2/chap3/chapt3_ws/install/example_topic_rclcpp/bin'
[3.738s] INFO:colcon.colcon_core.shell:Creating package script '/d2lros2/chap3/chapt3_ws/install/example_topic_rclcpp/share/example_topic_rclcpp/package.ps1'
[3.739s] INFO:colcon.colcon_core.shell:Creating package descriptor '/d2lros2/chap3/chapt3_ws/install/example_topic_rclcpp/share/example_topic_rclcpp/package.dsv'
[3.740s] INFO:colcon.colcon_core.shell:Creating package script '/d2lros2/chap3/chapt3_ws/install/example_topic_rclcpp/share/example_topic_rclcpp/package.sh'
[3.740s] INFO:colcon.colcon_core.shell:Creating package script '/d2lros2/chap3/chapt3_ws/install/example_topic_rclcpp/share/example_topic_rclcpp/package.bash'
[3.741s] INFO:colcon.colcon_core.shell:Creating package script '/d2lros2/chap3/chapt3_ws/install/example_topic_rclcpp/share/example_topic_rclcpp/package.zsh'
[3.742s] Level 1:colcon.colcon_core.environment:create_file_with_runtime_dependencies(/d2lros2/chap3/chapt3_ws/install/example_topic_rclcpp/share/colcon-core/packages/example_topic_rclcpp)
[3.753s] DEBUG:colcon.colcon_parallel_executor.executor.parallel:closing loop
[3.753s] DEBUG:colcon.colcon_parallel_executor.executor.parallel:loop closed
[3.753s] DEBUG:colcon.colcon_parallel_executor.executor.parallel:run_until_complete finished with '2'
[3.753s] DEBUG:colcon.colcon_core.event_reactor:joining thread
[3.763s] INFO:colcon.colcon_core.plugin_system:Skipping extension 'colcon_notification.desktop_notification.notify_send': Could not find 'notify-send'
[3.763s] INFO:colcon.colcon_core.plugin_system:Skipping extension 'colcon_notification.desktop_notification.terminal_notifier': Not used on non-Darwin systems
[3.763s] INFO:colcon.colcon_core.plugin_system:Skipping extension 'colcon_notification.desktop_notification.win32': Not used on non-Windows systems
[3.763s] INFO:colcon.colcon_notification.desktop_notification:Sending desktop notification using 'notify2'
[3.765s] DEBUG:colcon.colcon_notification.desktop_notification.notify2:Failed to initialize notify2: org.freedesktop.DBus.Error.Spawn.ExecFailed: /usr/bin/dbus-launch terminated abnormally without any error message
[3.765s] DEBUG:colcon.colcon_core.event_reactor:joined thread
[3.766s] INFO:colcon.colcon_core.shell:Creating prefix script '/d2lros2/chap3/chapt3_ws/install/local_setup.ps1'
[3.767s] INFO:colcon.colcon_core.shell:Creating prefix util module '/d2lros2/chap3/chapt3_ws/install/_local_setup_util_ps1.py'
[3.768s] INFO:colcon.colcon_core.shell:Creating prefix chain script '/d2lros2/chap3/chapt3_ws/install/setup.ps1'
[3.769s] INFO:colcon.colcon_core.shell:Creating prefix script '/d2lros2/chap3/chapt3_ws/install/local_setup.sh'
[3.770s] INFO:colcon.colcon_core.shell:Creating prefix util module '/d2lros2/chap3/chapt3_ws/install/_local_setup_util_sh.py'
[3.770s] INFO:colcon.colcon_core.shell:Creating prefix chain script '/d2lros2/chap3/chapt3_ws/install/setup.sh'
[3.771s] INFO:colcon.colcon_core.shell:Creating prefix script '/d2lros2/chap3/chapt3_ws/install/local_setup.bash'
[3.772s] INFO:colcon.colcon_core.shell:Creating prefix chain script '/d2lros2/chap3/chapt3_ws/install/setup.bash'
[3.772s] INFO:colcon.colcon_core.shell:Creating prefix script '/d2lros2/chap3/chapt3_ws/install/local_setup.zsh'
[3.773s] INFO:colcon.colcon_core.shell:Creating prefix chain script '/d2lros2/chap3/chapt3_ws/install/setup.zsh'
