[0.061s] DEBUG:colcon:Command line arguments: ['/usr/bin/colcon', 'build', '--packages-select', 'example_topic_rclcpp']
[0.061s] DEBUG:colcon:Parsed command line arguments: Namespace(log_base=None, log_level=None, verb_name='build', build_base='build', install_base='install', merge_install=False, symlink_install=False, test_result_base=None, continue_on_error=False, executor='parallel', parallel_workers=16, event_handlers=None, ignore_user_meta=False, metas=['./colcon.meta'], base_paths=['.'], packages_ignore=None, packages_ignore_regex=None, paths=None, packages_up_to=None, packages_up_to_regex=None, packages_above=None, packages_above_and_dependencies=None, packages_above_depth=None, packages_select_by_dep=None, packages_skip_by_dep=None, packages_skip_up_to=None, packages_select_build_failed=False, packages_skip_build_finished=False, packages_select_test_failures=False, packages_skip_test_passed=False, packages_select=['example_topic_rclcpp'], packages_skip=None, packages_select_regex=None, packages_skip_regex=None, packages_start=None, packages_end=None, cmake_args=None, cmake_target=None, cmake_target_skip_unavailable=False, cmake_clean_cache=False, cmake_clean_first=False, cmake_force_configure=False, ament_cmake_args=None, catkin_cmake_args=None, catkin_skip_building_tests=False, mixin_files=None, mixin=None, verb_parser=<colcon_mixin.mixin.mixin_argument.MixinArgumentDecorator object at 0x7fb47398fee0>, verb_extension=<colcon_core.verb.build.BuildVerb object at 0x7fb47398f850>, main=<bound method BuildVerb.main of <colcon_core.verb.build.BuildVerb object at 0x7fb47398f850>>, mixin_verb=('build',))
[0.125s] Level 1:colcon.colcon_core.package_discovery:discover_packages(colcon_meta) check parameters
[0.126s] INFO:colcon.colcon_metadata.package_discovery.colcon_meta:Using configuration from '/root/.colcon/metadata/default/Gazebo.meta'
[0.126s] INFO:colcon.colcon_metadata.package_discovery.colcon_meta:Using configuration from '/root/.colcon/metadata/default/fastrtps.meta'
[0.126s] Level 1:colcon.colcon_core.package_discovery:discover_packages(recursive) check parameters
[0.126s] Level 1:colcon.colcon_core.package_discovery:discover_packages(ignore) check parameters
[0.126s] Level 1:colcon.colcon_core.package_discovery:discover_packages(path) check parameters
[0.126s] Level 1:colcon.colcon_core.package_discovery:discover_packages(colcon_meta) discover
[0.126s] Level 1:colcon.colcon_core.package_discovery:discover_packages(recursive) discover
[0.126s] INFO:colcon.colcon_core.package_discovery:Crawling recursively for packages in '/d2lros2/chap3/chapt3_ws/src'
[0.126s] Level 1:colcon.colcon_core.package_identification:_identify(.) by extensions ['ignore', 'ignore_ament_install']
[0.126s] Level 1:colcon.colcon_core.package_identification:_identify(.) by extension 'ignore'
[0.126s] Level 1:colcon.colcon_core.package_identification:_identify(.) by extension 'ignore_ament_install'
[0.126s] Level 1:colcon.colcon_core.package_identification:_identify(.) by extensions ['colcon_pkg']
[0.126s] Level 1:colcon.colcon_core.package_identification:_identify(.) by extension 'colcon_pkg'
[0.126s] Level 1:colcon.colcon_core.package_identification:_identify(.) by extensions ['colcon_meta']
[0.126s] Level 1:colcon.colcon_core.package_identification:_identify(.) by extension 'colcon_meta'
[0.126s] Level 1:colcon.colcon_core.package_identification:_identify(.) by extensions ['ros']
[0.126s] Level 1:colcon.colcon_core.package_identification:_identify(.) by extension 'ros'
[0.133s] Level 1:colcon.colcon_core.package_identification:_identify(.) by extensions ['cmake', 'python']
[0.133s] Level 1:colcon.colcon_core.package_identification:_identify(.) by extension 'cmake'
[0.133s] Level 1:colcon.colcon_core.package_identification:_identify(.) by extension 'python'
[0.133s] Level 1:colcon.colcon_core.package_identification:_identify(.) by extensions ['python_setup_py']
[0.133s] Level 1:colcon.colcon_core.package_identification:_identify(.) by extension 'python_setup_py'
[0.133s] Level 1:colcon.colcon_core.package_identification:_identify(build) by extensions ['ignore', 'ignore_ament_install']
[0.133s] Level 1:colcon.colcon_core.package_identification:_identify(build) by extension 'ignore'
[0.133s] Level 1:colcon.colcon_core.package_identification:_identify(build) ignored
[0.133s] Level 1:colcon.colcon_core.package_identification:_identify(example_topic_rclcpp) by extensions ['ignore', 'ignore_ament_install']
[0.133s] Level 1:colcon.colcon_core.package_identification:_identify(example_topic_rclcpp) by extension 'ignore'
[0.133s] Level 1:colcon.colcon_core.package_identification:_identify(example_topic_rclcpp) by extension 'ignore_ament_install'
[0.133s] Level 1:colcon.colcon_core.package_identification:_identify(example_topic_rclcpp) by extensions ['colcon_pkg']
[0.133s] Level 1:colcon.colcon_core.package_identification:_identify(example_topic_rclcpp) by extension 'colcon_pkg'
[0.133s] Level 1:colcon.colcon_core.package_identification:_identify(example_topic_rclcpp) by extensions ['colcon_meta']
[0.133s] Level 1:colcon.colcon_core.package_identification:_identify(example_topic_rclcpp) by extension 'colcon_meta'
[0.133s] Level 1:colcon.colcon_core.package_identification:_identify(example_topic_rclcpp) by extensions ['ros']
[0.133s] Level 1:colcon.colcon_core.package_identification:_identify(example_topic_rclcpp) by extension 'ros'
[0.135s] DEBUG:colcon.colcon_core.package_identification:Package 'example_topic_rclcpp' with type 'ros.ament_cmake' and name 'example_topic_rclcpp'
[0.135s] Level 1:colcon.colcon_core.package_identification:_identify(install) by extensions ['ignore', 'ignore_ament_install']
[0.135s] Level 1:colcon.colcon_core.package_identification:_identify(install) by extension 'ignore'
[0.135s] Level 1:colcon.colcon_core.package_identification:_identify(install) ignored
[0.135s] Level 1:colcon.colcon_core.package_identification:_identify(log) by extensions ['ignore', 'ignore_ament_install']
[0.135s] Level 1:colcon.colcon_core.package_identification:_identify(log) by extension 'ignore'
[0.135s] Level 1:colcon.colcon_core.package_identification:_identify(log) ignored
[0.135s] Level 1:colcon.colcon_core.package_discovery:discover_packages(recursive) using defaults
[0.135s] Level 1:colcon.colcon_core.package_discovery:discover_packages(ignore) discover
[0.135s] Level 1:colcon.colcon_core.package_discovery:discover_packages(ignore) using defaults
[0.135s] Level 1:colcon.colcon_core.package_discovery:discover_packages(path) discover
[0.135s] Level 1:colcon.colcon_core.package_discovery:discover_packages(path) using defaults
[0.147s] Level 5:colcon.colcon_core.verb:set package 'example_topic_rclcpp' build argument 'cmake_args' from command line to 'None'
[0.147s] Level 5:colcon.colcon_core.verb:set package 'example_topic_rclcpp' build argument 'cmake_target' from command line to 'None'
[0.147s] Level 5:colcon.colcon_core.verb:set package 'example_topic_rclcpp' build argument 'cmake_target_skip_unavailable' from command line to 'False'
[0.147s] Level 5:colcon.colcon_core.verb:set package 'example_topic_rclcpp' build argument 'cmake_clean_cache' from command line to 'False'
[0.147s] Level 5:colcon.colcon_core.verb:set package 'example_topic_rclcpp' build argument 'cmake_clean_first' from command line to 'False'
[0.147s] Level 5:colcon.colcon_core.verb:set package 'example_topic_rclcpp' build argument 'cmake_force_configure' from command line to 'False'
[0.147s] Level 5:colcon.colcon_core.verb:set package 'example_topic_rclcpp' build argument 'ament_cmake_args' from command line to 'None'
[0.147s] Level 5:colcon.colcon_core.verb:set package 'example_topic_rclcpp' build argument 'catkin_cmake_args' from command line to 'None'
[0.147s] Level 5:colcon.colcon_core.verb:set package 'example_topic_rclcpp' build argument 'catkin_skip_building_tests' from command line to 'False'
[0.147s] DEBUG:colcon.colcon_core.verb:Building package 'example_topic_rclcpp' with the following arguments: {'ament_cmake_args': None, 'build_base': '/d2lros2/chap3/chapt3_ws/src/build/example_topic_rclcpp', 'catkin_cmake_args': None, 'catkin_skip_building_tests': False, 'cmake_args': None, 'cmake_clean_cache': False, 'cmake_clean_first': False, 'cmake_force_configure': False, 'cmake_target': None, 'cmake_target_skip_unavailable': False, 'install_base': '/d2lros2/chap3/chapt3_ws/src/install/example_topic_rclcpp', 'merge_install': False, 'path': '/d2lros2/chap3/chapt3_ws/src/example_topic_rclcpp', 'symlink_install': False, 'test_result_base': None}
[0.147s] INFO:colcon.colcon_core.executor:Executing jobs using 'parallel' executor
[0.148s] DEBUG:colcon.colcon_parallel_executor.executor.parallel:run_until_complete
[0.148s] INFO:colcon.colcon_ros.task.ament_cmake.build:Building ROS package in '/d2lros2/chap3/chapt3_ws/src/example_topic_rclcpp' with build type 'ament_cmake'
[0.148s] INFO:colcon.colcon_cmake.task.cmake.build:Building CMake package in '/d2lros2/chap3/chapt3_ws/src/example_topic_rclcpp'
[0.150s] INFO:colcon.colcon_core.plugin_system:Skipping extension 'colcon_core.shell.bat': Not used on non-Windows systems
[0.151s] INFO:colcon.colcon_core.shell:Skip shell extension 'powershell' for command environment: Not usable outside of PowerShell
[0.151s] DEBUG:colcon.colcon_core.shell:Skip shell extension 'dsv' for command environment
[0.165s] DEBUG:colcon.colcon_core.event_handler.log_command:Invoking command in '/d2lros2/chap3/chapt3_ws/src/build/example_topic_rclcpp': CMAKE_PREFIX_PATH=/opt/ros/humble /usr/bin/cmake --build /d2lros2/chap3/chapt3_ws/src/build/example_topic_rclcpp -- -j16 -l16
[5.449s] DEBUG:colcon.colcon_core.event_handler.log_command:Invoked command in '/d2lros2/chap3/chapt3_ws/src/build/example_topic_rclcpp' returned '0': CMAKE_PREFIX_PATH=/opt/ros/humble /usr/bin/cmake --build /d2lros2/chap3/chapt3_ws/src/build/example_topic_rclcpp -- -j16 -l16
[5.472s] DEBUG:colcon.colcon_core.event_handler.log_command:Invoking command in '/d2lros2/chap3/chapt3_ws/src/build/example_topic_rclcpp': CMAKE_PREFIX_PATH=/opt/ros/humble /usr/bin/cmake --install /d2lros2/chap3/chapt3_ws/src/build/example_topic_rclcpp
[5.486s] Level 1:colcon.colcon_core.environment:create_environment_scripts_only(example_topic_rclcpp)
[5.487s] DEBUG:colcon.colcon_core.event_handler.log_command:Invoked command in '/d2lros2/chap3/chapt3_ws/src/build/example_topic_rclcpp' returned '0': CMAKE_PREFIX_PATH=/opt/ros/humble /usr/bin/cmake --install /d2lros2/chap3/chapt3_ws/src/build/example_topic_rclcpp
[5.488s] Level 1:colcon.colcon_core.environment:checking '/d2lros2/chap3/chapt3_ws/src/install/example_topic_rclcpp' for CMake module files
[5.488s] Level 1:colcon.colcon_core.environment:checking '/d2lros2/chap3/chapt3_ws/src/install/example_topic_rclcpp' for CMake config files
[5.488s] Level 1:colcon.colcon_core.shell:create_environment_hook('example_topic_rclcpp', 'cmake_prefix_path')
[5.488s] INFO:colcon.colcon_core.shell:Creating environment hook '/d2lros2/chap3/chapt3_ws/src/install/example_topic_rclcpp/share/example_topic_rclcpp/hook/cmake_prefix_path.ps1'
[5.490s] INFO:colcon.colcon_core.shell:Creating environment descriptor '/d2lros2/chap3/chapt3_ws/src/install/example_topic_rclcpp/share/example_topic_rclcpp/hook/cmake_prefix_path.dsv'
[5.491s] INFO:colcon.colcon_core.shell:Creating environment hook '/d2lros2/chap3/chapt3_ws/src/install/example_topic_rclcpp/share/example_topic_rclcpp/hook/cmake_prefix_path.sh'
[5.491s] Level 1:colcon.colcon_core.environment:checking '/d2lros2/chap3/chapt3_ws/src/install/example_topic_rclcpp/lib'
[5.492s] Level 1:colcon.colcon_core.environment:checking '/d2lros2/chap3/chapt3_ws/src/install/example_topic_rclcpp/bin'
[5.492s] Level 1:colcon.colcon_core.environment:checking '/d2lros2/chap3/chapt3_ws/src/install/example_topic_rclcpp/lib/pkgconfig/example_topic_rclcpp.pc'
[5.493s] Level 1:colcon.colcon_core.environment:checking '/d2lros2/chap3/chapt3_ws/src/install/example_topic_rclcpp/lib/python3.10/site-packages'
[5.493s] Level 1:colcon.colcon_core.environment:checking '/d2lros2/chap3/chapt3_ws/src/install/example_topic_rclcpp/bin'
[5.493s] INFO:colcon.colcon_core.shell:Creating package script '/d2lros2/chap3/chapt3_ws/src/install/example_topic_rclcpp/share/example_topic_rclcpp/package.ps1'
[5.494s] INFO:colcon.colcon_core.shell:Creating package descriptor '/d2lros2/chap3/chapt3_ws/src/install/example_topic_rclcpp/share/example_topic_rclcpp/package.dsv'
[5.494s] INFO:colcon.colcon_core.shell:Creating package script '/d2lros2/chap3/chapt3_ws/src/install/example_topic_rclcpp/share/example_topic_rclcpp/package.sh'
[5.495s] INFO:colcon.colcon_core.shell:Creating package script '/d2lros2/chap3/chapt3_ws/src/install/example_topic_rclcpp/share/example_topic_rclcpp/package.bash'
[5.495s] INFO:colcon.colcon_core.shell:Creating package script '/d2lros2/chap3/chapt3_ws/src/install/example_topic_rclcpp/share/example_topic_rclcpp/package.zsh'
[5.495s] Level 1:colcon.colcon_core.environment:create_file_with_runtime_dependencies(/d2lros2/chap3/chapt3_ws/src/install/example_topic_rclcpp/share/colcon-core/packages/example_topic_rclcpp)
[5.512s] Level 1:colcon.colcon_core.environment:create_environment_scripts_only(example_topic_rclcpp)
[5.513s] Level 1:colcon.colcon_core.environment:checking '/d2lros2/chap3/chapt3_ws/src/install/example_topic_rclcpp' for CMake module files
[5.513s] Level 1:colcon.colcon_core.environment:checking '/d2lros2/chap3/chapt3_ws/src/install/example_topic_rclcpp' for CMake config files
[5.513s] Level 1:colcon.colcon_core.shell:create_environment_hook('example_topic_rclcpp', 'cmake_prefix_path')
[5.513s] INFO:colcon.colcon_core.shell:Creating environment hook '/d2lros2/chap3/chapt3_ws/src/install/example_topic_rclcpp/share/example_topic_rclcpp/hook/cmake_prefix_path.ps1'
[5.514s] INFO:colcon.colcon_core.shell:Creating environment descriptor '/d2lros2/chap3/chapt3_ws/src/install/example_topic_rclcpp/share/example_topic_rclcpp/hook/cmake_prefix_path.dsv'
[5.514s] INFO:colcon.colcon_core.shell:Creating environment hook '/d2lros2/chap3/chapt3_ws/src/install/example_topic_rclcpp/share/example_topic_rclcpp/hook/cmake_prefix_path.sh'
[5.514s] Level 1:colcon.colcon_core.environment:checking '/d2lros2/chap3/chapt3_ws/src/install/example_topic_rclcpp/lib'
[5.514s] Level 1:colcon.colcon_core.environment:checking '/d2lros2/chap3/chapt3_ws/src/install/example_topic_rclcpp/bin'
[5.514s] Level 1:colcon.colcon_core.environment:checking '/d2lros2/chap3/chapt3_ws/src/install/example_topic_rclcpp/lib/pkgconfig/example_topic_rclcpp.pc'
[5.514s] Level 1:colcon.colcon_core.environment:checking '/d2lros2/chap3/chapt3_ws/src/install/example_topic_rclcpp/lib/python3.10/site-packages'
[5.515s] Level 1:colcon.colcon_core.environment:checking '/d2lros2/chap3/chapt3_ws/src/install/example_topic_rclcpp/bin'
[5.515s] INFO:colcon.colcon_core.shell:Creating package script '/d2lros2/chap3/chapt3_ws/src/install/example_topic_rclcpp/share/example_topic_rclcpp/package.ps1'
[5.515s] INFO:colcon.colcon_core.shell:Creating package descriptor '/d2lros2/chap3/chapt3_ws/src/install/example_topic_rclcpp/share/example_topic_rclcpp/package.dsv'
[5.515s] INFO:colcon.colcon_core.shell:Creating package script '/d2lros2/chap3/chapt3_ws/src/install/example_topic_rclcpp/share/example_topic_rclcpp/package.sh'
[5.515s] INFO:colcon.colcon_core.shell:Creating package script '/d2lros2/chap3/chapt3_ws/src/install/example_topic_rclcpp/share/example_topic_rclcpp/package.bash'
[5.516s] INFO:colcon.colcon_core.shell:Creating package script '/d2lros2/chap3/chapt3_ws/src/install/example_topic_rclcpp/share/example_topic_rclcpp/package.zsh'
[5.516s] Level 1:colcon.colcon_core.environment:create_file_with_runtime_dependencies(/d2lros2/chap3/chapt3_ws/src/install/example_topic_rclcpp/share/colcon-core/packages/example_topic_rclcpp)
[5.516s] DEBUG:colcon.colcon_parallel_executor.executor.parallel:closing loop
[5.516s] DEBUG:colcon.colcon_parallel_executor.executor.parallel:loop closed
[5.517s] DEBUG:colcon.colcon_parallel_executor.executor.parallel:run_until_complete finished with '0'
[5.517s] DEBUG:colcon.colcon_core.event_reactor:joining thread
[5.520s] INFO:colcon.colcon_core.plugin_system:Skipping extension 'colcon_notification.desktop_notification.notify_send': Could not find 'notify-send'
[5.520s] INFO:colcon.colcon_core.plugin_system:Skipping extension 'colcon_notification.desktop_notification.terminal_notifier': Not used on non-Darwin systems
[5.520s] INFO:colcon.colcon_core.plugin_system:Skipping extension 'colcon_notification.desktop_notification.win32': Not used on non-Windows systems
[5.520s] INFO:colcon.colcon_notification.desktop_notification:Sending desktop notification using 'notify2'
[5.521s] DEBUG:colcon.colcon_notification.desktop_notification.notify2:Failed to initialize notify2: org.freedesktop.DBus.Error.Spawn.ExecFailed: /usr/bin/dbus-launch terminated abnormally without any error message
[5.522s] DEBUG:colcon.colcon_core.event_reactor:joined thread
[5.522s] INFO:colcon.colcon_core.shell:Creating prefix script '/d2lros2/chap3/chapt3_ws/src/install/local_setup.ps1'
[5.523s] INFO:colcon.colcon_core.shell:Creating prefix util module '/d2lros2/chap3/chapt3_ws/src/install/_local_setup_util_ps1.py'
[5.523s] INFO:colcon.colcon_core.shell:Creating prefix chain script '/d2lros2/chap3/chapt3_ws/src/install/setup.ps1'
[5.524s] INFO:colcon.colcon_core.shell:Creating prefix script '/d2lros2/chap3/chapt3_ws/src/install/local_setup.sh'
[5.524s] INFO:colcon.colcon_core.shell:Creating prefix util module '/d2lros2/chap3/chapt3_ws/src/install/_local_setup_util_sh.py'
[5.525s] INFO:colcon.colcon_core.shell:Creating prefix chain script '/d2lros2/chap3/chapt3_ws/src/install/setup.sh'
[5.525s] INFO:colcon.colcon_core.shell:Creating prefix script '/d2lros2/chap3/chapt3_ws/src/install/local_setup.bash'
[5.526s] INFO:colcon.colcon_core.shell:Creating prefix chain script '/d2lros2/chap3/chapt3_ws/src/install/setup.bash'
[5.526s] INFO:colcon.colcon_core.shell:Creating prefix script '/d2lros2/chap3/chapt3_ws/src/install/local_setup.zsh'
[5.526s] INFO:colcon.colcon_core.shell:Creating prefix chain script '/d2lros2/chap3/chapt3_ws/src/install/setup.zsh'
