[0.023s] Invoking command in '/d2lros2/chap2/chapt2_ws/build/example_cpp': CMAKE_PREFIX_PATH=${CMAKE_PREFIX_PATH}:/d2lros2/chap2/chapt2_ws/install/example_py:/opt/ros/humble /usr/bin/cmake --build /d2lros2/chap2/chapt2_ws/build/example_cpp -- -j16 -l16
[0.110s] [100%] Built target node_03
[0.173s] Invoked command in '/d2lros2/chap2/chapt2_ws/build/example_cpp' returned '0': CMAKE_PREFIX_PATH=${CMAKE_PREFIX_PATH}:/d2lros2/chap2/chapt2_ws/install/example_py:/opt/ros/humble /usr/bin/cmake --build /d2lros2/chap2/chapt2_ws/build/example_cpp -- -j16 -l16
[0.193s] Invoking command in '/d2lros2/chap2/chapt2_ws/build/example_cpp': CMAKE_PREFIX_PATH=${CMAKE_PREFIX_PATH}:/d2lros2/chap2/chapt2_ws/install/example_py:/opt/ros/humble /usr/bin/cmake --install /d2lros2/chap2/chapt2_ws/build/example_cpp
[0.198s] -- Install configuration: ""
[0.198s] -- Up-to-date: /d2lros2/chap2/chapt2_ws/install/example_cpp/share/ament_index/resource_index/package_run_dependencies/example_cpp
[0.198s] -- Up-to-date: /d2lros2/chap2/chapt2_ws/install/example_cpp/share/ament_index/resource_index/parent_prefix_path/example_cpp
[0.198s] -- Up-to-date: /d2lros2/chap2/chapt2_ws/install/example_cpp/share/example_cpp/environment/ament_prefix_path.sh
[0.198s] -- Up-to-date: /d2lros2/chap2/chapt2_ws/install/example_cpp/share/example_cpp/environment/ament_prefix_path.dsv
[0.198s] -- Up-to-date: /d2lros2/chap2/chapt2_ws/install/example_cpp/share/example_cpp/environment/path.sh
[0.198s] -- Up-to-date: /d2lros2/chap2/chapt2_ws/install/example_cpp/share/example_cpp/environment/path.dsv
[0.199s] -- Up-to-date: /d2lros2/chap2/chapt2_ws/install/example_cpp/share/example_cpp/local_setup.bash
[0.199s] -- Up-to-date: /d2lros2/chap2/chapt2_ws/install/example_cpp/share/example_cpp/local_setup.sh
[0.199s] -- Up-to-date: /d2lros2/chap2/chapt2_ws/install/example_cpp/share/example_cpp/local_setup.zsh
[0.199s] -- Up-to-date: /d2lros2/chap2/chapt2_ws/install/example_cpp/share/example_cpp/local_setup.dsv
[0.199s] -- Installing: /d2lros2/chap2/chapt2_ws/install/example_cpp/share/example_cpp/package.dsv
[0.199s] -- Up-to-date: /d2lros2/chap2/chapt2_ws/install/example_cpp/share/ament_index/resource_index/packages/example_cpp
[0.199s] -- Up-to-date: /d2lros2/chap2/chapt2_ws/install/example_cpp/share/example_cpp/cmake/example_cppConfig.cmake
[0.199s] -- Up-to-date: /d2lros2/chap2/chapt2_ws/install/example_cpp/share/example_cpp/cmake/example_cppConfig-version.cmake
[0.199s] -- Up-to-date: /d2lros2/chap2/chapt2_ws/install/example_cpp/share/example_cpp/package.xml
[0.201s] -- Up-to-date: /d2lros2/chap2/chapt2_ws/install/example_cpp/lib/example_cpp/node_03
[0.202s] Invoked command in '/d2lros2/chap2/chapt2_ws/build/example_cpp' returned '0': CMAKE_PREFIX_PATH=${CMAKE_PREFIX_PATH}:/d2lros2/chap2/chapt2_ws/install/example_py:/opt/ros/humble /usr/bin/cmake --install /d2lros2/chap2/chapt2_ws/build/example_cpp
