[0.044s] Invoking command in '/d2lros2/chap3/chapt3_ws/build/example_topic_rclcpp': CMAKE_PREFIX_PATH=/opt/ros/humble /usr/bin/cmake --build /d2lros2/chap3/chapt3_ws/build/example_topic_rclcpp -- -j16 -l16
[0.199s] [35m[1mConsolidate compiler generated dependencies of target topic_subscribe_01[0m
[0.244s] [ 50%] Built target topic_publisher_01
[0.266s] [ 75%] [32mBuilding CXX object CMakeFiles/topic_subscribe_01.dir/src/topic_subscribe_01.cpp.o[0m
[6.210s] [01m[K/d2lros2/chap3/chapt3_ws/src/example_topic_rclcpp/src/topic_subscribe_01.cpp:7:25:[m[K [01;31m[Kerror: [m[Kexpected ‘[01m[K)[m[K’ before ‘[01m[K:[m[K’ token
[6.211s]     7 |     Topicsubscribe01[34m[K([m[Kstd[01;31m[K:[m[Kstring name) : Node(name) {
[6.211s]       |                     [34m[K~[m[K   [01;31m[K^[m[K
[6.212s]       |                         [32m[K)[m[K
[7.170s] In file included from [01m[K/usr/include/x86_64-linux-gnu/c++/11/bits/c++allocator.h:33[m[K,
[7.171s]                  from [01m[K/usr/include/c++/11/bits/allocator.h:46[m[K,
[7.171s]                  from [01m[K/usr/include/c++/11/memory:64[m[K,
[7.171s]                  from [01m[K/opt/ros/humble/include/rclcpp/rclcpp/rclcpp.hpp:153[m[K,
[7.171s]                  from [01m[K/d2lros2/chap3/chapt3_ws/src/example_topic_rclcpp/src/topic_subscribe_01.cpp:1[m[K:
[7.171s] /usr/include/c++/11/ext/new_allocator.h: In instantiation of ‘[01m[Kvoid __gnu_cxx::new_allocator<_Tp>::construct(_Up*, _Args&& ...) [with _Up = Topicsubscribe01; _Args = {const char (&)[19]}; _Tp = Topicsubscribe01][m[K’:
[7.171s] [01m[K/usr/include/c++/11/bits/alloc_traits.h:516:17:[m[K   required from ‘[01m[Kstatic void std::allocator_traits<std::allocator<_Tp1> >::construct(std::allocator_traits<std::allocator<_Tp1> >::allocator_type&, _Up*, _Args&& ...) [with _Up = Topicsubscribe01; _Args = {const char (&)[19]}; _Tp = Topicsubscribe01; std::allocator_traits<std::allocator<_Tp1> >::allocator_type = std::allocator<Topicsubscribe01>][m[K’
[7.171s] [01m[K/usr/include/c++/11/bits/shared_ptr_base.h:519:39:[m[K   required from ‘[01m[Kstd::_Sp_counted_ptr_inplace<_Tp, _Alloc, _Lp>::_Sp_counted_ptr_inplace(_Alloc, _Args&& ...) [with _Args = {const char (&)[19]}; _Tp = Topicsubscribe01; _Alloc = std::allocator<Topicsubscribe01>; __gnu_cxx::_Lock_policy _Lp = __gnu_cxx::_S_atomic][m[K’
[7.173s] [01m[K/usr/include/c++/11/bits/shared_ptr_base.h:650:16:[m[K   required from ‘[01m[Kstd::__shared_count<_Lp>::__shared_count(_Tp*&, std::_Sp_alloc_shared_tag<_Alloc>, _Args&& ...) [with _Tp = Topicsubscribe01; _Alloc = std::allocator<Topicsubscribe01>; _Args = {const char (&)[19]}; __gnu_cxx::_Lock_policy _Lp = __gnu_cxx::_S_atomic][m[K’
[7.173s] [01m[K/usr/include/c++/11/bits/shared_ptr_base.h:1342:14:[m[K   required from ‘[01m[Kstd::__shared_ptr<_Tp, _Lp>::__shared_ptr(std::_Sp_alloc_shared_tag<_Tp>, _Args&& ...) [with _Alloc = std::allocator<Topicsubscribe01>; _Args = {const char (&)[19]}; _Tp = Topicsubscribe01; __gnu_cxx::_Lock_policy _Lp = __gnu_cxx::_S_atomic][m[K’
[7.173s] [01m[K/usr/include/c++/11/bits/shared_ptr.h:409:59:[m[K   required from ‘[01m[Kstd::shared_ptr<_Tp>::shared_ptr(std::_Sp_alloc_shared_tag<_Tp>, _Args&& ...) [with _Alloc = std::allocator<Topicsubscribe01>; _Args = {const char (&)[19]}; _Tp = Topicsubscribe01][m[K’
[7.173s] [01m[K/usr/include/c++/11/bits/shared_ptr.h:862:14:[m[K   required from ‘[01m[Kstd::shared_ptr<_Tp> std::allocate_shared(const _Alloc&, _Args&& ...) [with _Tp = Topicsubscribe01; _Alloc = std::allocator<Topicsubscribe01>; _Args = {const char (&)[19]}][m[K’
[7.173s] [01m[K/usr/include/c++/11/bits/shared_ptr.h:878:39:[m[K   required from ‘[01m[Kstd::shared_ptr<_Tp> std::make_shared(_Args&& ...) [with _Tp = Topicsubscribe01; _Args = {const char (&)[19]}][m[K’
[7.174s] [01m[K/d2lros2/chap3/chapt3_ws/src/example_topic_rclcpp/src/topic_subscribe_01.cpp:17:51:[m[K   required from here
[7.174s] [01m[K/usr/include/c++/11/ext/new_allocator.h:162:11:[m[K [01;31m[Kerror: [m[Kno matching function for call to ‘[01m[KTopicsubscribe01::Topicsubscribe01(const char [19])[m[K’
[7.174s]   162 |         { [01;31m[K::new((void *)__p) _Up(std::forward<_Args>(__args)...)[m[K; }
[7.174s]       |           [01;31m[K^~~~~~~~~~~~~~~~~~~~~~~~~~~~~~~~~~~~~~~~~~~~~~~~~~~~~~[m[K
[7.174s] [01m[K/d2lros2/chap3/chapt3_ws/src/example_topic_rclcpp/src/topic_subscribe_01.cpp:4:7:[m[K [01;36m[Knote: [m[Kcandidate: ‘[01m[KTopicsubscribe01::Topicsubscribe01()[m[K’ (deleted)
[7.174s]     4 | class [01;36m[KTopicsubscribe01[m[K : public rclcpp::Node
[7.175s]       |       [01;36m[K^~~~~~~~~~~~~~~~[m[K
[7.179s] [01m[K/d2lros2/chap3/chapt3_ws/src/example_topic_rclcpp/src/topic_subscribe_01.cpp:4:7:[m[K [01;36m[Knote: [m[K  candidate expects 0 arguments, 1 provided
[7.179s] [01m[K/d2lros2/chap3/chapt3_ws/src/example_topic_rclcpp/src/topic_subscribe_01.cpp:4:7:[m[K [01;36m[Knote: [m[Kcandidate: ‘[01m[KTopicsubscribe01::Topicsubscribe01(const Topicsubscribe01&)[m[K’ (deleted)
[7.179s] [01m[K/d2lros2/chap3/chapt3_ws/src/example_topic_rclcpp/src/topic_subscribe_01.cpp:4:7:[m[K [01;36m[Knote: [m[K  no known conversion for argument 1 from ‘[01m[Kconst char [19][m[K’ to ‘[01m[Kconst Topicsubscribe01&[m[K’
[7.180s] [01m[K/d2lros2/chap3/chapt3_ws/src/example_topic_rclcpp/src/topic_subscribe_01.cpp:4:7:[m[K [01;36m[Knote: [m[Kcandidate: ‘[01m[KTopicsubscribe01::Topicsubscribe01(Topicsubscribe01&&)[m[K’ (deleted)
[7.180s] [01m[K/d2lros2/chap3/chapt3_ws/src/example_topic_rclcpp/src/topic_subscribe_01.cpp:4:7:[m[K [01;36m[Knote: [m[K  no known conversion for argument 1 from ‘[01m[Kconst char [19][m[K’ to ‘[01m[KTopicsubscribe01&&[m[K’
[7.300s] gmake[2]: *** [CMakeFiles/topic_subscribe_01.dir/build.make:76: CMakeFiles/topic_subscribe_01.dir/src/topic_subscribe_01.cpp.o] Error 1
[7.300s] gmake[1]: *** [CMakeFiles/Makefile2:165: CMakeFiles/topic_subscribe_01.dir/all] Error 2
[7.301s] gmake: *** [Makefile:146: all] Error 2
[7.307s] Invoked command in '/d2lros2/chap3/chapt3_ws/build/example_topic_rclcpp' returned '2': CMAKE_PREFIX_PATH=/opt/ros/humble /usr/bin/cmake --build /d2lros2/chap3/chapt3_ws/build/example_topic_rclcpp -- -j16 -l16
