[0.400s] Invoking command in '/d2lros2/chap2/chapt2_ws/src/example_py': PYTHONPATH=/d2lros2/chap2/chapt2_ws/build/example_py/prefix_override:/usr/lib/python3/dist-packages/colcon_core/task/python/colcon_distutils_commands:/d2lros2/chap2/chapt2_ws/install/example_py/lib/python3.10/site-packages:${PYTHONPATH} /usr/bin/python3 -W ignore:setup.py install is deprecated setup.py egg_info --egg-base ../../build/example_py build --build-base /d2lros2/chap2/chapt2_ws/build/example_py/build install --record /d2lros2/chap2/chapt2_ws/build/example_py/install.log --single-version-externally-managed install_data
[0.512s] running egg_info
[0.512s] writing ../../build/example_py/example_py.egg-info/PKG-INFO
[0.513s] writing dependency_links to ../../build/example_py/example_py.egg-info/dependency_links.txt
[0.513s] writing entry points to ../../build/example_py/example_py.egg-info/entry_points.txt
[0.513s] writing requirements to ../../build/example_py/example_py.egg-info/requires.txt
[0.513s] writing top-level names to ../../build/example_py/example_py.egg-info/top_level.txt
[0.516s] reading manifest file '../../build/example_py/example_py.egg-info/SOURCES.txt'
[0.517s] writing manifest file '../../build/example_py/example_py.egg-info/SOURCES.txt'
[0.517s] running build
[0.517s] running build_py
[0.518s] running install
[0.518s] running install_lib
[0.519s] running install_data
[0.520s] running install_egg_info
[0.521s] removing '/d2lros2/chap2/chapt2_ws/install/example_py/lib/python3.10/site-packages/example_py-0.0.0-py3.10.egg-info' (and everything under it)
[0.521s] Copying ../../build/example_py/example_py.egg-info to /d2lros2/chap2/chapt2_ws/install/example_py/lib/python3.10/site-packages/example_py-0.0.0-py3.10.egg-info
[0.522s] running install_scripts
[0.537s] Installing node_02 script to /d2lros2/chap2/chapt2_ws/install/example_py/lib/example_py
[0.538s] Installing node_04 script to /d2lros2/chap2/chapt2_ws/install/example_py/lib/example_py
[0.539s] writing list of installed files to '/d2lros2/chap2/chapt2_ws/build/example_py/install.log'
[0.551s] Invoked command in '/d2lros2/chap2/chapt2_ws/src/example_py' returned '0': PYTHONPATH=/d2lros2/chap2/chapt2_ws/build/example_py/prefix_override:/usr/lib/python3/dist-packages/colcon_core/task/python/colcon_distutils_commands:/d2lros2/chap2/chapt2_ws/install/example_py/lib/python3.10/site-packages:${PYTHONPATH} /usr/bin/python3 -W ignore:setup.py install is deprecated setup.py egg_info --egg-base ../../build/example_py build --build-base /d2lros2/chap2/chapt2_ws/build/example_py/build install --record /d2lros2/chap2/chapt2_ws/build/example_py/install.log --single-version-externally-managed install_data
