[0.013s] Invoking command in '/d2lros2/chap2/chapt2_ws/build/example_cpp': CMAKE_PREFIX_PATH=${CMAKE_PREFIX_PATH}:/d2lros2/chap2/colcon_test_ws/install/launch_testing_examples:/d2lros2/chap2/colcon_test_ws/install/examples_rclpy_pointcloud_publisher:/d2lros2/chap2/colcon_test_ws/install/examples_rclpy_minimal_subscriber:/d2lros2/chap2/colcon_test_ws/install/examples_rclpy_minimal_service:/d2lros2/chap2/colcon_test_ws/install/examples_rclpy_minimal_publisher:/d2lros2/chap2/colcon_test_ws/install/examples_rclpy_minimal_client:/d2lros2/chap2/colcon_test_ws/install/examples_rclpy_minimal_action_server:/d2lros2/chap2/colcon_test_ws/install/examples_rclpy_minimal_action_client:/d2lros2/chap2/colcon_test_ws/install/examples_rclpy_guard_conditions:/d2lros2/chap2/colcon_test_ws/install/examples_rclpy_executors:/opt/ros/humble /usr/bin/cmake --build /d2lros2/chap2/chapt2_ws/build/example_cpp -- -j16 -l16
[0.040s] [100%] Built target node_01
[0.144s] Invoked command in '/d2lros2/chap2/chapt2_ws/build/example_cpp' returned '0': CMAKE_PREFIX_PATH=${CMAKE_PREFIX_PATH}:/d2lros2/chap2/colcon_test_ws/install/launch_testing_examples:/d2lros2/chap2/colcon_test_ws/install/examples_rclpy_pointcloud_publisher:/d2lros2/chap2/colcon_test_ws/install/examples_rclpy_minimal_subscriber:/d2lros2/chap2/colcon_test_ws/install/examples_rclpy_minimal_service:/d2lros2/chap2/colcon_test_ws/install/examples_rclpy_minimal_publisher:/d2lros2/chap2/colcon_test_ws/install/examples_rclpy_minimal_client:/d2lros2/chap2/colcon_test_ws/install/examples_rclpy_minimal_action_server:/d2lros2/chap2/colcon_test_ws/install/examples_rclpy_minimal_action_client:/d2lros2/chap2/colcon_test_ws/install/examples_rclpy_guard_conditions:/d2lros2/chap2/colcon_test_ws/install/examples_rclpy_executors:/opt/ros/humble /usr/bin/cmake --build /d2lros2/chap2/chapt2_ws/build/example_cpp -- -j16 -l16
[0.163s] Invoking command in '/d2lros2/chap2/chapt2_ws/build/example_cpp': CMAKE_PREFIX_PATH=${CMAKE_PREFIX_PATH}:/d2lros2/chap2/colcon_test_ws/install/launch_testing_examples:/d2lros2/chap2/colcon_test_ws/install/examples_rclpy_pointcloud_publisher:/d2lros2/chap2/colcon_test_ws/install/examples_rclpy_minimal_subscriber:/d2lros2/chap2/colcon_test_ws/install/examples_rclpy_minimal_service:/d2lros2/chap2/colcon_test_ws/install/examples_rclpy_minimal_publisher:/d2lros2/chap2/colcon_test_ws/install/examples_rclpy_minimal_client:/d2lros2/chap2/colcon_test_ws/install/examples_rclpy_minimal_action_server:/d2lros2/chap2/colcon_test_ws/install/examples_rclpy_minimal_action_client:/d2lros2/chap2/colcon_test_ws/install/examples_rclpy_guard_conditions:/d2lros2/chap2/colcon_test_ws/install/examples_rclpy_executors:/opt/ros/humble /usr/bin/cmake --install /d2lros2/chap2/chapt2_ws/build/example_cpp
[0.167s] -- Install configuration: ""
[0.167s] -- Up-to-date: /d2lros2/chap2/chapt2_ws/install/example_cpp/share/ament_index/resource_index/package_run_dependencies/example_cpp
[0.167s] -- Up-to-date: /d2lros2/chap2/chapt2_ws/install/example_cpp/share/ament_index/resource_index/parent_prefix_path/example_cpp
[0.167s] -- Up-to-date: /d2lros2/chap2/chapt2_ws/install/example_cpp/share/example_cpp/environment/ament_prefix_path.sh
[0.167s] -- Up-to-date: /d2lros2/chap2/chapt2_ws/install/example_cpp/share/example_cpp/environment/ament_prefix_path.dsv
[0.167s] -- Up-to-date: /d2lros2/chap2/chapt2_ws/install/example_cpp/share/example_cpp/environment/path.sh
[0.167s] -- Up-to-date: /d2lros2/chap2/chapt2_ws/install/example_cpp/share/example_cpp/environment/path.dsv
[0.167s] -- Up-to-date: /d2lros2/chap2/chapt2_ws/install/example_cpp/share/example_cpp/local_setup.bash
[0.167s] -- Up-to-date: /d2lros2/chap2/chapt2_ws/install/example_cpp/share/example_cpp/local_setup.sh
[0.167s] -- Up-to-date: /d2lros2/chap2/chapt2_ws/install/example_cpp/share/example_cpp/local_setup.zsh
[0.167s] -- Up-to-date: /d2lros2/chap2/chapt2_ws/install/example_cpp/share/example_cpp/local_setup.dsv
[0.167s] -- Installing: /d2lros2/chap2/chapt2_ws/install/example_cpp/share/example_cpp/package.dsv
[0.167s] -- Up-to-date: /d2lros2/chap2/chapt2_ws/install/example_cpp/share/ament_index/resource_index/packages/example_cpp
[0.167s] -- Up-to-date: /d2lros2/chap2/chapt2_ws/install/example_cpp/share/example_cpp/cmake/example_cppConfig.cmake
[0.167s] -- Up-to-date: /d2lros2/chap2/chapt2_ws/install/example_cpp/share/example_cpp/cmake/example_cppConfig-version.cmake
[0.167s] -- Up-to-date: /d2lros2/chap2/chapt2_ws/install/example_cpp/share/example_cpp/package.xml
[0.167s] -- Up-to-date: /d2lros2/chap2/chapt2_ws/install/example_cpp/lib/example_cpp/node_01
[0.168s] Invoked command in '/d2lros2/chap2/chapt2_ws/build/example_cpp' returned '0': CMAKE_PREFIX_PATH=${CMAKE_PREFIX_PATH}:/d2lros2/chap2/colcon_test_ws/install/launch_testing_examples:/d2lros2/chap2/colcon_test_ws/install/examples_rclpy_pointcloud_publisher:/d2lros2/chap2/colcon_test_ws/install/examples_rclpy_minimal_subscriber:/d2lros2/chap2/colcon_test_ws/install/examples_rclpy_minimal_service:/d2lros2/chap2/colcon_test_ws/install/examples_rclpy_minimal_publisher:/d2lros2/chap2/colcon_test_ws/install/examples_rclpy_minimal_client:/d2lros2/chap2/colcon_test_ws/install/examples_rclpy_minimal_action_server:/d2lros2/chap2/colcon_test_ws/install/examples_rclpy_minimal_action_client:/d2lros2/chap2/colcon_test_ws/install/examples_rclpy_guard_conditions:/d2lros2/chap2/colcon_test_ws/install/examples_rclpy_executors:/opt/ros/humble /usr/bin/cmake --install /d2lros2/chap2/chapt2_ws/build/example_cpp
