[35m[1mConsolidate compiler generated dependencies of target topic_publisher_01[0m
[ 50%] [32mBuilding CXX object CMakeFiles/topic_publisher_01.dir/src/topic_publisher_01.cpp.o[0m
[01m[K/d2lros2/chap3/chapt3_ws/src/example_topic_rclcpp/src/topic_publisher_01.cpp:3:34:[m[K [01;31m[Kerror: [m[Kexpected class-name before ‘[01m[Krclcpp[m[K’
    3 | class TopicPublisher01 : publish [01;31m[Krclcpp[m[K:Node {
      |                                  [01;31m[K^~~~~~[m[K
[01m[K/d2lros2/chap3/chapt3_ws/src/example_topic_rclcpp/src/topic_publisher_01.cpp:3:34:[m[K [01;31m[Kerror: [m[Kexpected ‘[01m[K{[m[K’ before ‘[01m[Krclcpp[m[K’
[01m[K/d2lros2/chap3/chapt3_ws/src/example_topic_rclcpp/src/topic_publisher_01.cpp:3:40:[m[K [01;31m[Kerror: [m[Kfound ‘[01m[K:[m[K’ in nested-name-specifier, expected ‘[01m[K::[m[K’
    3 | class TopicPublisher01 : publish rclcpp[01;31m[K:[m[KNode {
      |                                        [01;31m[K^[m[K
      |                                        [32m[K::[m[K
[01m[K/d2lros2/chap3/chapt3_ws/src/example_topic_rclcpp/src/topic_publisher_01.cpp:4:5:[m[K [01;31m[Kerror: [m[Kexpected primary-expression before ‘[01m[Kpublic[m[K’
    4 |     [01;31m[Kpublic[m[K:
      |     [01;31m[K^~~~~~[m[K
[01m[K/d2lros2/chap3/chapt3_ws/src/example_topic_rclcpp/src/topic_publisher_01.cpp:4:5:[m[K [01;31m[Kerror: [m[Kexpected ‘[01m[K}[m[K’ before ‘[01m[Kpublic[m[K’
[01m[K/d2lros2/chap3/chapt3_ws/src/example_topic_rclcpp/src/topic_publisher_01.cpp:3:46:[m[K [01;36m[Knote: [m[Kto match this ‘[01m[K{[m[K’
    3 | class TopicPublisher01 : publish rclcpp:Node [01;36m[K{[m[K
      |                                              [01;36m[K^[m[K
[01m[K/d2lros2/chap3/chapt3_ws/src/example_topic_rclcpp/src/topic_publisher_01.cpp:8:5:[m[K [01;31m[Kerror: [m[Kexpected unqualified-id before ‘[01m[Kprivate[m[K’
    8 |     [01;31m[Kprivate[m[K:
      |     [01;31m[K^~~~~~~[m[K
[01m[K/d2lros2/chap3/chapt3_ws/src/example_topic_rclcpp/src/topic_publisher_01.cpp:10:1:[m[K [01;31m[Kerror: [m[Kexpected declaration before ‘[01m[K}[m[K’ token
   10 | [01;31m[K}[m[K
      | [01;31m[K^[m[K
[01m[K/d2lros2/chap3/chapt3_ws/src/example_topic_rclcpp/src/topic_publisher_01.cpp:[m[K In function ‘[01m[Kint main(int, char**)[m[K’:
[01m[K/d2lros2/chap3/chapt3_ws/src/example_topic_rclcpp/src/topic_publisher_01.cpp:16:17:[m[K [01;31m[Kerror: [m[Kno matching function for call to ‘[01m[Kspin(std::shared_ptr<TopicPublisher01>&)[m[K’
   16 |     [01;31m[Krclcpp::spin(node)[m[K;
      |     [01;31m[K~~~~~~~~~~~~^~~~~~[m[K
In file included from [01m[K/opt/ros/humble/include/rclcpp/rclcpp/rclcpp.hpp:155[m[K,
                 from [01m[K/d2lros2/chap3/chapt3_ws/src/example_topic_rclcpp/src/topic_publisher_01.cpp:1[m[K:
[01m[K/opt/ros/humble/include/rclcpp/rclcpp/executors.hpp:45:1:[m[K [01;36m[Knote: [m[Kcandidate: ‘[01m[Kvoid rclcpp::spin(rclcpp::node_interfaces::NodeBaseInterface::SharedPtr)[m[K’
   45 | [01;36m[Kspin[m[K(rclcpp::node_interfaces::NodeBaseInterface::SharedPtr node_ptr);
      | [01;36m[K^~~~[m[K
[01m[K/opt/ros/humble/include/rclcpp/rclcpp/executors.hpp:45:60:[m[K [01;36m[Knote: [m[K  no known conversion for argument 1 from ‘[01m[Kshared_ptr<[01;32m[KTopicPublisher01[m[K>[m[K’ to ‘[01m[Kshared_ptr<[01;32m[Krclcpp::node_interfaces::NodeBaseInterface[m[K>[m[K’
   45 | in([01;36m[Krclcpp::node_interfaces::NodeBaseInterface::SharedPtr node_ptr[m[K);
      |    [01;36m[K~~~~~~~~~~~~~~~~~~~~~~~~~~~~~~~~~~~~~~~~~~~~~~~~~~~~~~^~~~~~~~[m[K

[01m[K/opt/ros/humble/include/rclcpp/rclcpp/executors.hpp:49:1:[m[K [01;36m[Knote: [m[Kcandidate: ‘[01m[Kvoid rclcpp::spin(rclcpp::Node::SharedPtr)[m[K’
   49 | [01;36m[Kspin[m[K(rclcpp::Node::SharedPtr node_ptr);
      | [01;36m[K^~~~[m[K
[01m[K/opt/ros/humble/include/rclcpp/rclcpp/executors.hpp:49:30:[m[K [01;36m[Knote: [m[K  no known conversion for argument 1 from ‘[01m[Kshared_ptr<[01;32m[KTopicPublisher01[m[K>[m[K’ to ‘[01m[Kshared_ptr<[01;32m[Krclcpp::Node[m[K>[m[K’
   49 | spin([01;36m[Krclcpp::Node::SharedPtr node_ptr[m[K);
      |      [01;36m[K~~~~~~~~~~~~~~~~~~~~~~~~^~~~~~~~[m[K
In file included from [01m[K/usr/include/c++/11/bits/shared_ptr_base.h:60[m[K,
                 from [01m[K/usr/include/c++/11/bits/shared_ptr.h:53[m[K,
                 from [01m[K/usr/include/c++/11/memory:77[m[K,
                 from [01m[K/opt/ros/humble/include/rclcpp/rclcpp/rclcpp.hpp:153[m[K,
                 from [01m[K/d2lros2/chap3/chapt3_ws/src/example_topic_rclcpp/src/topic_publisher_01.cpp:1[m[K:
/usr/include/c++/11/ext/aligned_buffer.h: In instantiation of ‘[01m[Kstruct __gnu_cxx::__aligned_buffer<TopicPublisher01>[m[K’:
[01m[K/usr/include/c++/11/bits/shared_ptr_base.h:506:35:[m[K   required from ‘[01m[Kclass std::_Sp_counted_ptr_inplace<TopicPublisher01, std::allocator<TopicPublisher01>, __gnu_cxx::_S_atomic>::_Impl[m[K’
[01m[K/usr/include/c++/11/bits/shared_ptr_base.h:567:13:[m[K   required from ‘[01m[Kclass std::_Sp_counted_ptr_inplace<TopicPublisher01, std::allocator<TopicPublisher01>, __gnu_cxx::_S_atomic>[m[K’
[01m[K/usr/include/c++/11/bits/shared_ptr_base.h:647:43:[m[K   required from ‘[01m[Kstd::__shared_count<_Lp>::__shared_count(_Tp*&, std::_Sp_alloc_shared_tag<_Alloc>, _Args&& ...) [with _Tp = TopicPublisher01; _Alloc = std::allocator<TopicPublisher01>; _Args = {const char (&)[19]}; __gnu_cxx::_Lock_policy _Lp = __gnu_cxx::_S_atomic][m[K’
[01m[K/usr/include/c++/11/bits/shared_ptr_base.h:1342:14:[m[K   required from ‘[01m[Kstd::__shared_ptr<_Tp, _Lp>::__shared_ptr(std::_Sp_alloc_shared_tag<_Tp>, _Args&& ...) [with _Alloc = std::allocator<TopicPublisher01>; _Args = {const char (&)[19]}; _Tp = TopicPublisher01; __gnu_cxx::_Lock_policy _Lp = __gnu_cxx::_S_atomic][m[K’
[01m[K/usr/include/c++/11/bits/shared_ptr.h:409:59:[m[K   required from ‘[01m[Kstd::shared_ptr<_Tp>::shared_ptr(std::_Sp_alloc_shared_tag<_Tp>, _Args&& ...) [with _Alloc = std::allocator<TopicPublisher01>; _Args = {const char (&)[19]}; _Tp = TopicPublisher01][m[K’
[01m[K/usr/include/c++/11/bits/shared_ptr.h:862:14:[m[K   required from ‘[01m[Kstd::shared_ptr<_Tp> std::allocate_shared(const _Alloc&, _Args&& ...) [with _Tp = TopicPublisher01; _Alloc = std::allocator<TopicPublisher01>; _Args = {const char (&)[19]}][m[K’
[01m[K/usr/include/c++/11/bits/shared_ptr.h:878:39:[m[K   required from ‘[01m[Kstd::shared_ptr<_Tp> std::make_shared(_Args&& ...) [with _Tp = TopicPublisher01; _Args = {const char (&)[19]}][m[K’
[01m[K/d2lros2/chap3/chapt3_ws/src/example_topic_rclcpp/src/topic_publisher_01.cpp:15:51:[m[K   required from here
[01m[K/usr/include/c++/11/ext/aligned_buffer.h:91:28:[m[K [01;31m[Kerror: [m[Kinvalid application of ‘[01m[Ksizeof[m[K’ to incomplete type ‘[01m[KTopicPublisher01[m[K’
   91 |     : std::aligned_storage<[01;31m[Ksizeof(_Tp)[m[K, __alignof__(_Tp)>
      |                            [01;31m[K^~~~~~~~~~~[m[K
[01m[K/usr/include/c++/11/ext/aligned_buffer.h:91:28:[m[K [01;31m[Kerror: [m[Kinvalid application of ‘[01m[Ksizeof[m[K’ to incomplete type ‘[01m[KTopicPublisher01[m[K’
gmake[2]: *** [CMakeFiles/topic_publisher_01.dir/build.make:76: CMakeFiles/topic_publisher_01.dir/src/topic_publisher_01.cpp.o] Error 1
gmake[1]: *** [CMakeFiles/Makefile2:137: CMakeFiles/topic_publisher_01.dir/all] Error 2
gmake: *** [Makefile:146: all] Error 2
